Archive member included because of file (symbol)

contiki-sky.a(rimeaddr.o)     obj_sky/contiki-sky-main.o (rimeaddr_copy)
contiki-sky.a(csma.o)         obj_sky/contiki-sky-main.o (csma_driver)
contiki-sky.a(contikimac.o)   obj_sky/contiki-sky-main.o (contikimac_driver)
contiki-sky.a(phase.o)        contiki-sky.a(contikimac.o) (phase_update)
contiki-sky.a(process.o)      obj_sky/contiki-sky-main.o (process_init)
contiki-sky.a(autostart.o)    obj_sky/contiki-sky-main.o (autostart_start)
contiki-sky.a(compower.o)     contiki-sky.a(contikimac.o) (compower_idle_activity)
contiki-sky.a(memb.o)         contiki-sky.a(csma.o) (memb_init)
contiki-sky.a(timer.o)        obj_sky/contiki-sky-main.o (timer_set)
contiki-sky.a(list.o)         contiki-sky.a(csma.o) (list_init)
contiki-sky.a(etimer.o)       obj_sky/contiki-sky-main.o (etimer_process)
contiki-sky.a(ctimer.o)       obj_sky/contiki-sky-main.o (ctimer_init)
contiki-sky.a(energest.o)     obj_sky/contiki-sky-main.o (energest_init)
contiki-sky.a(rtimer.o)       obj_sky/contiki-sky-main.o (rtimer_init)
contiki-sky.a(random.o)       obj_sky/contiki-sky-main.o (random_init)
contiki-sky.a(nbr-table.o)    contiki-sky.a(phase.o) (nbr_table_register)
contiki-sky.a(packetbuf.o)    contiki-sky.a(contikimac.o) (packetbuf_hdr_remove)
contiki-sky.a(queuebuf.o)     obj_sky/contiki-sky-main.o (queuebuf_init)
contiki-sky.a(sicslowpan.o)   obj_sky/contiki-sky-main.o (sicslowpan_driver)
contiki-sky.a(tcpip.o)        contiki-sky.a(sicslowpan.o) (tcpip_set_outputfunc)
contiki-sky.a(uip-ds6-route.o)
                              contiki-sky.a(tcpip.o) (uip_ds6_route_nexthop)
contiki-sky.a(uip-ds6-nbr.o)  contiki-sky.a(tcpip.o) (uip_ds6_nbr_add)
contiki-sky.a(uip-ds6.o)      contiki-sky.a(tcpip.o) (uip_ds6_is_addr_onlink)
contiki-sky.a(uip-nd6.o)      contiki-sky.a(tcpip.o) (uip_nd6_ns_output)
contiki-sky.a(uip6.o)         contiki-sky.a(sicslowpan.o) (uip_aligned_buf)
contiki-sky.a(rest.o)         rest-server-example.co (rest_init)
contiki-sky.a(contiki-sky-pla)
                              obj_sky/contiki-sky-main.o (init_platform)
contiki-sky.a(light-sensor.o)
                              rest-server-example.co (light_sensor)
contiki-sky.a(button-sensor.o)
                              contiki-sky.a(contiki-sky-pla) (button_sensor)
contiki-sky.a(ds2411.o)       obj_sky/contiki-sky-main.o (ds2411_init)
contiki-sky.a(xmem.o)         obj_sky/contiki-sky-main.o (xmem_init)
contiki-sky.a(node-id.o)      obj_sky/contiki-sky-main.o (node_id_restore)
contiki-sky.a(sensors.o)      contiki-sky.a(button-sensor.o) (sensors_changed)
contiki-sky.a(cc2420.o)       obj_sky/contiki-sky-main.o (cc2420_set_pan_addr)
contiki-sky.a(cc2420-arch.o)  contiki-sky.a(cc2420.o) (cc2420_arch_init)
contiki-sky.a(sky-sensors.o)  contiki-sky.a(light-sensor.o) (sky_sensors_status)
contiki-sky.a(uart1.o)        obj_sky/contiki-sky-main.o (uart1_active)
contiki-sky.a(uart1-putchar.o)
                              obj_sky/contiki-sky-main.o (putchar)
contiki-sky.a(msp430.o)       contiki-sky.a(uart1.o) (msp430_add_lpm_req)
contiki-sky.a(clock.o)        contiki-sky.a(timer.o) (clock_time)
contiki-sky.a(leds.o)         obj_sky/contiki-sky-main.o (leds_init)
contiki-sky.a(leds-arch.o)    contiki-sky.a(leds.o) (leds_arch_init)
contiki-sky.a(watchdog.o)     obj_sky/contiki-sky-main.o (watchdog_start)
contiki-sky.a(rtimer-arch.o)  contiki-sky.a(rtimer.o) (rtimer_arch_init)
contiki-sky.a(mac.o)          contiki-sky.a(csma.o) (mac_call_sent_callback)
contiki-sky.a(framer-802154.o)
                              contiki-sky.a(contikimac.o) (framer_802154)
contiki-sky.a(rpl.o)          contiki-sky.a(uip-ds6-nbr.o) (rpl_link_neighbor_callback)
contiki-sky.a(rpl-dag.o)      contiki-sky.a(rpl.o) (rpl_dag_init)
contiki-sky.a(rpl-icmp6.o)    contiki-sky.a(rpl.o) (dao_output_target)
contiki-sky.a(rpl-timers.o)   contiki-sky.a(rpl.o) (rpl_reset_periodic_timer)
contiki-sky.a(rpl-mrhof.o)    contiki-sky.a(rpl-dag.o) (rpl_mrhof)
contiki-sky.a(rpl-ext-header.)
                              contiki-sky.a(uip6.o) (rpl_verify_header)
contiki-sky.a(stimer.o)       contiki-sky.a(tcpip.o) (stimer_set)
contiki-sky.a(uip-icmp6.o)    contiki-sky.a(uip6.o) (uip_icmp6_echo_request_input)
contiki-sky.a(coap-server.o)  contiki-sky.a(rest.o) (coap_set_service_callback)
contiki-sky.a(rest-util.o)    contiki-sky.a(coap-server.o) (get_variable)
contiki-sky.a(buffer.o)       contiki-sky.a(coap-server.o) (delete_buffer)
contiki-sky.a(spi.o)          contiki-sky.a(xmem.o) (spi_init)
contiki-sky.a(frame802154.o)  contiki-sky.a(framer-802154.o) (frame802154_hdrlen)
contiki-sky.a(uip-udp-packet.)
                              contiki-sky.a(coap-server.o) (uip_udp_packet_send)
contiki-sky.a(coap-common.o)  contiki-sky.a(coap-server.o) (init_packet)
/usr/lib/gcc/msp430/4.5.3/mmpy-16/libgcc.a(_mulsi3.o)
                              contiki-sky.a(csma.o) (__mulsi3)
/usr/lib/gcc/msp430/4.5.3/mmpy-16/libgcc.a(_udivmodhi4.o)
[...]
Memory Configuration

Name             Origin             Length             Attributes
sfr              0x00000000         0x00000010
peripheral_8bit  0x00000010         0x000000f0
peripheral_16bit 0x00000100         0x00000100
infomem          0x00001000         0x00000100
infob            0x00001000         0x00000080
infoa            0x00001080         0x00000080
ram              0x00001100         0x00002800         xw
rom              0x00004000         0x0000bfe0         xr
vectors          0x0000ffe0         0x00000020
bsl              0x00000000         0x00000000
infoc            0x00000000         0x00000000
infod            0x00000000         0x00000000
far_rom          0x00000000         0x00000000
*default*        0x00000000         0xffffffff

Linker script and memory map

LOAD /usr/lib/gcc/msp430/4.5.3/mmpy-16/crt0ivtbl16.o
LOAD rest-server-example.co
LOAD obj_sky/contiki-sky-main.o
LOAD contiki-sky.a
LOAD /usr/lib/gcc/msp430/4.5.3/mmpy-16/libgcc.a
LOAD /usr/lib/gcc/msp430/4.5.3/../../../../msp430/lib/mmpy-16/libc.a
LOAD /usr/lib/gcc/msp430/4.5.3/mmpy-16/libgcc.a
LOAD /usr/lib/gcc/msp430/4.5.3/mmpy-16/libcrt0.a
                0x00000000                __IE1 = 0x0
                0x00000002                __IFG1 = 0x2
                0x00000004                __ME1 = 0x4
                0x00000001                __IE2 = 0x1
                0x00000003                __IFG2 = 0x3
                0x00000005                __ME2 = 0x5
                0x00000120                __WDTCTL = 0x120
                0x00000130                __MPY = 0x130
                0x00000132                __MPYS = 0x132
                0x00000134                __MAC = 0x134
                0x00000136                __MACS = 0x136
                0x00000138                __OP2 = 0x138
                0x0000013a                __RESLO = 0x13a
                0x0000013c                __RESHI = 0x13c
                0x0000013e                __SUMEXT = 0x13e
                0x00000020                __P1IN = 0x20
                0x00000021                __P1OUT = 0x21
                0x00000022                __P1DIR = 0x22
                0x00000023                __P1IFG = 0x23
                0x00000024                __P1IES = 0x24
                0x00000025                __P1IE = 0x25
                0x00000026                __P1SEL = 0x26
                0x00000028                __P2IN = 0x28
                0x00000029                __P2OUT = 0x29
                0x0000002a                __P2DIR = 0x2a
                0x0000002b                __P2IFG = 0x2b
                0x0000002c                __P2IES = 0x2c
                0x0000002d                __P2IE = 0x2d
                0x0000002e                __P2SEL = 0x2e
                0x00000018                __P3IN = 0x18
                0x00000019                __P3OUT = 0x19
                0x0000001a                __P3DIR = 0x1a
                0x0000001b                __P3SEL = 0x1b
                0x0000001c                __P4IN = 0x1c
                0x0000001d                __P4OUT = 0x1d
                0x0000001e                __P4DIR = 0x1e
                0x0000001f                __P4SEL = 0x1f
                0x00000030                __P5IN = 0x30
                0x00000031                __P5OUT = 0x31
                0x00000032                __P5DIR = 0x32
                0x00000033                __P5SEL = 0x33
                0x00000034                __P6IN = 0x34
                0x00000035                __P6OUT = 0x35
                0x00000036                __P6DIR = 0x36
                0x00000037                __P6SEL = 0x37
                0x00000070                __U0CTL = 0x70
                0x00000071                __U0TCTL = 0x71
                0x00000072                __U0RCTL = 0x72
                0x00000073                __U0MCTL = 0x73
                0x00000074                __U0BR0 = 0x74
                0x00000075                __U0BR1 = 0x75
                0x00000076                __U0RXBUF = 0x76
                0x00000077                __U0TXBUF = 0x77
                0x00000078                __U1CTL = 0x78
                0x00000079                __U1TCTL = 0x79
                0x0000007a                __U1RCTL = 0x7a
                0x0000007b                __U1MCTL = 0x7b
                0x0000007c                __U1BR0 = 0x7c
                0x0000007d                __U1BR1 = 0x7d
                0x0000007e                __U1RXBUF = 0x7e
                0x0000007f                __U1TXBUF = 0x7f
                0x00000050                __I2CIE = 0x50
                0x00000051                __I2CIFG = 0x51
                0x00000052                __I2CNDAT = 0x52
                0x00000071                __I2CTCTL = 0x71
                0x00000072                __I2CDCTL = 0x72
                0x00000073                __I2CPSC = 0x73
                0x00000074                __I2CSCLH = 0x74
                0x00000075                __I2CSCLL = 0x75
                0x00000076                __I2CDRB = 0x76
                0x00000076                __I2CDRW = 0x76
                0x00000118                __I2COA = 0x118
                0x0000011a                __I2CSA = 0x11a
                0x0000011c                __I2CIV = 0x11c
                0x0000012e                __TAIV = 0x12e
                0x00000160                __TACTL = 0x160
                0x00000162                __TACCTL0 = 0x162
                0x00000164                __TACCTL1 = 0x164
                0x00000166                __TACCTL2 = 0x166
                0x00000170                __TAR = 0x170
                0x00000172                __TACCR0 = 0x172
                0x00000174                __TACCR1 = 0x174
                0x00000176                __TACCR2 = 0x176
                0x0000011e                __TBIV = 0x11e
                0x00000180                __TBCTL = 0x180
                0x00000182                __TBCCTL0 = 0x182
                0x00000184                __TBCCTL1 = 0x184
                0x00000186                __TBCCTL2 = 0x186
                0x00000188                __TBCCTL3 = 0x188
                0x0000018a                __TBCCTL4 = 0x18a
                0x0000018c                __TBCCTL5 = 0x18c
                0x0000018e                __TBCCTL6 = 0x18e
                0x00000190                __TBR = 0x190
                0x00000192                __TBCCR0 = 0x192
                0x00000194                __TBCCR1 = 0x194
                0x00000196                __TBCCR2 = 0x196
                0x00000198                __TBCCR3 = 0x198
                0x0000019a                __TBCCR4 = 0x19a
                0x0000019c                __TBCCR5 = 0x19c
                0x0000019e                __TBCCR6 = 0x19e
                0x00000056                __DCOCTL = 0x56
                0x00000057                __BCSCTL1 = 0x57
                0x00000058                __BCSCTL2 = 0x58
                0x00000055                __SVSCTL = 0x55
                0x00000128                __FCTL1 = 0x128
                0x0000012a                __FCTL2 = 0x12a
                0x0000012c                __FCTL3 = 0x12c
                0x00000059                __CACTL1 = 0x59
                0x0000005a                __CACTL2 = 0x5a
                0x0000005b                __CAPD = 0x5b
                0x000001a0                __ADC12CTL0 = 0x1a0
                0x000001a2                __ADC12CTL1 = 0x1a2
                0x000001a4                __ADC12IFG = 0x1a4
                0x000001a6                __ADC12IE = 0x1a6
                0x000001a8                __ADC12IV = 0x1a8
                0x00000140                __ADC12MEM0 = 0x140
                0x00000142                __ADC12MEM1 = 0x142
                0x00000144                __ADC12MEM2 = 0x144
                0x00000146                __ADC12MEM3 = 0x146
                0x00000148                __ADC12MEM4 = 0x148
                0x0000014a                __ADC12MEM5 = 0x14a
                0x0000014c                __ADC12MEM6 = 0x14c
                0x0000014e                __ADC12MEM7 = 0x14e
                0x00000150                __ADC12MEM8 = 0x150
                0x00000152                __ADC12MEM9 = 0x152
                0x00000154                __ADC12MEM10 = 0x154
                0x00000156                __ADC12MEM11 = 0x156
                0x00000158                __ADC12MEM12 = 0x158
                0x0000015a                __ADC12MEM13 = 0x15a
                0x0000015c                __ADC12MEM14 = 0x15c
                0x0000015e                __ADC12MEM15 = 0x15e
                0x00000080                __ADC12MCTL0 = 0x80
                0x00000081                __ADC12MCTL1 = 0x81
                0x00000082                __ADC12MCTL2 = 0x82
                0x00000083                __ADC12MCTL3 = 0x83
                0x00000084                __ADC12MCTL4 = 0x84
                0x00000085                __ADC12MCTL5 = 0x85
                0x00000086                __ADC12MCTL6 = 0x86
                0x00000087                __ADC12MCTL7 = 0x87
                0x00000088                __ADC12MCTL8 = 0x88
                0x00000089                __ADC12MCTL9 = 0x89
                0x0000008a                __ADC12MCTL10 = 0x8a
                0x0000008b                __ADC12MCTL11 = 0x8b
                0x0000008c                __ADC12MCTL12 = 0x8c
                0x0000008d                __ADC12MCTL13 = 0x8d
                0x0000008e                __ADC12MCTL14 = 0x8e
                0x0000008f                __ADC12MCTL15 = 0x8f
                0x000001c0                __DAC12_0CTL = 0x1c0
                0x000001c2                __DAC12_1CTL = 0x1c2
                0x000001c8                __DAC12_0DAT = 0x1c8
                0x000001ca                __DAC12_1DAT = 0x1ca
                0x00000122                __DMACTL0 = 0x122
                0x00000124                __DMACTL1 = 0x124
                0x000001e0                __DMA0CTL = 0x1e0
                0x000001e8                __DMA1CTL = 0x1e8
                0x000001f0                __DMA2CTL = 0x1f0
                0x000001e2                __DMA0SA = 0x1e2
                0x000001e4                __DMA0DA = 0x1e4
                0x000001e6                __DMA0SZ = 0x1e6
                0x000001ea                __DMA1SA = 0x1ea
                0x000001ec                __DMA1DA = 0x1ec
                0x000001ee                __DMA1SZ = 0x1ee
                0x000001f2                __DMA2SA = 0x1f2
                0x000001f4                __DMA2DA = 0x1f4
                0x000001f6                __DMA2SZ = 0x1f6

.hash
 *(.hash)

.dynsym
 *(.dynsym)

.dynstr
 *(.dynstr)

.gnu.version
 *(.gnu.version)

.gnu.version_d
 *(.gnu.version_d)

.gnu.version_r
 *(.gnu.version_r)

.rel.init
 *(.rel.init)

.rela.init
 *(.rela.init)

.rel.text
 *(.rel.text)
 *(.rel.text.*)
 *(.rel.gnu.linkonce.t*)

.rela.text
 *(.rela.text)
 *(.rela.text.*)
 *(.rela.gnu.linkonce.t*)

.rel.fini
 *(.rel.fini)

.rela.fini
 *(.rela.fini)

.rel.rodata
 *(.rel.rodata)
 *(.rel.rodata.*)
 *(.rel.gnu.linkonce.r*)

.rela.rodata
 *(.rela.rodata)
 *(.rela.rodata.*)
 *(.rela.gnu.linkonce.r*)

.rel.data
 *(.rel.data)
 *(.rel.data.*)
 *(.rel.gnu.linkonce.d*)

.rela.data
 *(.rela.data)
 *(.rela.data.*)
 *(.rela.gnu.linkonce.d*)

.rel.ctors
 *(.rel.ctors)

.rela.ctors
 *(.rela.ctors)

.rel.dtors
 *(.rel.dtors)

.rela.dtors
 *(.rela.dtors)

.rel.got
 *(.rel.got)

.rela.got
 *(.rela.got)

.rel.bss
 *(.rel.bss)

.rela.bss
 *(.rela.bss)

.rel.plt
 *(.rel.plt)

.rela.plt
 *(.rela.plt)

.text           0x00004000     0xb9de
                0x00004000                . = ALIGN (0x2)
 *(.init)
 *(.init0)
 .init0         0x00004000        0x0 /usr/lib/gcc/msp430/4.5.3/mmpy-16/libcrt0.a(_reset_vector__.o)
                0x00004000                _reset_vector__
 *(.init1)
 *(.init2)
 .init2         0x00004000        0x4 /usr/lib/gcc/msp430/4.5.3/mmpy-16/libcrt0.a(__init_stack.o)
                0x00004000                __init_stack
 *(.init3)
 .init3         0x00004004        0xa /usr/lib/gcc/msp430/4.5.3/mmpy-16/libcrt0.a(__low_level_init.o)
                0x00004004                __low_level_init
 *(.init4)
 .init4         0x0000400e       0x16 /usr/lib/gcc/msp430/4.5.3/mmpy-16/libcrt0.a(_copy_data.o)
                0x0000400e                __do_copy_data
 .init4         0x00004024       0x14 /usr/lib/gcc/msp430/4.5.3/mmpy-16/libcrt0.a(_clear_bss.o)
                0x00004024                __do_clear_bss
 *(.init5)
 *(.init6)
 *(.init7)
 *(.init8)
 *(.init9)
 .init9         0x00004038      0x364 obj_sky/contiki-sky-main.o
                0x00004038                main
 *(.fini9)
 .fini9         0x0000439c        0x0 /usr/lib/gcc/msp430/4.5.3/mmpy-16/libcrt0.a(__stop_progExec__.o)
                0x0000439c                __stop_progExec__
 *(.fini8)
 *(.fini7)
 *(.fini6)
 *(.fini5)
 *(.fini4)
 *(.fini3)
 *(.fini2)
 *(.fini1)
 *(.fini0)
 .fini0         0x0000439c        0x6 /usr/lib/gcc/msp430/4.5.3/mmpy-16/libcrt0.a(_endless_loop__.o)
                0x0000439c                _endless_loop__
 *(.fini)
                0x000043a2                . = ALIGN (0x2)
                0x000043a2                __ctors_start = .
 *(.ctors)
                0x000043a2                __ctors_end = .
                0x000043a2                __dtors_start = .
 *(.dtors)
                0x000043a2                __dtors_end = .
                0x000043a2                . = ALIGN (0x2)
 *(.text)
 .text          0x000043a2        0x4 /usr/lib/gcc/msp430/4.5.3/mmpy-16/crt0ivtbl16.o
                0x000043a2                __isr_14
                0x000043a2                __isr_11
                0x000043a2                __isr_2
                0x000043a2                __isr_7
                0x000043a2                __isr_0
                0x000043a2                __isr_8
                0x000043a2                __isr_3
                0x000043a2                __isr_12
                0x000043a2                __isr_13
                0x000043a2                __isr_9
 .text          0x000043a6       0xfe rest-server-example.co
                0x000044a0                autostart_processes
 .text          0x000044a4      0x12a obj_sky/contiki-sky-main.o
 .text          0x000045ce        0x8 contiki-sky.a(rimeaddr.o)
                0x000045ce                rimeaddr_null
 .text          0x000045d6       0x14 contiki-sky.a(csma.o)
                0x000045dc                csma_driver
 .text          0x000045ea       0x1c contiki-sky.a(contikimac.o)
                0x000045f6                contikimac_driver
 .text          0x00004606        0xc contiki-sky.a(etimer.o)
 .text          0x00004612        0xf contiki-sky.a(ctimer.o)
 *fill*         0x00004621        0x1 00
 .text          0x00004622       0x24 contiki-sky.a(sicslowpan.o)
                0x00004622                unc_llconf
                0x00004626                unc_ctxconf
                0x0000462a                unc_mxconf
                0x0000462e                llprefix
                0x0000463c                sicslowpan_driver
 .text          0x00004646        0xd contiki-sky.a(tcpip.o)
 *fill*         0x00004653        0x1 00
 .text          0x00004654       0x20 contiki-sky.a(uip6.o)
 .text          0x00004674       0x1e contiki-sky.a(rest.o)
 .text          0x00004692        0xe contiki-sky.a(light-sensor.o)
                0x00004698                light_sensor
 .text          0x000046a0       0x10 contiki-sky.a(button-sensor.o)
                0x000046a8                button_sensor
 .text          0x000046b0        0x8 contiki-sky.a(sensors.o)
 .text          0x000046b8       0x22 contiki-sky.a(cc2420.o)
                0x000046c6                cc2420_driver
 .text          0x000046da        0x4 contiki-sky.a(framer-802154.o)
                0x000046da                framer_802154
 .text          0x000046de        0xc contiki-sky.a(coap-server.o)
 .text          0x000046ea        0x2 contiki-sky.a(frame802154.o)
 .text          0x000046ec       0x12 /usr/lib/gcc/msp430/4.5.3/../../../../msp430/lib/mmpy-16/libc.a(strchr.o)
                0x000046ec                strchr
 .text          0x000046fe       0x1c /usr/lib/gcc/msp430/4.5.3/../../../../msp430/lib/mmpy-16/libc.a(memchr.o)
                0x000046fe                memchr
 .text          0x0000471a       0x20 /usr/lib/gcc/msp430/4.5.3/../../../../msp430/lib/mmpy-16/libc.a(strcmp.o)
                0x0000471a                strcmp
 .text          0x0000473a       0x30 /usr/lib/gcc/msp430/4.5.3/../../../../msp430/lib/mmpy-16/libc.a(strncmp.o)
                0x0000473a                strncmp
 .text          0x0000476a       0x34 /usr/lib/gcc/msp430/4.5.3/../../../../msp430/lib/mmpy-16/libc.a(memcmp.o)
                0x0000476a                memcmp
 .text          0x0000479e       0x14 /usr/lib/gcc/msp430/4.5.3/../../../../msp430/lib/mmpy-16/libc.a(strcpy.o)
                0x0000479e                strcpy
 .text          0x000047b2      0x104 /usr/lib/gcc/msp430/4.5.3/../../../../msp430/lib/mmpy-16/libc.a(memcpy.o)
                0x000047b2                memcpy
 .text          0x000048b6      0x104 /usr/lib/gcc/msp430/4.5.3/../../../../msp430/lib/mmpy-16/libc.a(memmove.o)
                0x000048b6                memmove
 .text          0x000049ba       0x66 /usr/lib/gcc/msp430/4.5.3/../../../../msp430/lib/mmpy-16/libc.a(memset.o)
                0x000049ba                memset
 .text          0x00004a20      0x10c /usr/lib/gcc/msp430/4.5.3/../../../../msp430/lib/mmpy-16/libc.a(malloc.o)
                0x00004a20                malloc
                0x00004b24                free
 .text          0x00004b2c       0x20 /usr/lib/gcc/msp430/4.5.3/../../../../msp430/lib/mmpy-16/libc.a(printf.o)
                0x00004b2c                printf
                0x00004b3e                vprintf
 .text          0x00004b4c       0xbc /usr/lib/gcc/msp430/4.5.3/../../../../msp430/lib/mmpy-16/libc.a(sprintf.o)
                0x00004baa                sprintf
                0x00004bc6                snprintf
                0x00004be0                vsprintf
                0x00004bf6                vsnprintf
 .text          0x00004c08      0x476 /usr/lib/gcc/msp430/4.5.3/../../../../msp430/lib/mmpy-16/libc.a(vuprintf.o)
                0x00004d14                vuprintf
 .text          0x0000507e       0x2c /usr/lib/gcc/msp430/4.5.3/../../../../msp430/lib/mmpy-16/libc.a(puts.o)
                0x0000507e                puts
 .text          0x000050aa      0x134 /usr/lib/gcc/msp430/4.5.3/../../../../msp430/lib/mmpy-16/libc.a(rand.o)
                0x000050aa                rand_r
                0x0000513e                rand
                0x000051d4                srand
                0x000051de                . = ALIGN (0x2)
 *(.text.*)
 .text.process_thread_rest_server_example
                0x000051de       0x54 rest-server-example.co
 .text.toggle_handler
                0x00005232        0x8 rest-server-example.co
                0x00005232                toggle_handler
 .text.led_handler
                0x0000523a       0xec rest-server-example.co
                0x0000523a                led_handler
 .text.discover_handler
                0x00005326       0x8c rest-server-example.co
                0x00005326                discover_handler
 .text.helloworld_handler
                0x000053b2       0x36 rest-server-example.co
                0x000053b2                helloworld_handler
 .text.getwaterdata_handler
                0x000053e8       0x36 rest-server-example.co
                0x000053e8                getwaterdata_handler
 .text.read_light_sensor
                0x0000541e       0x26 rest-server-example.co
                0x0000541e                read_light_sensor
 .text.light_handler
                0x00005444       0x66 rest-server-example.co
                0x00005444                light_handler
 .text.rimeaddr_copy
                0x000054aa        0x8 contiki-sky.a(rimeaddr.o)
                0x000054aa                rimeaddr_copy
 .text.rimeaddr_cmp
                0x000054b2       0x12 contiki-sky.a(rimeaddr.o)
                0x000054b2                rimeaddr_cmp
 .text.rimeaddr_set_node_addr
                0x000054c4        0xc contiki-sky.a(rimeaddr.o)
                0x000054c4                rimeaddr_set_node_addr
 .text.input_packet
                0x000054d0        0x6 contiki-sky.a(csma.o)
 .text.on       0x000054d6        0x6 contiki-sky.a(csma.o)
 .text.off      0x000054dc        0x6 contiki-sky.a(csma.o)
 .text.channel_check_interval
                0x000054e2        0xc contiki-sky.a(csma.o)
 .text.transmit_packet_list
                0x000054ee       0x24 contiki-sky.a(csma.o)
 .text.send_packet
                0x00005512      0x166 contiki-sky.a(csma.o)
 .text.free_packet
                0x00005678       0x94 contiki-sky.a(csma.o)
 .text.packet_sent
                0x0000570c      0x130 contiki-sky.a(csma.o)
 .text.init     0x0000583c       0x1a contiki-sky.a(csma.o)
 .text.on       0x00005856       0x16 contiki-sky.a(contikimac.o)
 .text.off      0x0000586c       0x1e contiki-sky.a(contikimac.o)
 .text.recv_burst_off
                0x0000588a        0xa contiki-sky.a(contikimac.o)
 .text.turn_off
                0x00005894       0x20 contiki-sky.a(contikimac.o)
 .text.duty_cycle
                0x000058b4        0x6 contiki-sky.a(contikimac.o)
 .text.turn_on  0x000058ba       0x30 contiki-sky.a(contikimac.o)
 .text.schedule_powercycle_fixed
                0x000058ea       0x40 contiki-sky.a(contikimac.o)
 .text.powercycle_turn_radio_off
                0x0000592a       0x2c contiki-sky.a(contikimac.o)
 .text.powercycle
                0x00005956      0x1c0 contiki-sky.a(contikimac.o)
 .text.input_packet
                0x00005b16      0x108 contiki-sky.a(contikimac.o)
 .text.send_packet
                0x00005c1e      0x2ba contiki-sky.a(contikimac.o)
 .text.qsend_list
                0x00005ed8       0x86 contiki-sky.a(contikimac.o)
 .text.qsend_packet
                0x00005f5e       0x28 contiki-sky.a(contikimac.o)
 .text.init     0x00005f86       0x2e contiki-sky.a(contikimac.o)
 .text.send_packet
                0x00005fb4       0x44 contiki-sky.a(phase.o)
 .text.phase_update
                0x00005ff8       0x90 contiki-sky.a(phase.o)
                0x00005ff8                phase_update
 .text.phase_wait
                0x00006088      0x112 contiki-sky.a(phase.o)
                0x00006088                phase_wait
 .text.phase_init
                0x0000619a       0x14 contiki-sky.a(phase.o)
                0x0000619a                phase_init
 .text.call_process
                0x000061ae       0x4c contiki-sky.a(process.o)
 .text.exit_process
                0x000061fa       0x94 contiki-sky.a(process.o)
 .text.do_poll  0x0000628e       0x30 contiki-sky.a(process.o)
 .text.process_alloc_event
                0x000062be        0xe contiki-sky.a(process.o)
                0x000062be                process_alloc_event
 .text.process_init
                0x000062cc       0x1c contiki-sky.a(process.o)
                0x000062cc                process_init
 .text.process_run
                0x000062e8       0x9c contiki-sky.a(process.o)
                0x000062e8                process_run
 .text.process_nevents
                0x00006384        0xc contiki-sky.a(process.o)
                0x00006384                process_nevents
 .text.process_post
                0x00006390       0x54 contiki-sky.a(process.o)
                0x00006390                process_post
 .text.process_post_synch
                0x000063e4       0x12 contiki-sky.a(process.o)
                0x000063e4                process_post_synch
 .text.process_start
                0x000063f6       0x32 contiki-sky.a(process.o)
                0x000063f6                process_start
 .text.process_poll
                0x00006428       0x1a contiki-sky.a(process.o)
                0x00006428                process_poll
 .text.autostart_start
                0x00006442       0x18 contiki-sky.a(autostart.o)
                0x00006442                autostart_start
 .text.compower_accumulate
                0x0000645a       0x72 contiki-sky.a(compower.o)
                0x0000645a                compower_accumulate
 .text.compower_clear
                0x000064cc       0x12 contiki-sky.a(compower.o)
                0x000064cc                compower_clear
 .text.compower_attrconv
                0x000064de       0x10 contiki-sky.a(compower.o)
                0x000064de                compower_attrconv
 .text.memb_init
                0x000064ee       0x36 contiki-sky.a(memb.o)
                0x000064ee                memb_init
 .text.memb_alloc
                0x00006524       0x3e contiki-sky.a(memb.o)
                0x00006524                memb_alloc
 .text.memb_free
                0x00006562       0x3a contiki-sky.a(memb.o)
                0x00006562                memb_free
 .text.memb_inmemb
                0x0000659c       0x2e contiki-sky.a(memb.o)
                0x0000659c                memb_inmemb
 .text.timer_set
                0x000065ca       0x1c contiki-sky.a(timer.o)
                0x000065ca                timer_set
 .text.timer_reset
                0x000065e6        0xe contiki-sky.a(timer.o)
                0x000065e6                timer_reset
 .text.timer_restart
                0x000065f4       0x14 contiki-sky.a(timer.o)
                0x000065f4                timer_restart
 .text.timer_expired
                0x00006608       0x2e contiki-sky.a(timer.o)
                0x00006608                timer_expired
 .text.list_init
                0x00006636        0x6 contiki-sky.a(list.o)
                0x00006636                list_init
 .text.list_head
                0x0000663c        0x4 contiki-sky.a(list.o)
                0x0000663c                list_head
 .text.list_tail
                0x00006640       0x14 contiki-sky.a(list.o)
                0x00006640                list_tail
 .text.list_remove
                0x00006654       0x2e contiki-sky.a(list.o)
                0x00006654                list_remove
 .text.list_push
                0x00006682       0x1a contiki-sky.a(list.o)
                0x00006682                list_push
 .text.list_add
                0x0000669c       0x2a contiki-sky.a(list.o)
                0x0000669c                list_add
 .text.list_length
                0x000066c6       0x10 contiki-sky.a(list.o)
                0x000066c6                list_length
 .text.list_item_next
                0x000066d6        0x8 contiki-sky.a(list.o)
                0x000066d6                list_item_next
 .text.update_time
                0x000066de       0x78 contiki-sky.a(etimer.o)
 .text.etimer_request_poll
                0x00006756        0xa contiki-sky.a(etimer.o)
                0x00006756                etimer_request_poll
 .text.process_thread_etimer_process
                0x00006760       0xce contiki-sky.a(etimer.o)
 .text.add_timer
                0x0000682e       0x40 contiki-sky.a(etimer.o)
 .text.etimer_set
                0x0000686e       0x12 contiki-sky.a(etimer.o)
                0x0000686e                etimer_set
 .text.etimer_reset
                0x00006880       0x12 contiki-sky.a(etimer.o)
                0x00006880                etimer_reset
 .text.etimer_restart
                0x00006892       0x12 contiki-sky.a(etimer.o)
                0x00006892                etimer_restart
 .text.etimer_expired
                0x000068a4        0xe contiki-sky.a(etimer.o)
                0x000068a4                etimer_expired
 .text.etimer_expiration_time
                0x000068b2       0x14 contiki-sky.a(etimer.o)
                0x000068b2                etimer_expiration_time
 .text.etimer_pending
                0x000068c6        0xe contiki-sky.a(etimer.o)
                0x000068c6                etimer_pending
 .text.etimer_next_expiration_time
                0x000068d4       0x16 contiki-sky.a(etimer.o)
                0x000068d4                etimer_next_expiration_time
 .text.etimer_stop
                0x000068ea       0x3c contiki-sky.a(etimer.o)
                0x000068ea                etimer_stop
 .text.process_thread_ctimer_process
                0x00006926       0xa4 contiki-sky.a(ctimer.o)
 .text.ctimer_init
                0x000069ca       0x18 contiki-sky.a(ctimer.o)
                0x000069ca                ctimer_init
 .text.ctimer_set
                0x000069e2       0x5a contiki-sky.a(ctimer.o)
                0x000069e2                ctimer_set
 .text.ctimer_reset
                0x00006a3c       0x3a contiki-sky.a(ctimer.o)
                0x00006a3c                ctimer_reset
 .text.ctimer_stop
                0x00006a76       0x28 contiki-sky.a(ctimer.o)
                0x00006a76                ctimer_stop
 .text.energest_init
                0x00006a9e       0x2a contiki-sky.a(energest.o)
                0x00006a9e                energest_init
 .text.energest_type_time
                0x00006ac8       0x44 contiki-sky.a(energest.o)
                0x00006ac8                energest_type_time
 .text.energest_type_set
                0x00006b0c        0xe contiki-sky.a(energest.o)
                0x00006b0c                energest_type_set
 .text.energest_flush
                0x00006b1a       0x4a contiki-sky.a(energest.o)
                0x00006b1a                energest_flush
 .text.rtimer_init
                0x00006b64        0x6 contiki-sky.a(rtimer.o)
                0x00006b64                rtimer_init
 .text.rtimer_set
                0x00006b6a       0x24 contiki-sky.a(rtimer.o)
                0x00006b6a                rtimer_set
 .text.rtimer_run_next
                0x00006b8e       0x26 contiki-sky.a(rtimer.o)
                0x00006b8e                rtimer_run_next
 .text.random_init
                0x00006bb4        0x6 contiki-sky.a(random.o)
                0x00006bb4                random_init
 .text.random_rand
                0x00006bba        0x6 contiki-sky.a(random.o)
                0x00006bba                random_rand
 .text.index_from_key
                0x00006bc0       0xb4 contiki-sky.a(nbr-table.o)
 .text.item_from_key
                0x00006c74       0x38 contiki-sky.a(nbr-table.o)
 .text.key_from_item
                0x00006cac       0x3a contiki-sky.a(nbr-table.o)
 .text.nbr_set_bit
                0x00006ce6       0x6e contiki-sky.a(nbr-table.o)
 .text.index_from_lladdr
                0x00006d54       0x42 contiki-sky.a(nbr-table.o)
 .text.nbr_get_bit.clone.0
                0x00006d96       0x40 contiki-sky.a(nbr-table.o)
 .text.nbr_table_register
                0x00006dd6       0x26 contiki-sky.a(nbr-table.o)
                0x00006dd6                nbr_table_register
 .text.nbr_table_next
                0x00006dfc       0x36 contiki-sky.a(nbr-table.o)
                0x00006dfc                nbr_table_next
 .text.nbr_table_head
                0x00006e32       0x36 contiki-sky.a(nbr-table.o)
                0x00006e32                nbr_table_head
 .text.nbr_table_add_lladdr
                0x00006e68      0x13e contiki-sky.a(nbr-table.o)
                0x00006e68                nbr_table_add_lladdr
 .text.nbr_table_get_from_lladdr
                0x00006fa6       0x4c contiki-sky.a(nbr-table.o)
                0x00006fa6                nbr_table_get_from_lladdr
 .text.nbr_table_remove
                0x00006ff2       0x32 contiki-sky.a(nbr-table.o)
                0x00006ff2                nbr_table_remove
 .text.nbr_table_lock
                0x00007024       0x10 contiki-sky.a(nbr-table.o)
                0x00007024                nbr_table_lock
 .text.nbr_table_unlock
                0x00007034       0x10 contiki-sky.a(nbr-table.o)
                0x00007034                nbr_table_unlock
 .text.nbr_table_get_lladdr
                0x00007044        0xc contiki-sky.a(nbr-table.o)
                0x00007044                nbr_table_get_lladdr
 .text.packetbuf_copyto_hdr
                0x00007050       0x1c contiki-sky.a(packetbuf.o)
                0x00007050                packetbuf_copyto_hdr
 .text.packetbuf_copyto
                0x0000706c       0x52 contiki-sky.a(packetbuf.o)
                0x0000706c                packetbuf_copyto
 .text.packetbuf_hdr_remove
                0x000070be        0x6 contiki-sky.a(packetbuf.o)
                0x000070be                packetbuf_hdr_remove
 .text.packetbuf_hdrreduce
                0x000070c4       0x1a contiki-sky.a(packetbuf.o)
                0x000070c4                packetbuf_hdrreduce
 .text.packetbuf_set_datalen
                0x000070de        0x6 contiki-sky.a(packetbuf.o)
                0x000070de                packetbuf_set_datalen
 .text.packetbuf_dataptr
                0x000070e4        0xa contiki-sky.a(packetbuf.o)
                0x000070e4                packetbuf_dataptr
 .text.packetbuf_hdrptr
                0x000070ee        0xa contiki-sky.a(packetbuf.o)
                0x000070ee                packetbuf_hdrptr
 .text.packetbuf_is_reference
                0x000070f8        0xe contiki-sky.a(packetbuf.o)
                0x000070f8                packetbuf_is_reference
 .text.packetbuf_compact
                0x00007106       0x48 contiki-sky.a(packetbuf.o)
                0x00007106                packetbuf_compact
 .text.packetbuf_reference_ptr
                0x0000714e        0x6 contiki-sky.a(packetbuf.o)
                0x0000714e                packetbuf_reference_ptr
 .text.packetbuf_datalen
                0x00007154        0x6 contiki-sky.a(packetbuf.o)
                0x00007154                packetbuf_datalen
 .text.packetbuf_totlen
                0x0000715a       0x10 contiki-sky.a(packetbuf.o)
                0x0000715a                packetbuf_totlen
 .text.packetbuf_hdralloc
                0x0000716a       0x2e contiki-sky.a(packetbuf.o)
                0x0000716a                packetbuf_hdralloc
 .text.packetbuf_attr_clear
                0x00007198       0x32 contiki-sky.a(packetbuf.o)
                0x00007198                packetbuf_attr_clear
 .text.packetbuf_clear
                0x000071ca       0x20 contiki-sky.a(packetbuf.o)
                0x000071ca                packetbuf_clear
 .text.packetbuf_copyfrom
                0x000071ea       0x2e contiki-sky.a(packetbuf.o)
                0x000071ea                packetbuf_copyfrom
 .text.packetbuf_attr_copyto
                0x00007218       0x22 contiki-sky.a(packetbuf.o)
                0x00007218                packetbuf_attr_copyto
 .text.packetbuf_attr_copyfrom
                0x0000723a       0x24 contiki-sky.a(packetbuf.o)
                0x0000723a                packetbuf_attr_copyfrom
 .text.queuebuf_init
                0x0000725e       0x1a contiki-sky.a(queuebuf.o)
                0x0000725e                queuebuf_init
 .text.queuebuf_new_from_packetbuf
                0x00007278       0x80 contiki-sky.a(queuebuf.o)
                0x00007278                queuebuf_new_from_packetbuf
 .text.queuebuf_update_attr_from_packetbuf
                0x000072f8       0x12 contiki-sky.a(queuebuf.o)
                0x000072f8                queuebuf_update_attr_from_packetbuf
 .text.queuebuf_free
                0x0000730a       0x46 contiki-sky.a(queuebuf.o)
                0x0000730a                queuebuf_free
 .text.queuebuf_to_packetbuf
                0x00007350       0x70 contiki-sky.a(queuebuf.o)
                0x00007350                queuebuf_to_packetbuf
 .text.queuebuf_attr
                0x000073c0        0xe contiki-sky.a(queuebuf.o)
                0x000073c0                queuebuf_attr
 .text.set_packet_attrs
                0x000073ce       0x44 contiki-sky.a(sicslowpan.o)
 .text.addr_context_lookup_by_number
                0x00007412       0x36 contiki-sky.a(sicslowpan.o)
 .text.compress_addr_64
                0x00007448       0x92 contiki-sky.a(sicslowpan.o)
 .text.uncompress_addr
                0x000074da       0xae contiki-sky.a(sicslowpan.o)
 .text.input    0x00007588      0x646 contiki-sky.a(sicslowpan.o)
 .text.sicslowpan_init
                0x00007bce       0x26 contiki-sky.a(sicslowpan.o)
                0x00007bce                sicslowpan_init
 .text.addr_context_lookup_by_prefix
                0x00007bf4       0x4c contiki-sky.a(sicslowpan.o)
 .text.send_packet
                0x00007c40       0x1a contiki-sky.a(sicslowpan.o)
 .text.output   0x00007c5a      0x6ea contiki-sky.a(sicslowpan.o)
 .text.packet_sent
                0x00008344       0x22 contiki-sky.a(sicslowpan.o)
 .text.start_periodic_tcp_timer
                0x00008366       0x16 contiki-sky.a(tcpip.o)
 .text.tcpip_output
                0x0000837c       0x10 contiki-sky.a(tcpip.o)
                0x0000837c                tcpip_output
 .text.tcpip_set_outputfunc
                0x0000838c        0x6 contiki-sky.a(tcpip.o)
                0x0000838c                tcpip_set_outputfunc
 .text.udp_new  0x00008392       0x1a contiki-sky.a(tcpip.o)
                0x00008392                udp_new
 .text.tcpip_input
                0x000083ac       0x16 contiki-sky.a(tcpip.o)
                0x000083ac                tcpip_input
 .text.tcpip_ipv6_output
                0x000083c2      0x166 contiki-sky.a(tcpip.o)
                0x000083c2                tcpip_ipv6_output
 .text.process_thread_tcpip_process
                0x00008528      0x1d8 contiki-sky.a(tcpip.o)
 .text.tcpip_uipcall
                0x00008700       0x7c contiki-sky.a(tcpip.o)
                0x00008700                tcpip_uipcall
 .text.call_route_callback
                0x0000877c       0x54 contiki-sky.a(uip-ds6-route.o)
 .text.uip_ds6_route_init
                0x000087d0       0x2e contiki-sky.a(uip-ds6-route.o)
                0x000087d0                uip_ds6_route_init
 .text.uip_ds6_route_nexthop
                0x000087fe       0x16 contiki-sky.a(uip-ds6-route.o)
                0x000087fe                uip_ds6_route_nexthop
 .text.uip_ds6_route_head
                0x00008814       0x26 contiki-sky.a(uip-ds6-route.o)
                0x00008814                uip_ds6_route_head
 .text.uip_ds6_route_next
                0x0000883a       0x3a contiki-sky.a(uip-ds6-route.o)
                0x0000883a                uip_ds6_route_next
 .text.uip_ds6_route_lookup
                0x00008874       0x5a contiki-sky.a(uip-ds6-route.o)
                0x00008874                uip_ds6_route_lookup
 .text.uip_ds6_route_add
                0x000088ce       0xba contiki-sky.a(uip-ds6-route.o)
                0x000088ce                uip_ds6_route_add
 .text.uip_ds6_route_rm
                0x00008988       0x60 contiki-sky.a(uip-ds6-route.o)
                0x00008988                uip_ds6_route_rm
 .text.rm_routelist
                0x000089e8       0x30 contiki-sky.a(uip-ds6-route.o)
 .text.rm_routelist_callback
                0x00008a18        0x6 contiki-sky.a(uip-ds6-route.o)
 .text.uip_ds6_defrt_rm
                0x00008a1e       0x48 contiki-sky.a(uip-ds6-route.o)
                0x00008a1e                uip_ds6_defrt_rm
 .text.uip_ds6_defrt_lookup
                0x00008a66       0x36 contiki-sky.a(uip-ds6-route.o)
                0x00008a66                uip_ds6_defrt_lookup
 .text.uip_ds6_defrt_add
                0x00008a9c       0x74 contiki-sky.a(uip-ds6-route.o)
                0x00008a9c                uip_ds6_defrt_add
 .text.uip_ds6_defrt_choose
                0x00008b10       0x3a contiki-sky.a(uip-ds6-route.o)
                0x00008b10                uip_ds6_defrt_choose
 .text.uip_ds6_defrt_periodic
                0x00008b4a       0x38 contiki-sky.a(uip-ds6-route.o)
                0x00008b4a                uip_ds6_defrt_periodic
 .text.uip_ds6_nbr_rm
                0x00008b82       0x1a contiki-sky.a(uip-ds6-nbr.o)
                0x00008b82                uip_ds6_nbr_rm
 .text.uip_ds6_neighbors_init
                0x00008b9c        0xe contiki-sky.a(uip-ds6-nbr.o)
                0x00008b9c                uip_ds6_neighbors_init
 .text.uip_ds6_nbr_add
                0x00008baa       0x60 contiki-sky.a(uip-ds6-nbr.o)
                0x00008baa                uip_ds6_nbr_add
 .text.uip_ds6_nbr_get_ll
                0x00008c0a        0xc contiki-sky.a(uip-ds6-nbr.o)
                0x00008c0a                uip_ds6_nbr_get_ll
 .text.uip_ds6_nbr_lookup
                0x00008c16       0x40 contiki-sky.a(uip-ds6-nbr.o)
                0x00008c16                uip_ds6_nbr_lookup
 .text.uip_ds6_nbr_ll_lookup
                0x00008c56        0xc contiki-sky.a(uip-ds6-nbr.o)
                0x00008c56                uip_ds6_nbr_ll_lookup
 .text.uip_ds6_nbr_ipaddr_from_lladdr
                0x00008c62        0x6 contiki-sky.a(uip-ds6-nbr.o)
                0x00008c62                uip_ds6_nbr_ipaddr_from_lladdr
 .text.uip_ds6_nbr_lladdr_from_ipaddr
                0x00008c68       0x10 contiki-sky.a(uip-ds6-nbr.o)
                0x00008c68                uip_ds6_nbr_lladdr_from_ipaddr
 .text.uip_ds6_link_neighbor_callback
                0x00008c78       0x2a contiki-sky.a(uip-ds6-nbr.o)
                0x00008c78                uip_ds6_link_neighbor_callback
 .text.uip_ds6_neighbor_periodic
                0x00008ca2      0x114 contiki-sky.a(uip-ds6-nbr.o)
                0x00008ca2                uip_ds6_neighbor_periodic
 .text.uip_ds6_list_loop
                0x00008db6       0x82 contiki-sky.a(uip-ds6.o)
                0x00008db6                uip_ds6_list_loop
 .text.uip_ds6_prefix_add
                0x00008e38       0x80 contiki-sky.a(uip-ds6.o)
                0x00008e38                uip_ds6_prefix_add
 .text.uip_ds6_is_addr_onlink
                0x00008eb8       0x50 contiki-sky.a(uip-ds6.o)
                0x00008eb8                uip_ds6_is_addr_onlink
 .text.uip_ds6_addr_lookup
                0x00008f08       0x2a contiki-sky.a(uip-ds6.o)
                0x00008f08                uip_ds6_addr_lookup
 .text.uip_ds6_get_link_local
                0x00008f32       0x3e contiki-sky.a(uip-ds6.o)
                0x00008f32                uip_ds6_get_link_local
 .text.uip_ds6_maddr_add
                0x00008f70       0x4c contiki-sky.a(uip-ds6.o)
                0x00008f70                uip_ds6_maddr_add
 .text.uip_ds6_addr_add
                0x00008fbc       0xca contiki-sky.a(uip-ds6.o)
                0x00008fbc                uip_ds6_addr_add
 .text.uip_ds6_maddr_lookup
                0x00009086       0x2a contiki-sky.a(uip-ds6.o)
                0x00009086                uip_ds6_maddr_lookup
 .text.uip_ds6_addr_rm
                0x000090b0       0x54 contiki-sky.a(uip-ds6.o)
                0x000090b0                uip_ds6_addr_rm
 .text.uip_ds6_periodic
                0x00009104       0x4a contiki-sky.a(uip-ds6.o)
                0x00009104                uip_ds6_periodic
 .text.uip_ds6_set_addr_iid
                0x0000914e       0x14 contiki-sky.a(uip-ds6.o)
                0x0000914e                uip_ds6_set_addr_iid
 .text.get_match_length
                0x00009162       0x46 contiki-sky.a(uip-ds6.o)
                0x00009162                get_match_length
 .text.uip_ds6_select_src
                0x000091a8       0xaa contiki-sky.a(uip-ds6.o)
                0x000091a8                uip_ds6_select_src
 .text.uip_ds6_compute_reachable_time
                0x00009252       0x4a contiki-sky.a(uip-ds6.o)
                0x00009252                uip_ds6_compute_reachable_time
 .text.uip_ds6_init
                0x0000929c      0x15a contiki-sky.a(uip-ds6.o)
                0x0000929c                uip_ds6_init
 .text.create_llao
                0x000093f6       0x2c contiki-sky.a(uip-nd6.o)
 .text.uip_nd6_ns_input
                0x00009422      0x236 contiki-sky.a(uip-nd6.o)
                0x00009422                uip_nd6_ns_input
 .text.uip_nd6_ns_output
                0x00009658      0x16c contiki-sky.a(uip-nd6.o)
                0x00009658                uip_nd6_ns_output
 .text.uip_nd6_na_input
                0x000097c4      0x1b8 contiki-sky.a(uip-nd6.o)
                0x000097c4                uip_nd6_na_input
 .text.chksum   0x0000997c       0x34 contiki-sky.a(uip6.o)
 .text.upper_layer_chksum
                0x000099b0       0x54 contiki-sky.a(uip6.o)
 .text.ext_hdr_options_process
                0x00009a04       0xe0 contiki-sky.a(uip6.o)
 .text.uip_add32
                0x00009ae4       0x72 contiki-sky.a(uip6.o)
                0x00009ae4                uip_add32
 .text.uip_add_rcv_nxt
                0x00009b56       0x2e contiki-sky.a(uip6.o)
 .text.uip_icmp6chksum
                0x00009b84        0xa contiki-sky.a(uip6.o)
                0x00009b84                uip_icmp6chksum
 .text.uip_tcpchksum
                0x00009b8e        0xa contiki-sky.a(uip6.o)
                0x00009b8e                uip_tcpchksum
 .text.uip_udpchksum
                0x00009b98        0xa contiki-sky.a(uip6.o)
                0x00009b98                uip_udpchksum
 .text.uip_init
                0x00009ba2       0x6c contiki-sky.a(uip6.o)
                0x00009ba2                uip_init
 .text.remove_ext_hdr
                0x00009c0e       0x58 contiki-sky.a(uip6.o)
                0x00009c0e                remove_ext_hdr
 .text.uip_udp_new
                0x00009c66       0xee contiki-sky.a(uip6.o)
                0x00009c66                uip_udp_new
 .text.uip_unlisten
                0x00009d54       0x32 contiki-sky.a(uip6.o)
                0x00009d54                uip_unlisten
 .text.uip_process
                0x00009d86      0xece contiki-sky.a(uip6.o)
                0x00009d86                uip_process
 .text.uip_htons
                0x0000ac54       0x12 contiki-sky.a(uip6.o)
                0x0000ac54                uip_htons
 .text.uip_htonl
                0x0000ac66       0x3e contiki-sky.a(uip6.o)
                0x0000ac66                uip_htonl
 .text.process_thread_rest_manager_process
                0x0000aca4       0x4c contiki-sky.a(rest.o)
 .text.rest_init
                0x0000acf0       0x1c contiki-sky.a(rest.o)
                0x0000acf0                rest_init
 .text.rest_activate_resource
                0x0000ad0c        0xc contiki-sky.a(rest.o)
                0x0000ad0c                rest_activate_resource
 .text.rest_set_response_status
                0x0000ad18        0x6 contiki-sky.a(rest.o)
                0x0000ad18                rest_set_response_status
 .text.rest_get_method_type
                0x0000ad1e       0x16 contiki-sky.a(rest.o)
                0x0000ad1e                rest_get_method_type
 .text.rest_invoke_restful_service
                0x0000ad34      0x114 contiki-sky.a(rest.o)
                0x0000ad34                rest_invoke_restful_service
 .text.rest_set_response_payload
                0x0000ae48        0x6 contiki-sky.a(rest.o)
                0x0000ae48                rest_set_response_payload
 .text.rest_get_query_variable
                0x0000ae4e        0x6 contiki-sky.a(rest.o)
                0x0000ae4e                rest_get_query_variable
 .text.rest_get_post_variable
                0x0000ae54        0x6 contiki-sky.a(rest.o)
                0x0000ae54                rest_get_post_variable
 .text.rest_set_header_content_type
                0x0000ae5a        0x6 contiki-sky.a(rest.o)
                0x0000ae5a                rest_set_header_content_type
 .text.rest_set_header_etag
                0x0000ae60        0x6 contiki-sky.a(rest.o)
                0x0000ae60                rest_set_header_etag
 .text.init_platform
                0x0000ae66        0xc contiki-sky.a(contiki-sky-pla)
                0x0000ae66                init_platform
 .text.value    0x0000ae72       0x1a contiki-sky.a(light-sensor.o)
 .text.status   0x0000ae8c        0xc contiki-sky.a(light-sensor.o)
 .text.configure
                0x0000ae98       0x10 contiki-sky.a(light-sensor.o)
 .text.status   0x0000aea8       0x16 contiki-sky.a(button-sensor.o)
 .text.configure
                0x0000aebe       0x4a contiki-sky.a(button-sensor.o)
 .text.value    0x0000af08       0x26 contiki-sky.a(button-sensor.o)
 .text.irq_p2   0x0000af2e       0x92 contiki-sky.a(button-sensor.o)
                0x0000af2e                irq_p2
                0x0000af2e                __isr_1
 .text.crc8_add
                0x0000afc0       0x1a contiki-sky.a(ds2411.o)
 .text.owreadb  0x0000afda       0x56 contiki-sky.a(ds2411.o)
 .text.ds2411_init
                0x0000b030      0x10a contiki-sky.a(ds2411.o)
                0x0000b030                ds2411_init
 .text.wait_ready
                0x0000b13a       0x4e contiki-sky.a(xmem.o)
 .text.xmem_init
                0x0000b188       0x3c contiki-sky.a(xmem.o)
                0x0000b188                xmem_init
 .text.xmem_pread
                0x0000b1c4       0xdc contiki-sky.a(xmem.o)
                0x0000b1c4                xmem_pread
 .text.node_id_restore
                0x0000b2a0       0x38 contiki-sky.a(node-id.o)
                0x0000b2a0                node_id_restore
 .text.get_sensor_index
                0x0000b2d8       0x22 contiki-sky.a(sensors.o)
 .text.process_thread_sensors_process
                0x0000b2fa       0xc2 contiki-sky.a(sensors.o)
 .text.sensors_changed
                0x0000b3bc       0x14 contiki-sky.a(sensors.o)
                0x0000b3bc                sensors_changed
 .text.strobe   0x0000b3d0       0x1e contiki-sky.a(cc2420.o)
 .text.status   0x0000b3ee       0x24 contiki-sky.a(cc2420.o)
 .text.getreg   0x0000b412       0x50 contiki-sky.a(cc2420.o)
 .text.setreg   0x0000b462       0x48 contiki-sky.a(cc2420.o)
 .text.set_txpower
                0x0000b4aa       0x2a contiki-sky.a(cc2420.o)
 .text.cc2420_receiving_packet
                0x0000b4d4       0x10 contiki-sky.a(cc2420.o)
 .text.pending_packet
                0x0000b4e4        0x8 contiki-sky.a(cc2420.o)
 .text.on       0x0000b4ec       0x46 contiki-sky.a(cc2420.o)
 .text.flushrx  0x0000b532       0x74 contiki-sky.a(cc2420.o)
 .text.off      0x0000b5a6       0x78 contiki-sky.a(cc2420.o)
 .text.RELEASE_LOCK
                0x0000b61e       0x28 contiki-sky.a(cc2420.o)
 .text.cc2420_prepare
                0x0000b646       0x82 contiki-sky.a(cc2420.o)
 .text.cc2420_on
                0x0000b6c8       0x22 contiki-sky.a(cc2420.o)
                0x0000b6c8                cc2420_on
 .text.cc2420_off
                0x0000b6ea       0x30 contiki-sky.a(cc2420.o)
                0x0000b6ea                cc2420_off
 .text.cc2420_cca
                0x0000b71a       0x7a contiki-sky.a(cc2420.o)
 .text.getrxdata
                0x0000b794       0x4e contiki-sky.a(cc2420.o)
 .text.cc2420_read
                0x0000b7e2       0xe6 contiki-sky.a(cc2420.o)
 .text.process_thread_cc2420_process
                0x0000b8c8       0x50 contiki-sky.a(cc2420.o)
 .text.cc2420_set_channel
                0x0000b918       0x7a contiki-sky.a(cc2420.o)
                0x0000b918                cc2420_set_channel
 .text.cc2420_set_pan_addr
                0x0000b992      0x13a contiki-sky.a(cc2420.o)
                0x0000b992                cc2420_set_pan_addr
 .text.cc2420_interrupt
                0x0000bacc       0x20 contiki-sky.a(cc2420.o)
                0x0000bacc                cc2420_interrupt
 .text.cc2420_get_txpower
                0x0000baec       0x1e contiki-sky.a(cc2420.o)
                0x0000baec                cc2420_get_txpower
 .text.cc2420_transmit
                0x0000bb0a      0x1a4 contiki-sky.a(cc2420.o)
 .text.cc2420_send
                0x0000bcae       0x12 contiki-sky.a(cc2420.o)
 .text.cc2420_set_cca_threshold
                0x0000bcc0       0x16 contiki-sky.a(cc2420.o)
                0x0000bcc0                cc2420_set_cca_threshold
 .text.cc2420_init
                0x0000bcd6       0xdc contiki-sky.a(cc2420.o)
                0x0000bcd6                cc2420_init
 .text.cc2420_port1_interrupt
                0x0000bdb2       0x6a contiki-sky.a(cc2420-arch.o)
                0x0000bdb2                __isr_4
                0x0000bdb2                cc2420_port1_interrupt
 .text.cc2420_arch_init
                0x0000be1c       0x1a contiki-sky.a(cc2420-arch.o)
                0x0000be1c                cc2420_arch_init
 .text.sky_sensors_status
                0x0000be36       0x3c contiki-sky.a(sky-sensors.o)
                0x0000be36                sky_sensors_status
 .text.sky_sensors_configure
                0x0000be72       0xf6 contiki-sky.a(sky-sensors.o)
                0x0000be72                sky_sensors_configure
 .text.uart1_active
                0x0000bf68       0x18 contiki-sky.a(uart1.o)
                0x0000bf68                uart1_active
 .text.uart1_writeb
                0x0000bf80       0x1a contiki-sky.a(uart1.o)
                0x0000bf80                uart1_writeb
 .text.uart1_init
                0x0000bf9a       0xee contiki-sky.a(uart1.o)
                0x0000bf9a                uart1_init
 .text.putchar  0x0000c088        0xe contiki-sky.a(uart1-putchar.o)
                0x0000c088                putchar
 .text.msp430_init_dco
                0x0000c096       0x74 contiki-sky.a(msp430.o)
                0x0000c096                msp430_init_dco
 .text.msp430_add_lpm_req
                0x0000c10a        0xa contiki-sky.a(msp430.o)
                0x0000c10a                msp430_add_lpm_req
 .text.msp430_cpu_init
                0x0000c114       0x2a contiki-sky.a(msp430.o)
                0x0000c114                msp430_cpu_init
 .text.splhigh_
                0x0000c13e        0x8 contiki-sky.a(msp430.o)
                0x0000c13e                splhigh_
 .text.msp430_sync_dco
                0x0000c146       0x60 contiki-sky.a(msp430.o)
                0x0000c146                msp430_sync_dco
 .text.timera1  0x0000c1a6       0xee contiki-sky.a(clock.o)
                0x0000c1a6                __isr_5
                0x0000c1a6                timera1
 .text.clock_time
                0x0000c294       0x1a contiki-sky.a(clock.o)
                0x0000c294                clock_time
 .text.clock_init
                0x0000c2ae       0x28 contiki-sky.a(clock.o)
                0x0000c2ae                clock_init
 .text.clock_delay
                0x0000c2d6        0xc contiki-sky.a(clock.o)
                0x0000c2d6                clock_delay
 .text.clock_seconds
                0x0000c2e2       0x1a contiki-sky.a(clock.o)
                0x0000c2e2                clock_seconds
 .text.show_leds
                0x0000c2fc      0x10c contiki-sky.a(leds.o)
 .text.leds_init
                0x0000c408        0xe contiki-sky.a(leds.o)
                0x0000c408                leds_init
 .text.leds_on  0x0000c416       0x14 contiki-sky.a(leds.o)
                0x0000c416                leds_on
 .text.leds_off
                0x0000c42a       0x14 contiki-sky.a(leds.o)
                0x0000c42a                leds_off
 .text.leds_invert
                0x0000c43e        0xa contiki-sky.a(leds.o)
                0x0000c43e                leds_invert
 .text.leds_toggle
                0x0000c448        0x6 contiki-sky.a(leds.o)
                0x0000c448                leds_toggle
 .text.leds_arch_init
                0x0000c44e        0xe contiki-sky.a(leds-arch.o)
                0x0000c44e                leds_arch_init
 .text.leds_arch_set
                0x0000c45c       0x3a contiki-sky.a(leds-arch.o)
                0x0000c45c                leds_arch_set
 .text.watchdog_interrupt
                0x0000c496        0x6 contiki-sky.a(watchdog.o)
                0x0000c496                __isr_10
                0x0000c496                watchdog_interrupt
 .text.watchdog_start
                0x0000c49c       0x14 contiki-sky.a(watchdog.o)
                0x0000c49c                watchdog_start
 .text.watchdog_periodic
                0x0000c4b0       0x12 contiki-sky.a(watchdog.o)
                0x0000c4b0                watchdog_periodic
 .text.watchdog_stop
                0x0000c4c2       0x16 contiki-sky.a(watchdog.o)
                0x0000c4c2                watchdog_stop
 .text.watchdog_init
                0x0000c4d8       0x14 contiki-sky.a(watchdog.o)
                0x0000c4d8                watchdog_init
 .text.rtimer_arch_init
                0x0000c4ec        0xe contiki-sky.a(rtimer-arch.o)
                0x0000c4ec                rtimer_arch_init
 .text.rtimer_arch_now
                0x0000c4fa        0xe contiki-sky.a(rtimer-arch.o)
                0x0000c4fa                rtimer_arch_now
 .text.timera0  0x0000c508       0x76 contiki-sky.a(rtimer-arch.o)
                0x0000c508                __isr_6
                0x0000c508                timera0
 .text.rtimer_arch_schedule
                0x0000c57e        0x6 contiki-sky.a(rtimer-arch.o)
                0x0000c57e                rtimer_arch_schedule
 .text.mac_call_sent_callback
                0x0000c584       0x14 contiki-sky.a(mac.o)
                0x0000c584                mac_call_sent_callback
 .text.parse    0x0000c598       0xa8 contiki-sky.a(framer-802154.o)
 .text.create   0x0000c640      0x10a contiki-sky.a(framer-802154.o)
 .text.rpl_purge_routes
                0x0000c74a       0x96 contiki-sky.a(rpl.o)
                0x0000c74a                rpl_purge_routes
 .text.rpl_remove_routes
                0x0000c7e0       0x22 contiki-sky.a(rpl.o)
                0x0000c7e0                rpl_remove_routes
 .text.rpl_remove_routes_by_nexthop
                0x0000c802       0x46 contiki-sky.a(rpl.o)
                0x0000c802                rpl_remove_routes_by_nexthop
 .text.rpl_add_route
                0x0000c848       0x46 contiki-sky.a(rpl.o)
                0x0000c848                rpl_add_route
 .text.rpl_link_neighbor_callback
                0x0000c88e       0x6a contiki-sky.a(rpl.o)
                0x0000c88e                rpl_link_neighbor_callback
 .text.rpl_ipv6_neighbor_callback
                0x0000c8f8       0x1e contiki-sky.a(rpl.o)
                0x0000c8f8                rpl_ipv6_neighbor_callback
 .text.rpl_init
                0x0000c916       0x40 contiki-sky.a(rpl.o)
                0x0000c916                rpl_init
 .text.lollipop_greater_than
                0x0000c956       0x44 contiki-sky.a(rpl-dag.o)
 .text.find_parent_any_dag_any_instance
                0x0000c99a       0x14 contiki-sky.a(rpl-dag.o)
 .text.rpl_set_preferred_parent
                0x0000c9ae       0x30 contiki-sky.a(rpl-dag.o)
 .text.set_ip_from_prefix
                0x0000c9de       0x3a contiki-sky.a(rpl-dag.o)
 .text.check_prefix
                0x0000ca18       0x7c contiki-sky.a(rpl-dag.o)
 .text.rpl_dag_init
                0x0000ca94        0xe contiki-sky.a(rpl-dag.o)
                0x0000ca94                rpl_dag_init
 .text.rpl_get_parent_ipaddr
                0x0000caa2       0x10 contiki-sky.a(rpl-dag.o)
                0x0000caa2                rpl_get_parent_ipaddr
 .text.rpl_set_prefix
                0x0000cab2       0x90 contiki-sky.a(rpl-dag.o)
                0x0000cab2                rpl_set_prefix
 .text.rpl_set_default_route
                0x0000cb42       0x62 contiki-sky.a(rpl-dag.o)
                0x0000cb42                rpl_set_default_route
 .text.rpl_alloc_instance
                0x0000cba4       0x2c contiki-sky.a(rpl-dag.o)
                0x0000cba4                rpl_alloc_instance
 .text.rpl_add_parent
                0x0000cbd0       0x38 contiki-sky.a(rpl-dag.o)
                0x0000cbd0                rpl_add_parent
 .text.rpl_find_parent
                0x0000cc08       0x1a contiki-sky.a(rpl-dag.o)
                0x0000cc08                rpl_find_parent
 .text.rpl_find_parent_any_dag
                0x0000cc22       0x26 contiki-sky.a(rpl-dag.o)
                0x0000cc22                rpl_find_parent_any_dag
 .text.rpl_select_parent
                0x0000cc48       0x5c contiki-sky.a(rpl-dag.o)
                0x0000cc48                rpl_select_parent
 .text.rpl_select_dag
                0x0000cca4      0x1b4 contiki-sky.a(rpl-dag.o)
                0x0000cca4                rpl_select_dag
 .text.rpl_nullify_parent
                0x0000ce58       0x4e contiki-sky.a(rpl-dag.o)
                0x0000ce58                rpl_nullify_parent
 .text.rpl_remove_parent
                0x0000cea6       0x16 contiki-sky.a(rpl-dag.o)
                0x0000cea6                rpl_remove_parent
 .text.remove_parents.clone.2
                0x0000cebc       0x32 contiki-sky.a(rpl-dag.o)
 .text.rpl_free_dag
                0x0000ceee       0x36 contiki-sky.a(rpl-dag.o)
                0x0000ceee                rpl_free_dag
 .text.rpl_free_instance
                0x0000cf24       0x5c contiki-sky.a(rpl-dag.o)
                0x0000cf24                rpl_free_instance
 .text.rpl_move_parent
                0x0000cf80       0x6e contiki-sky.a(rpl-dag.o)
                0x0000cf80                rpl_move_parent
 .text.rpl_get_any_dag
                0x0000cfee       0x18 contiki-sky.a(rpl-dag.o)
                0x0000cfee                rpl_get_any_dag
 .text.rpl_get_instance
                0x0000d006       0x16 contiki-sky.a(rpl-dag.o)
                0x0000d006                rpl_get_instance
 .text.get_dag  0x0000d01c       0x5c contiki-sky.a(rpl-dag.o)
 .text.rpl_alloc_dag
                0x0000d078       0x6a contiki-sky.a(rpl-dag.o)
                0x0000d078                rpl_alloc_dag
 .text.rpl_repair_root
                0x0000d0e2       0x4c contiki-sky.a(rpl-dag.o)
                0x0000d0e2                rpl_repair_root
 .text.rpl_find_of
                0x0000d12e       0x10 contiki-sky.a(rpl-dag.o)
                0x0000d12e                rpl_find_of
 .text.rpl_join_instance
                0x0000d13e      0x142 contiki-sky.a(rpl-dag.o)
                0x0000d13e                rpl_join_instance
 .text.rpl_local_repair
                0x0000d280       0x7a contiki-sky.a(rpl-dag.o)
                0x0000d280                rpl_local_repair
 .text.rpl_process_parent_event
                0x0000d2fa       0x88 contiki-sky.a(rpl-dag.o)
                0x0000d2fa                rpl_process_parent_event
 .text.rpl_recalculate_ranks
                0x0000d382       0x42 contiki-sky.a(rpl-dag.o)
                0x0000d382                rpl_recalculate_ranks
 .text.rpl_add_dag
                0x0000d3c4      0x116 contiki-sky.a(rpl-dag.o)
                0x0000d3c4                rpl_add_dag
 .text.rpl_process_dio
                0x0000d4da      0x272 contiki-sky.a(rpl-dag.o)
                0x0000d4da                rpl_process_dio
 .text.get32    0x0000d74c       0x46 contiki-sky.a(rpl-icmp6.o)
 .text.set32    0x0000d792       0x3c contiki-sky.a(rpl-icmp6.o)
 .text.get16    0x0000d7ce        0xe contiki-sky.a(rpl-icmp6.o)
 .text.set16    0x0000d7dc       0x10 contiki-sky.a(rpl-icmp6.o)
 .text.dis_output
                0x0000d7ec       0x50 contiki-sky.a(rpl-icmp6.o)
                0x0000d7ec                dis_output
 .text.dio_output
                0x0000d83c      0x29e contiki-sky.a(rpl-icmp6.o)
                0x0000d83c                dio_output
 .text.dao_output_target
                0x0000dada       0xde contiki-sky.a(rpl-icmp6.o)
                0x0000dada                dao_output_target
 .text.dao_output
                0x0000dbb8       0x7a contiki-sky.a(rpl-icmp6.o)
                0x0000dbb8                dao_output
 .text.dao_ack_output
                0x0000dc32       0x3c contiki-sky.a(rpl-icmp6.o)
                0x0000dc32                dao_ack_output
 .text.uip_rpl_input
                0x0000dc6e      0x548 contiki-sky.a(rpl-icmp6.o)
                0x0000dc6e                uip_rpl_input
 .text.new_dio_interval
                0x0000e1b6       0xb8 contiki-sky.a(rpl-timers.o)
 .text.handle_dao_timer
                0x0000e26e       0x50 contiki-sky.a(rpl-timers.o)
 .text.handle_dio_timer
                0x0000e2be       0x82 contiki-sky.a(rpl-timers.o)
 .text.handle_periodic_timer
                0x0000e340       0x2e contiki-sky.a(rpl-timers.o)
 .text.rpl_reset_periodic_timer
                0x0000e36e       0x56 contiki-sky.a(rpl-timers.o)
                0x0000e36e                rpl_reset_periodic_timer
 .text.rpl_reset_dio_timer
                0x0000e3c4       0x18 contiki-sky.a(rpl-timers.o)
                0x0000e3c4                rpl_reset_dio_timer
 .text.rpl_schedule_dao
                0x0000e3dc       0x48 contiki-sky.a(rpl-timers.o)
                0x0000e3dc                rpl_schedule_dao
 .text.reset    0x0000e424        0x2 contiki-sky.a(rpl-mrhof.o)
 .text.neighbor_link_callback
                0x0000e426       0x7e contiki-sky.a(rpl-mrhof.o)
 .text.calculate_rank
                0x0000e4a4       0x30 contiki-sky.a(rpl-mrhof.o)
 .text.best_dag
                0x0000e4d4       0x34 contiki-sky.a(rpl-mrhof.o)
 .text.best_parent
                0x0000e508       0x52 contiki-sky.a(rpl-mrhof.o)
 .text.update_metric_container
                0x0000e55a        0x6 contiki-sky.a(rpl-mrhof.o)
 .text.rpl_verify_header
                0x0000e560       0xae contiki-sky.a(rpl-ext-header.)
                0x0000e560                rpl_verify_header
 .text.rpl_update_header_empty
                0x0000e60e       0xf8 contiki-sky.a(rpl-ext-header.)
                0x0000e60e                rpl_update_header_empty
 .text.rpl_update_header_final
                0x0000e706       0x84 contiki-sky.a(rpl-ext-header.)
                0x0000e706                rpl_update_header_final
 .text.rpl_invert_header
                0x0000e78a       0x5c contiki-sky.a(rpl-ext-header.)
                0x0000e78a                rpl_invert_header
 .text.rpl_insert_header
                0x0000e7e6       0x18 contiki-sky.a(rpl-ext-header.)
                0x0000e7e6                rpl_insert_header
 .text.stimer_set
                0x0000e7fe       0x1c contiki-sky.a(stimer.o)
                0x0000e7fe                stimer_set
 .text.stimer_expired
                0x0000e81a       0x42 contiki-sky.a(stimer.o)
                0x0000e81a                stimer_expired
 .text.uip_icmp6_echo_request_input
                0x0000e85c      0x122 contiki-sky.a(uip-icmp6.o)
                0x0000e85c                uip_icmp6_echo_request_input
 .text.uip_icmp6_error_output
                0x0000e97e      0x16a contiki-sky.a(uip-icmp6.o)
                0x0000e97e                uip_icmp6_error_output
 .text.uip_icmp6_send
                0x0000eae8       0x94 contiki-sky.a(uip-icmp6.o)
                0x0000eae8                uip_icmp6_send
 .text.coap_set_service_callback
                0x0000eb7c        0x6 contiki-sky.a(coap-server.o)
                0x0000eb7c                coap_set_service_callback
 .text.parse_message
                0x0000eb82      0x16c contiki-sky.a(coap-server.o)
                0x0000eb82                parse_message
 .text.coap_get_query_variable
                0x0000ecee       0x26 contiki-sky.a(coap-server.o)
                0x0000ecee                coap_get_query_variable
 .text.coap_get_post_variable
                0x0000ed14       0x26 contiki-sky.a(coap-server.o)
                0x0000ed14                coap_get_post_variable
 .text.coap_set_option
                0x0000ed3a       0x90 contiki-sky.a(coap-server.o)
                0x0000ed3a                coap_set_option
 .text.coap_get_option
                0x0000edca       0x20 contiki-sky.a(coap-server.o)
                0x0000edca                coap_get_option
 .text.coap_set_payload
                0x0000edea       0x24 contiki-sky.a(coap-server.o)
                0x0000edea                coap_set_payload
 .text.coap_set_header_content_type
                0x0000ee0e       0x14 contiki-sky.a(coap-server.o)
                0x0000ee0e                coap_set_header_content_type
 .text.coap_get_header_subscription_lifetime
                0x0000ee22       0x2a contiki-sky.a(coap-server.o)
                0x0000ee22                coap_get_header_subscription_lifetime
 .text.coap_set_header_subscription_lifetime
                0x0000ee4c       0x20 contiki-sky.a(coap-server.o)
                0x0000ee4c                coap_set_header_subscription_lifetime
 .text.coap_set_header_uri
                0x0000ee6c       0x1a contiki-sky.a(coap-server.o)
                0x0000ee6c                coap_set_header_uri
 .text.process_thread_coap_server
                0x0000ee86      0x244 contiki-sky.a(coap-server.o)
 .text.coap_set_header_etag
                0x0000f0ca        0xc contiki-sky.a(coap-server.o)
                0x0000f0ca                coap_set_header_etag
 .text.coap_set_code
                0x0000f0d6        0x6 contiki-sky.a(coap-server.o)
                0x0000f0d6                coap_set_code
 .text.coap_get_method
                0x0000f0dc        0x6 contiki-sky.a(coap-server.o)
                0x0000f0dc                coap_get_method
 .text.decode   0x0000f0e2      0x13a contiki-sky.a(rest-util.o)
                0x0000f0e2                decode
 .text.get_variable
                0x0000f21c       0xa4 contiki-sky.a(rest-util.o)
                0x0000f21c                get_variable
 .text.read_int
                0x0000f2c0       0x30 contiki-sky.a(rest-util.o)
                0x0000f2c0                read_int
 .text.write_int
                0x0000f2f0       0x48 contiki-sky.a(rest-util.o)
                0x0000f2f0                write_int
 .text.write_variable_int
                0x0000f338       0x28 contiki-sky.a(rest-util.o)
                0x0000f338                write_variable_int
 .text.delete_buffer
                0x0000f360       0x1a contiki-sky.a(buffer.o)
                0x0000f360                delete_buffer
 .text.init_buffer
                0x0000f37a       0x22 contiki-sky.a(buffer.o)
                0x0000f37a                init_buffer
 .text.allocate_buffer
                0x0000f39c       0x2a contiki-sky.a(buffer.o)
                0x0000f39c                allocate_buffer
 .text.copy_to_buffer
                0x0000f3c6       0x28 contiki-sky.a(buffer.o)
                0x0000f3c6                copy_to_buffer
 .text.spi_init
                0x0000f3ee       0x32 contiki-sky.a(spi.o)
                0x0000f3ee                spi_init
 .text.field_len
                0x0000f420       0x98 contiki-sky.a(frame802154.o)
 .text.frame802154_hdrlen
                0x0000f4b8       0x2e contiki-sky.a(frame802154.o)
                0x0000f4b8                frame802154_hdrlen
 .text.frame802154_create
                0x0000f4e6      0x16c contiki-sky.a(frame802154.o)
                0x0000f4e6                frame802154_create
 .text.frame802154_parse
                0x0000f652      0x19e contiki-sky.a(frame802154.o)
                0x0000f652                frame802154_parse
 .text.uip_udp_packet_send
                0x0000f7f0       0x2e contiki-sky.a(uip-udp-packet.)
                0x0000f7f0                uip_udp_packet_send
 .text.init_packet
                0x0000f81e       0x32 contiki-sky.a(coap-common.o)
                0x0000f81e                init_packet
 .text.serialize_packet
                0x0000f850       0xf0 contiki-sky.a(coap-common.o)
                0x0000f850                serialize_packet
 .text.libgcc   0x0000f940       0x20 /usr/lib/gcc/msp430/4.5.3/mmpy-16/libgcc.a(_mulsi3.o)
                0x0000f940                __mulsi3
 .text.libgcc   0x0000f960       0x1c /usr/lib/gcc/msp430/4.5.3/mmpy-16/libgcc.a(_udivmodhi4.o)
                0x0000f960                __udivmodhi4
 .text.libgcc   0x0000f97c       0x36 /usr/lib/gcc/msp430/4.5.3/mmpy-16/libgcc.a(_divmodhi4.o)
                0x0000f97c                __divmodhi4
 .text.libgcc   0x0000f9b2       0x2a /usr/lib/gcc/msp430/4.5.3/mmpy-16/libgcc.a(_udivmodsi4.o)
                0x0000f9b2                __udivmodsi4
 .text.crt0     0x0000f9dc        0x2 /usr/lib/gcc/msp430/4.5.3/mmpy-16/libcrt0.a(_unexpected_.o)
                0x0000f9dc                _unexpected_

.rodata         0x0000f9de        0x0
                0x0000f9de                . = ALIGN (0x2)
 *(.rodata .rodata.* .gnu.linkonce.r.*)
                0x0000f9de                . = ALIGN (0x2)
                0x0000f9de                _etext = .

.data           0x00001100      0x194 load address 0x0000f9de
                0x00001100                . = ALIGN (0x2)
                0x00001100                PROVIDE (__data_start, .)
 *(.data)
 .data          0x00001100       0xc2 rest-server-example.co
                0x00001100                temp
                0x00001164                resource_getwaterdata
                0x00001172                resource_helloworld
                0x00001180                resource_discover
                0x0000118e                resource_light
                0x0000119c                resource_led
                0x000011aa                resource_toggle
                0x000011b8                rest_server_example
 .data          0x000011c2       0x18 contiki-sky.a(csma.o)
 .data          0x000011da       0x10 contiki-sky.a(phase.o)
 .data          0x000011ea        0xa contiki-sky.a(etimer.o)
                0x000011ea                etimer_process
 .data          0x000011f4        0xa contiki-sky.a(ctimer.o)
                0x000011f4                ctimer_process
 .data          0x000011fe        0x8 contiki-sky.a(nbr-table.o)
 .data          0x00001206       0x18 contiki-sky.a(queuebuf.o)
 .data          0x0000121e        0xa contiki-sky.a(tcpip.o)
                0x0000121e                tcpip_process
 .data          0x00001228       0x18 contiki-sky.a(uip-ds6-route.o)
 .data          0x00001240        0xa contiki-sky.a(uip-ds6-nbr.o)
                0x00001240                ds6_neighbors
 .data          0x0000124a        0xa contiki-sky.a(rest.o)
                0x0000124a                rest_manager_process
 .data          0x00001254        0x4 contiki-sky.a(contiki-sky-pla)
                0x00001254                sensors
 .data          0x00001258        0xa contiki-sky.a(sensors.o)
                0x00001258                sensors_process
 .data          0x00001262        0xa contiki-sky.a(cc2420.o)
                0x00001262                cc2420_process
 .data          0x0000126c        0x2 contiki-sky.a(msp430.o)
 .data          0x0000126e        0x8 contiki-sky.a(rpl-dag.o)
 .data          0x00001276        0x1 contiki-sky.a(rpl-icmp6.o)
 *fill*         0x00001277        0x1 00
 .data          0x00001278        0xe contiki-sky.a(rpl-mrhof.o)
                0x00001278                rpl_mrhof
 .data          0x00001286        0xa contiki-sky.a(coap-server.o)
                0x00001286                coap_server
 .data          0x00001290        0x4 /usr/lib/gcc/msp430/4.5.3/../../../../msp430/lib/mmpy-16/libc.a(rand.o)
 *(SORT(.data.*))
                0x00001294                . = ALIGN (0x2)
 *(.gnu.linkonce.d*)
                0x00001294                . = ALIGN (0x2)
                0x00001294                _edata = .
                0x0000f9de                PROVIDE (__data_load_start, LOADADDR (.data))
                0x00000194                PROVIDE (__data_size, SIZEOF (.data))

.bss            0x00001294     0x1bf0 load address 0x0000fb72
                0x00001294                PROVIDE (__bss_start, .)
 *(.bss)
 .bss           0x00001294        0xc obj_sky/contiki-sky-main.o
 .bss           0x000012a0       0xc2 contiki-sky.a(csma.o)
 .bss           0x00001362       0xd8 contiki-sky.a(contikimac.o)
 .bss           0x0000143a      0x1d8 contiki-sky.a(phase.o)
 .bss           0x00001612       0x42 contiki-sky.a(process.o)
                0x00001612                process_list
                0x00001614                process_current
 .bss           0x00001654        0x8 contiki-sky.a(compower.o)
 .bss           0x0000165c        0x6 contiki-sky.a(etimer.o)
 .bss           0x00001662        0x4 contiki-sky.a(ctimer.o)
 .bss           0x00001666        0x2 contiki-sky.a(rtimer.o)
 .bss           0x00001668      0x118 contiki-sky.a(nbr-table.o)
 .bss           0x00001780       0xba contiki-sky.a(packetbuf.o)
 .bss           0x0000183a      0x71e contiki-sky.a(queuebuf.o)
 .bss           0x00001f58      0x122 contiki-sky.a(sicslowpan.o)
 .bss           0x0000207a       0x36 contiki-sky.a(tcpip.o)
 .bss           0x000020b0      0x2fc contiki-sky.a(uip-ds6-route.o)
 .bss           0x000023ac      0x2d0 contiki-sky.a(uip-ds6-nbr.o)
 .bss           0x0000267c       0x18 contiki-sky.a(uip-ds6.o)
 .bss           0x00002694        0xa contiki-sky.a(uip-nd6.o)
 .bss           0x0000269e       0x10 contiki-sky.a(uip6.o)
                0x0000269e                uip_ext_bitmap
                0x000026a0                uip_ext_len
                0x000026a2                uip_ext_opt_offset
 .bss           0x000026ae        0x4 contiki-sky.a(rest.o)
 .bss           0x000026b2        0x8 contiki-sky.a(button-sensor.o)
 .bss           0x000026ba        0x2 contiki-sky.a(node-id.o)
                0x000026ba                node_id
 .bss           0x000026bc        0x6 contiki-sky.a(sensors.o)
 .bss           0x000026c2        0xa contiki-sky.a(cc2420.o)
 .bss           0x000026cc        0x4 contiki-sky.a(sky-sensors.o)
 .bss           0x000026d0       0x9a contiki-sky.a(uart1.o)
 .bss           0x0000276a        0xa contiki-sky.a(clock.o)
 .bss           0x00002774        0x2 contiki-sky.a(leds.o)
 .bss           0x00002776        0x2 contiki-sky.a(watchdog.o)
 .bss           0x00002778        0x2 contiki-sky.a(framer-802154.o)
 .bss           0x0000277a       0xc8 contiki-sky.a(rpl-dag.o)
 .bss           0x00002842       0x18 contiki-sky.a(rpl-timers.o)
 .bss           0x0000285a       0x10 contiki-sky.a(uip-icmp6.o)
 .bss           0x0000286a        0x6 contiki-sky.a(coap-server.o)
 .bss           0x00002870        0x1 /usr/lib/gcc/msp430/4.5.3/../../../../msp430/lib/mmpy-16/libc.a(malloc.o)
 *fill*         0x00002871        0x1 00
 .bss           0x00002872        0x4 /usr/lib/gcc/msp430/4.5.3/../../../../msp430/lib/mmpy-16/libc.a(sprintf.o)
 *(SORT(.bss.*))
 *(COMMON)
 COMMON         0x00002876        0x4 rest-server-example.co
                0x00002876                light_photosynthetic
                0x00002878                light_solar
 COMMON         0x0000287a        0x8 contiki-sky.a(rimeaddr.o)
                0x0000287a                rimeaddr_node_addr
 COMMON         0x00002882        0x1 contiki-sky.a(process.o)
                0x00002882                process_maxevents
 *fill*         0x00002883        0x1 00
 COMMON         0x00002884        0x8 contiki-sky.a(compower.o)
                0x00002884                compower_idle_activity
 COMMON         0x0000288c       0x56 contiki-sky.a(energest.o)
                0x0000288c                energest_total_time
                0x000028bc                energest_total_count
                0x000028be                energest_current_mode
                0x000028ca                energest_current_time
 COMMON         0x000028e2       0x50 contiki-sky.a(packetbuf.o)
                0x000028e2                packetbuf_addrs
                0x00002902                packetbuf_attrs
 COMMON         0x00002932        0x8 contiki-sky.a(sicslowpan.o)
                0x00002932                frag_sender
 COMMON         0x0000293a        0x1 contiki-sky.a(tcpip.o)
                0x0000293a                tcpip_event
 *fill*         0x0000293b        0x1 00
 COMMON         0x0000293c      0x15c contiki-sky.a(uip-ds6.o)
                0x0000293c                uip_ds6_timer_ra
                0x00002944                uip_ds6_if
                0x00002a30                uip_ds6_netif_addr_list_offset
                0x00002a31                uip_ds6_addr_size
                0x00002a32                uip_ds6_prefix_list
                0x00002a8c                uip_ds6_timer_periodic
 COMMON         0x00002a98      0x304 contiki-sky.a(uip6.o)
                0x00002a98                uip_len
                0x00002a9a                uip_sappdata
                0x00002a9c                uip_acc32
                0x00002aa0                uip_lladdr
                0x00002aa8                uip_aligned_buf
                0x00002b98                uip_flags
                0x00002b9a                uip_next_hdr
                0x00002b9c                uip_udp_conn
                0x00002b9e                uip_appdata
                0x00002ba0                uip_conn
                0x00002ba2                uip_conns
                0x00002c52                uip_listenports
                0x00002c62                uip_slen
                0x00002c64                uip_udp_conns
 COMMON         0x00002d9c        0x2 contiki-sky.a(contiki-sky-pla)
                0x00002d9c                sensors_flags
 COMMON         0x00002d9e        0x8 contiki-sky.a(ds2411.o)
                0x00002d9e                ds2411_id
 COMMON         0x00002da6        0x1 contiki-sky.a(sensors.o)
                0x00002da6                sensors_event
 *fill*         0x00002da7        0x1 00
 COMMON         0x00002da8       0x14 contiki-sky.a(cc2420.o)
                0x00002da8                cc2420_last_rssi
                0x00002daa                cc2420_packets_read
                0x00002dac                cc2420_packets_seen
                0x00002dae                cc2420_sfd_start_time
                0x00002db0                cc2420_time_of_departure
                0x00002db2                cc2420_time_of_arrival
                0x00002db4                cc2420_last_correlation
                0x00002db6                cc2420_authority_level_of_sender
                0x00002db8                cc2420_sfd_counter
                0x00002dba                cc2420_sfd_end_time
 COMMON         0x00002dbc        0x2 contiki-sky.a(msp430.o)
                0x00002dbc                msp430_dco_required
 COMMON         0x00002dbe       0xbe contiki-sky.a(rpl-dag.o)
                0x00002dbe                default_instance
                0x00002dc0                instance_table
 COMMON         0x00002e7c        0x1 contiki-sky.a(coap-server.o)
                0x00002e7c                resource_changed_event
 *fill*         0x00002e7d        0x1 00
 COMMON         0x00002e7e        0x6 contiki-sky.a(buffer.o)
                0x00002e7e                buffer_size
                0x00002e80                data_buffer
                0x00002e82                buffer_index
                0x00002e84                PROVIDE (__bss_end, .)
                0x00002e84                _end = .
                0x00001bf0                PROVIDE (__bss_size, SIZEOF (.bss))

.noinit         0x00002e84        0x0 load address 0x0000fb72
                0x00002e84                PROVIDE (__noinit_start, .)
 *(.noinit)
 *(.noinit.*)
 *(COMMON)
                0x00002e84                PROVIDE (__noinit_end, .)
                0x00002e84                _end = .

.infomem        0x00001000        0x0
 *(.infomem)
                0x00001000                . = ALIGN (0x2)
 *(.infomem.*)

.infomemnobits  0x00001000        0x0
                0x00001000                . = ALIGN (0x2)
 *(.infomemnobits)
                0x00001000                . = ALIGN (0x2)
 *(.infomemnobits.*)

.vectors        0x0000ffe0       0x20
                0x0000ffe0                PROVIDE (__vectors_start, .)
 *(.vectors*)
 .vectors       0x0000ffe0       0x20 /usr/lib/gcc/msp430/4.5.3/mmpy-16/crt0ivtbl16.o
                0x0000ffe0                __ivtbl_16
                0x00010000                _vectors_end = .

.fartext        0x00000000        0x0
                0x00000000                . = ALIGN (0x2)
 *(.fartext)
                0x00000000                . = ALIGN (0x2)
 *(.fartext.*)
                0x00000000                _efartext = .

.profiler
 *(.profiler)

.stab
 *(.stab)

.stabstr
 *(.stabstr)

.stab.excl
 *(.stab.excl)

.stab.exclstr
 *(.stab.exclstr)

.stab.index
 *(.stab.index)

.stab.indexstr
 *(.stab.indexstr)

.comment
 *(.comment)

.debug
 *(.debug)

.line
 *(.line)

.debug_srcinfo
 *(.debug_srcinfo)

.debug_sfnames
 *(.debug_sfnames)

.debug_aranges  0x00000000      0x1f4
 *(.debug_aranges)
 .debug_aranges
                0x00000000       0x14 /usr/lib/gcc/msp430/4.5.3/mmpy-16/libgcc.a(_mulsi3.o)
 .debug_aranges
                0x00000014       0x14 /usr/lib/gcc/msp430/4.5.3/mmpy-16/libgcc.a(_udivmodhi4.o)
 .debug_aranges
                0x00000028       0x14 /usr/lib/gcc/msp430/4.5.3/mmpy-16/libgcc.a(_divmodhi4.o)
 .debug_aranges
                0x0000003c       0x14 /usr/lib/gcc/msp430/4.5.3/mmpy-16/libgcc.a(_udivmodsi4.o)
 .debug_aranges
                0x00000050       0x14 /usr/lib/gcc/msp430/4.5.3/../../../../msp430/lib/mmpy-16/libc.a(strchr.o)
 .debug_aranges
                0x00000064       0x14 /usr/lib/gcc/msp430/4.5.3/../../../../msp430/lib/mmpy-16/libc.a(memchr.o)
 .debug_aranges
                0x00000078       0x14 /usr/lib/gcc/msp430/4.5.3/../../../../msp430/lib/mmpy-16/libc.a(strcmp.o)
 .debug_aranges
                0x0000008c       0x14 /usr/lib/gcc/msp430/4.5.3/../../../../msp430/lib/mmpy-16/libc.a(strncmp.o)
 .debug_aranges
                0x000000a0       0x14 /usr/lib/gcc/msp430/4.5.3/../../../../msp430/lib/mmpy-16/libc.a(memcmp.o)
 .debug_aranges
                0x000000b4       0x14 /usr/lib/gcc/msp430/4.5.3/../../../../msp430/lib/mmpy-16/libc.a(strcpy.o)
 .debug_aranges
                0x000000c8       0x14 /usr/lib/gcc/msp430/4.5.3/../../../../msp430/lib/mmpy-16/libc.a(memcpy.o)
 .debug_aranges
                0x000000dc       0x14 /usr/lib/gcc/msp430/4.5.3/../../../../msp430/lib/mmpy-16/libc.a(memmove.o)
 .debug_aranges
                0x000000f0       0x14 /usr/lib/gcc/msp430/4.5.3/../../../../msp430/lib/mmpy-16/libc.a(memset.o)
 .debug_aranges
                0x00000104       0x14 /usr/lib/gcc/msp430/4.5.3/../../../../msp430/lib/mmpy-16/libc.a(malloc.o)
 .debug_aranges
                0x00000118       0x14 /usr/lib/gcc/msp430/4.5.3/../../../../msp430/lib/mmpy-16/libc.a(printf.o)
 .debug_aranges
                0x0000012c       0x14 /usr/lib/gcc/msp430/4.5.3/../../../../msp430/lib/mmpy-16/libc.a(sprintf.o)
 .debug_aranges
                0x00000140       0x14 /usr/lib/gcc/msp430/4.5.3/../../../../msp430/lib/mmpy-16/libc.a(vuprintf.o)
 .debug_aranges
                0x00000154       0x14 /usr/lib/gcc/msp430/4.5.3/../../../../msp430/lib/mmpy-16/libc.a(puts.o)
 .debug_aranges
                0x00000168       0x14 /usr/lib/gcc/msp430/4.5.3/../../../../msp430/lib/mmpy-16/libc.a(rand.o)
 .debug_aranges
                0x0000017c       0x14 /usr/lib/gcc/msp430/4.5.3/mmpy-16/libcrt0.a(__init_stack.o)
 .debug_aranges
                0x00000190       0x14 /usr/lib/gcc/msp430/4.5.3/mmpy-16/libcrt0.a(__low_level_init.o)
 .debug_aranges
                0x000001a4       0x14 /usr/lib/gcc/msp430/4.5.3/mmpy-16/libcrt0.a(_copy_data.o)
 .debug_aranges
                0x000001b8       0x14 /usr/lib/gcc/msp430/4.5.3/mmpy-16/libcrt0.a(_clear_bss.o)
 .debug_aranges
                0x000001cc       0x14 /usr/lib/gcc/msp430/4.5.3/mmpy-16/libcrt0.a(_endless_loop__.o)
 .debug_aranges
                0x000001e0       0x14 /usr/lib/gcc/msp430/4.5.3/mmpy-16/libcrt0.a(_unexpected_.o)

.debug_pubnames
                0x00000000      0x206
 *(.debug_pubnames)
 .debug_pubnames
                0x00000000       0x1d /usr/lib/gcc/msp430/4.5.3/../../../../msp430/lib/mmpy-16/libc.a(strchr.o)
 .debug_pubnames
                0x0000001d       0x1d /usr/lib/gcc/msp430/4.5.3/../../../../msp430/lib/mmpy-16/libc.a(memchr.o)
 .debug_pubnames
                0x0000003a       0x1d /usr/lib/gcc/msp430/4.5.3/../../../../msp430/lib/mmpy-16/libc.a(strcmp.o)
 .debug_pubnames
                0x00000057       0x1e /usr/lib/gcc/msp430/4.5.3/../../../../msp430/lib/mmpy-16/libc.a(strncmp.o)
 .debug_pubnames
                0x00000075       0x1d /usr/lib/gcc/msp430/4.5.3/../../../../msp430/lib/mmpy-16/libc.a(memcmp.o)
 .debug_pubnames
                0x00000092       0x1d /usr/lib/gcc/msp430/4.5.3/../../../../msp430/lib/mmpy-16/libc.a(strcpy.o)
 .debug_pubnames
                0x000000af       0x1d /usr/lib/gcc/msp430/4.5.3/../../../../msp430/lib/mmpy-16/libc.a(memcpy.o)
 .debug_pubnames
                0x000000cc       0x1e /usr/lib/gcc/msp430/4.5.3/../../../../msp430/lib/mmpy-16/libc.a(memmove.o)
 .debug_pubnames
                0x000000ea       0x1d /usr/lib/gcc/msp430/4.5.3/../../../../msp430/lib/mmpy-16/libc.a(memset.o)
 .debug_pubnames
                0x00000107       0x26 /usr/lib/gcc/msp430/4.5.3/../../../../msp430/lib/mmpy-16/libc.a(malloc.o)
 .debug_pubnames
                0x0000012d       0x29 /usr/lib/gcc/msp430/4.5.3/../../../../msp430/lib/mmpy-16/libc.a(printf.o)
 .debug_pubnames
                0x00000156       0x46 /usr/lib/gcc/msp430/4.5.3/../../../../msp430/lib/mmpy-16/libc.a(sprintf.o)
 .debug_pubnames
                0x0000019c       0x1f /usr/lib/gcc/msp430/4.5.3/../../../../msp430/lib/mmpy-16/libc.a(vuprintf.o)
 .debug_pubnames
                0x000001bb       0x1b /usr/lib/gcc/msp430/4.5.3/../../../../msp430/lib/mmpy-16/libc.a(puts.o)
 .debug_pubnames
                0x000001d6       0x30 /usr/lib/gcc/msp430/4.5.3/../../../../msp430/lib/mmpy-16/libc.a(rand.o)

.debug_info     0x00000000     0x19aa
 *(.debug_info)
 .debug_info    0x00000000       0xd7 /usr/lib/gcc/msp430/4.5.3/mmpy-16/libgcc.a(_mulsi3.o)
 .debug_info    0x000000d7       0xd7 /usr/lib/gcc/msp430/4.5.3/mmpy-16/libgcc.a(_udivmodhi4.o)
 .debug_info    0x000001ae       0xd7 /usr/lib/gcc/msp430/4.5.3/mmpy-16/libgcc.a(_divmodhi4.o)
 .debug_info    0x00000285       0xd7 /usr/lib/gcc/msp430/4.5.3/mmpy-16/libgcc.a(_udivmodsi4.o)
 .debug_info    0x0000035c       0xa7 /usr/lib/gcc/msp430/4.5.3/../../../../msp430/lib/mmpy-16/libc.a(strchr.o)
 .debug_info    0x00000403       0xd8 /usr/lib/gcc/msp430/4.5.3/../../../../msp430/lib/mmpy-16/libc.a(memchr.o)
 .debug_info    0x000004db       0xa4 /usr/lib/gcc/msp430/4.5.3/../../../../msp430/lib/mmpy-16/libc.a(strcmp.o)
 .debug_info    0x0000057f       0xbd /usr/lib/gcc/msp430/4.5.3/../../../../msp430/lib/mmpy-16/libc.a(strncmp.o)
 .debug_info    0x0000063c       0xe2 /usr/lib/gcc/msp430/4.5.3/../../../../msp430/lib/mmpy-16/libc.a(memcmp.o)
 .debug_info    0x0000071e       0xb8 /usr/lib/gcc/msp430/4.5.3/../../../../msp430/lib/mmpy-16/libc.a(strcpy.o)
 .debug_info    0x000007d6      0x113 /usr/lib/gcc/msp430/4.5.3/../../../../msp430/lib/mmpy-16/libc.a(memcpy.o)
 .debug_info    0x000008e9      0x113 /usr/lib/gcc/msp430/4.5.3/../../../../msp430/lib/mmpy-16/libc.a(memmove.o)
 .debug_info    0x000009fc       0xfe /usr/lib/gcc/msp430/4.5.3/../../../../msp430/lib/mmpy-16/libc.a(memset.o)
 .debug_info    0x00000afa      0x15e /usr/lib/gcc/msp430/4.5.3/../../../../msp430/lib/mmpy-16/libc.a(malloc.o)
 .debug_info    0x00000c58      0x103 /usr/lib/gcc/msp430/4.5.3/../../../../msp430/lib/mmpy-16/libc.a(printf.o)
 .debug_info    0x00000d5b      0x277 /usr/lib/gcc/msp430/4.5.3/../../../../msp430/lib/mmpy-16/libc.a(sprintf.o)
 .debug_info    0x00000fd2      0x3b5 /usr/lib/gcc/msp430/4.5.3/../../../../msp430/lib/mmpy-16/libc.a(vuprintf.o)
 .debug_info    0x00001387       0x96 /usr/lib/gcc/msp430/4.5.3/../../../../msp430/lib/mmpy-16/libc.a(puts.o)
 .debug_info    0x0000141d      0x137 /usr/lib/gcc/msp430/4.5.3/../../../../msp430/lib/mmpy-16/libc.a(rand.o)
 .debug_info    0x00001554       0xb9 /usr/lib/gcc/msp430/4.5.3/mmpy-16/libcrt0.a(__init_stack.o)
 .debug_info    0x0000160d       0xb9 /usr/lib/gcc/msp430/4.5.3/mmpy-16/libcrt0.a(__low_level_init.o)
 .debug_info    0x000016c6       0xb9 /usr/lib/gcc/msp430/4.5.3/mmpy-16/libcrt0.a(_copy_data.o)
 .debug_info    0x0000177f       0xb9 /usr/lib/gcc/msp430/4.5.3/mmpy-16/libcrt0.a(_clear_bss.o)
 .debug_info    0x00001838       0xb9 /usr/lib/gcc/msp430/4.5.3/mmpy-16/libcrt0.a(_endless_loop__.o)
 .debug_info    0x000018f1       0xb9 /usr/lib/gcc/msp430/4.5.3/mmpy-16/libcrt0.a(_unexpected_.o)
 *(.gnu.linkonce.wi.*)

.debug_abbrev   0x00000000      0xb3b
 *(.debug_abbrev)
 .debug_abbrev  0x00000000       0x14 /usr/lib/gcc/msp430/4.5.3/mmpy-16/libgcc.a(_mulsi3.o)
 .debug_abbrev  0x00000014       0x14 /usr/lib/gcc/msp430/4.5.3/mmpy-16/libgcc.a(_udivmodhi4.o)
 .debug_abbrev  0x00000028       0x14 /usr/lib/gcc/msp430/4.5.3/mmpy-16/libgcc.a(_divmodhi4.o)
 .debug_abbrev  0x0000003c       0x14 /usr/lib/gcc/msp430/4.5.3/mmpy-16/libgcc.a(_udivmodsi4.o)
 .debug_abbrev  0x00000050       0x6f /usr/lib/gcc/msp430/4.5.3/../../../../msp430/lib/mmpy-16/libc.a(strchr.o)
 .debug_abbrev  0x000000bf       0xa2 /usr/lib/gcc/msp430/4.5.3/../../../../msp430/lib/mmpy-16/libc.a(memchr.o)
 .debug_abbrev  0x00000161       0x60 /usr/lib/gcc/msp430/4.5.3/../../../../msp430/lib/mmpy-16/libc.a(strcmp.o)
 .debug_abbrev  0x000001c1       0x6d /usr/lib/gcc/msp430/4.5.3/../../../../msp430/lib/mmpy-16/libc.a(strncmp.o)
 .debug_abbrev  0x0000022e       0x8a /usr/lib/gcc/msp430/4.5.3/../../../../msp430/lib/mmpy-16/libc.a(memcmp.o)
 .debug_abbrev  0x000002b8       0x7e /usr/lib/gcc/msp430/4.5.3/../../../../msp430/lib/mmpy-16/libc.a(strcpy.o)
 .debug_abbrev  0x00000336       0x97 /usr/lib/gcc/msp430/4.5.3/../../../../msp430/lib/mmpy-16/libc.a(memcpy.o)
 .debug_abbrev  0x000003cd       0x97 /usr/lib/gcc/msp430/4.5.3/../../../../msp430/lib/mmpy-16/libc.a(memmove.o)
 .debug_abbrev  0x00000464       0x8d /usr/lib/gcc/msp430/4.5.3/../../../../msp430/lib/mmpy-16/libc.a(memset.o)
 .debug_abbrev  0x000004f1       0xf8 /usr/lib/gcc/msp430/4.5.3/../../../../msp430/lib/mmpy-16/libc.a(malloc.o)
 .debug_abbrev  0x000005e9       0xce /usr/lib/gcc/msp430/4.5.3/../../../../msp430/lib/mmpy-16/libc.a(printf.o)
 .debug_abbrev  0x000006b7      0x105 /usr/lib/gcc/msp430/4.5.3/../../../../msp430/lib/mmpy-16/libc.a(sprintf.o)
 .debug_abbrev  0x000007bc      0x1cb /usr/lib/gcc/msp430/4.5.3/../../../../msp430/lib/mmpy-16/libc.a(vuprintf.o)
 .debug_abbrev  0x00000987       0x60 /usr/lib/gcc/msp430/4.5.3/../../../../msp430/lib/mmpy-16/libc.a(puts.o)
 .debug_abbrev  0x000009e7       0xdc /usr/lib/gcc/msp430/4.5.3/../../../../msp430/lib/mmpy-16/libc.a(rand.o)
 .debug_abbrev  0x00000ac3       0x14 /usr/lib/gcc/msp430/4.5.3/mmpy-16/libcrt0.a(__init_stack.o)