Archive member included because of file (symbol)

contiki-sky.a(rimeaddr.o)     obj_sky/contiki-sky-main.o (rimeaddr_copy)
contiki-sky.a(csma.o)         obj_sky/contiki-sky-main.o (csma_driver)
contiki-sky.a(contikimac.o)   udp-sink.co (contikimac_driver)
contiki-sky.a(phase.o)        contiki-sky.a(contikimac.o) (phase_update)
contiki-sky.a(rpl-dag.o)      udp-sink.co (rpl_set_prefix)
contiki-sky.a(rpl-icmp6.o)    contiki-sky.a(rpl-dag.o) (dao_output)
contiki-sky.a(rpl-timers.o)   contiki-sky.a(rpl-dag.o) (rpl_reset_dio_timer)
contiki-sky.a(rpl-mrhof.o)    contiki-sky.a(rpl-dag.o) (rpl_mrhof)
contiki-sky.a(process.o)      udp-sink.co (process_current)
contiki-sky.a(autostart.o)    obj_sky/contiki-sky-main.o (autostart_start)
contiki-sky.a(compower.o)     contiki-sky.a(contikimac.o) (compower_idle_activity)
contiki-sky.a(serial-line.o)  obj_sky/collect-common.o (serial_line_event_message)
contiki-sky.a(memb.o)         contiki-sky.a(csma.o) (memb_init)
contiki-sky.a(timer.o)        obj_sky/contiki-sky-main.o (timer_set)
contiki-sky.a(list.o)         contiki-sky.a(csma.o) (list_init)
contiki-sky.a(etimer.o)       obj_sky/contiki-sky-main.o (etimer_process)
contiki-sky.a(ctimer.o)       obj_sky/contiki-sky-main.o (ctimer_init)
contiki-sky.a(energest.o)     obj_sky/contiki-sky-main.o (energest_init)
contiki-sky.a(rtimer.o)       obj_sky/contiki-sky-main.o (rtimer_init)
contiki-sky.a(stimer.o)       contiki-sky.a(rpl-icmp6.o) (stimer_set)
contiki-sky.a(random.o)       obj_sky/contiki-sky-main.o (random_init)
contiki-sky.a(ringbuf.o)      contiki-sky.a(serial-line.o) (ringbuf_init)
contiki-sky.a(nbr-table.o)    contiki-sky.a(phase.o) (nbr_table_register)
contiki-sky.a(packetbuf.o)    contiki-sky.a(contikimac.o) (packetbuf_hdr_remove)
contiki-sky.a(queuebuf.o)     obj_sky/contiki-sky-main.o (queuebuf_init)
contiki-sky.a(sicslowpan.o)   obj_sky/contiki-sky-main.o (sicslowpan_driver)
contiki-sky.a(tcpip.o)        contiki-sky.a(sicslowpan.o) (tcpip_set_outputfunc)
contiki-sky.a(uip-debug.o)    udp-sink.co (uip_debug_ipaddr_print)
contiki-sky.a(uip-ds6-route.o)
                              contiki-sky.a(rpl-icmp6.o) (uip_ds6_route_nexthop)
contiki-sky.a(uip-ds6-nbr.o)  contiki-sky.a(rpl-icmp6.o) (uip_ds6_nbr_add)
contiki-sky.a(uip-ds6.o)      contiki-sky.a(tcpip.o) (uip_ds6_is_addr_onlink)
contiki-sky.a(uip-icmp6.o)    contiki-sky.a(rpl-icmp6.o) (uip_icmp6_send)
contiki-sky.a(uip-nd6.o)      contiki-sky.a(tcpip.o) (uip_nd6_ns_output)
contiki-sky.a(uip6.o)         udp-sink.co (uip_aligned_buf)
contiki-sky.a(contiki-sky-pla)
                              obj_sky/contiki-sky-main.o (init_platform)
contiki-sky.a(button-sensor.o)
                              udp-sink.co (button_sensor)
contiki-sky.a(ds2411.o)       obj_sky/contiki-sky-main.o (ds2411_init)
contiki-sky.a(xmem.o)         obj_sky/contiki-sky-main.o (xmem_init)
contiki-sky.a(node-id.o)      obj_sky/contiki-sky-main.o (node_id_restore)
contiki-sky.a(sensors.o)      udp-sink.co (sensors_event)
contiki-sky.a(cc2420.o)       obj_sky/contiki-sky-main.o (cc2420_set_pan_addr)
contiki-sky.a(cc2420-arch.o)  contiki-sky.a(cc2420.o) (cc2420_arch_init)
contiki-sky.a(uart1.o)        obj_sky/contiki-sky-main.o (uart1_active)
contiki-sky.a(uart1-putchar.o)
                              udp-sink.co (putchar)
contiki-sky.a(msp430.o)       contiki-sky.a(uart1.o) (msp430_add_lpm_req)
contiki-sky.a(clock.o)        contiki-sky.a(timer.o) (clock_time)
contiki-sky.a(leds.o)         obj_sky/contiki-sky-main.o (leds_init)
contiki-sky.a(leds-arch.o)    contiki-sky.a(leds.o) (leds_arch_init)
contiki-sky.a(watchdog.o)     obj_sky/contiki-sky-main.o (watchdog_start)
contiki-sky.a(rtimer-arch.o)  contiki-sky.a(rtimer.o) (rtimer_arch_init)
contiki-sky.a(mac.o)          contiki-sky.a(csma.o) (mac_call_sent_callback)
contiki-sky.a(framer-802154.o)
                              contiki-sky.a(contikimac.o) (framer_802154)
contiki-sky.a(rpl.o)          contiki-sky.a(rpl-timers.o) (rpl_purge_routes)
contiki-sky.a(rpl-ext-header.)
                              contiki-sky.a(uip6.o) (rpl_verify_header)
contiki-sky.a(spi.o)          contiki-sky.a(xmem.o) (spi_init)
contiki-sky.a(frame802154.o)  contiki-sky.a(framer-802154.o) (frame802154_hdrlen)
/usr/lib/gcc/msp430/4.5.3/mmpy-16/libgcc.a(_mulsi3.o)
                              contiki-sky.a(csma.o) (__mulsi3)
/usr/lib/gcc/msp430/4.5.3/mmpy-16/libgcc.a(_udivmodhi4.o)
                              obj_sky/collect-common.o (__udivmodhi4)
/usr/lib/gcc/msp430/4.5.3/mmpy-16/libgcc.a(_divmodhi4.o)
                              contiki-sky.a(nbr-table.o) (__divmodhi4)
/usr/lib/gcc/msp430/4.5.3/mmpy-16/libgcc.a(_udivmodsi4.o)
                              obj_sky/contiki-sky-main.o (__udivmodsi4)
/usr/lib/gcc/msp430/4.5.3/../../../../msp430/lib/mmpy-16/libc.a(strncmp.o)
                              obj_sky/collect-common.o (strncmp)
/usr/lib/gcc/msp430/4.5.3/../../../../msp430/lib/mmpy-16/libc.a(memcmp.o)
[...]
Memory Configuration

Name             Origin             Length             Attributes
sfr              0x00000000         0x00000010
peripheral_8bit  0x00000010         0x000000f0
peripheral_16bit 0x00000100         0x00000100
infomem          0x00001000         0x00000100
infob            0x00001000         0x00000080
infoa            0x00001080         0x00000080
ram              0x00001100         0x00002800         xw
rom              0x00004000         0x0000bfe0         xr
vectors          0x0000ffe0         0x00000020
bsl              0x00000000         0x00000000
infoc            0x00000000         0x00000000
infod            0x00000000         0x00000000
far_rom          0x00000000         0x00000000
*default*        0x00000000         0xffffffff

Linker script and memory map

LOAD /usr/lib/gcc/msp430/4.5.3/mmpy-16/crt0ivtbl16.o
LOAD udp-sink.co
LOAD obj_sky/collect-common.o
LOAD obj_sky/contiki-sky-main.o
LOAD contiki-sky.a
LOAD /usr/lib/gcc/msp430/4.5.3/mmpy-16/libgcc.a
LOAD /usr/lib/gcc/msp430/4.5.3/../../../../msp430/lib/mmpy-16/libc.a
LOAD /usr/lib/gcc/msp430/4.5.3/mmpy-16/libgcc.a
LOAD /usr/lib/gcc/msp430/4.5.3/mmpy-16/libcrt0.a
                0x00000000                __IE1 = 0x0
                0x00000002                __IFG1 = 0x2
                0x00000004                __ME1 = 0x4
                0x00000001                __IE2 = 0x1
                0x00000003                __IFG2 = 0x3
                0x00000005                __ME2 = 0x5
                0x00000120                __WDTCTL = 0x120
                0x00000130                __MPY = 0x130
                0x00000132                __MPYS = 0x132
                0x00000134                __MAC = 0x134
                0x00000136                __MACS = 0x136
                0x00000138                __OP2 = 0x138
                0x0000013a                __RESLO = 0x13a
                0x0000013c                __RESHI = 0x13c
                0x0000013e                __SUMEXT = 0x13e
                0x00000020                __P1IN = 0x20
                0x00000021                __P1OUT = 0x21
                0x00000022                __P1DIR = 0x22
                0x00000023                __P1IFG = 0x23
                0x00000024                __P1IES = 0x24
                0x00000025                __P1IE = 0x25
                0x00000026                __P1SEL = 0x26
                0x00000028                __P2IN = 0x28
                0x00000029                __P2OUT = 0x29
                0x0000002a                __P2DIR = 0x2a
                0x0000002b                __P2IFG = 0x2b
                0x0000002c                __P2IES = 0x2c
                0x0000002d                __P2IE = 0x2d
                0x0000002e                __P2SEL = 0x2e
                0x00000018                __P3IN = 0x18
                0x00000019                __P3OUT = 0x19
                0x0000001a                __P3DIR = 0x1a
                0x0000001b                __P3SEL = 0x1b
                0x0000001c                __P4IN = 0x1c
                0x0000001d                __P4OUT = 0x1d
                0x0000001e                __P4DIR = 0x1e
                0x0000001f                __P4SEL = 0x1f
                0x00000030                __P5IN = 0x30
                0x00000031                __P5OUT = 0x31
                0x00000032                __P5DIR = 0x32
                0x00000033                __P5SEL = 0x33
                0x00000034                __P6IN = 0x34
                0x00000035                __P6OUT = 0x35
                0x00000036                __P6DIR = 0x36
                0x00000037                __P6SEL = 0x37
                0x00000070                __U0CTL = 0x70
                0x00000071                __U0TCTL = 0x71
                0x00000072                __U0RCTL = 0x72
                0x00000073                __U0MCTL = 0x73
                0x00000074                __U0BR0 = 0x74
                0x00000075                __U0BR1 = 0x75
                0x00000076                __U0RXBUF = 0x76
                0x00000077                __U0TXBUF = 0x77
                0x00000078                __U1CTL = 0x78
                0x00000079                __U1TCTL = 0x79
                0x0000007a                __U1RCTL = 0x7a
                0x0000007b                __U1MCTL = 0x7b
                0x0000007c                __U1BR0 = 0x7c
                0x0000007d                __U1BR1 = 0x7d
                0x0000007e                __U1RXBUF = 0x7e
                0x0000007f                __U1TXBUF = 0x7f
                0x00000050                __I2CIE = 0x50
                0x00000051                __I2CIFG = 0x51
                0x00000052                __I2CNDAT = 0x52
                0x00000071                __I2CTCTL = 0x71
                0x00000072                __I2CDCTL = 0x72
                0x00000073                __I2CPSC = 0x73
                0x00000074                __I2CSCLH = 0x74
                0x00000075                __I2CSCLL = 0x75
                0x00000076                __I2CDRB = 0x76
                0x00000076                __I2CDRW = 0x76
                0x00000118                __I2COA = 0x118
                0x0000011a                __I2CSA = 0x11a
                0x0000011c                __I2CIV = 0x11c
                0x0000012e                __TAIV = 0x12e
                0x00000160                __TACTL = 0x160
                0x00000162                __TACCTL0 = 0x162
                0x00000164                __TACCTL1 = 0x164
                0x00000166                __TACCTL2 = 0x166
                0x00000170                __TAR = 0x170
                0x00000172                __TACCR0 = 0x172
                0x00000174                __TACCR1 = 0x174
                0x00000176                __TACCR2 = 0x176
                0x0000011e                __TBIV = 0x11e
                0x00000180                __TBCTL = 0x180
                0x00000182                __TBCCTL0 = 0x182
                0x00000184                __TBCCTL1 = 0x184
                0x00000186                __TBCCTL2 = 0x186
                0x00000188                __TBCCTL3 = 0x188
                0x0000018a                __TBCCTL4 = 0x18a
                0x0000018c                __TBCCTL5 = 0x18c
                0x0000018e                __TBCCTL6 = 0x18e
                0x00000190                __TBR = 0x190
                0x00000192                __TBCCR0 = 0x192
                0x00000194                __TBCCR1 = 0x194
                0x00000196                __TBCCR2 = 0x196
                0x00000198                __TBCCR3 = 0x198
                0x0000019a                __TBCCR4 = 0x19a
                0x0000019c                __TBCCR5 = 0x19c
                0x0000019e                __TBCCR6 = 0x19e
                0x00000056                __DCOCTL = 0x56
                0x00000057                __BCSCTL1 = 0x57
                0x00000058                __BCSCTL2 = 0x58
                0x00000055                __SVSCTL = 0x55
                0x00000128                __FCTL1 = 0x128
                0x0000012a                __FCTL2 = 0x12a
                0x0000012c                __FCTL3 = 0x12c
                0x00000059                __CACTL1 = 0x59
                0x0000005a                __CACTL2 = 0x5a
                0x0000005b                __CAPD = 0x5b
                0x000001a0                __ADC12CTL0 = 0x1a0
                0x000001a2                __ADC12CTL1 = 0x1a2
                0x000001a4                __ADC12IFG = 0x1a4
                0x000001a6                __ADC12IE = 0x1a6
                0x000001a8                __ADC12IV = 0x1a8
                0x00000140                __ADC12MEM0 = 0x140
                0x00000142                __ADC12MEM1 = 0x142
                0x00000144                __ADC12MEM2 = 0x144
                0x00000146                __ADC12MEM3 = 0x146
                0x00000148                __ADC12MEM4 = 0x148
                0x0000014a                __ADC12MEM5 = 0x14a
                0x0000014c                __ADC12MEM6 = 0x14c
                0x0000014e                __ADC12MEM7 = 0x14e
                0x00000150                __ADC12MEM8 = 0x150
                0x00000152                __ADC12MEM9 = 0x152
                0x00000154                __ADC12MEM10 = 0x154
                0x00000156                __ADC12MEM11 = 0x156
                0x00000158                __ADC12MEM12 = 0x158
                0x0000015a                __ADC12MEM13 = 0x15a
                0x0000015c                __ADC12MEM14 = 0x15c
                0x0000015e                __ADC12MEM15 = 0x15e
                0x00000080                __ADC12MCTL0 = 0x80
                0x00000081                __ADC12MCTL1 = 0x81
                0x00000082                __ADC12MCTL2 = 0x82
                0x00000083                __ADC12MCTL3 = 0x83
                0x00000084                __ADC12MCTL4 = 0x84
                0x00000085                __ADC12MCTL5 = 0x85
                0x00000086                __ADC12MCTL6 = 0x86
                0x00000087                __ADC12MCTL7 = 0x87
                0x00000088                __ADC12MCTL8 = 0x88
                0x00000089                __ADC12MCTL9 = 0x89
                0x0000008a                __ADC12MCTL10 = 0x8a
                0x0000008b                __ADC12MCTL11 = 0x8b
                0x0000008c                __ADC12MCTL12 = 0x8c
                0x0000008d                __ADC12MCTL13 = 0x8d
                0x0000008e                __ADC12MCTL14 = 0x8e
                0x0000008f                __ADC12MCTL15 = 0x8f
                0x000001c0                __DAC12_0CTL = 0x1c0
                0x000001c2                __DAC12_1CTL = 0x1c2
                0x000001c8                __DAC12_0DAT = 0x1c8
                0x000001ca                __DAC12_1DAT = 0x1ca
                0x00000122                __DMACTL0 = 0x122
                0x00000124                __DMACTL1 = 0x124
                0x000001e0                __DMA0CTL = 0x1e0
                0x000001e8                __DMA1CTL = 0x1e8
                0x000001f0                __DMA2CTL = 0x1f0
                0x000001e2                __DMA0SA = 0x1e2
                0x000001e4                __DMA0DA = 0x1e4
                0x000001e6                __DMA0SZ = 0x1e6
                0x000001ea                __DMA1SA = 0x1ea
                0x000001ec                __DMA1DA = 0x1ec
                0x000001ee                __DMA1SZ = 0x1ee
                0x000001f2                __DMA2SA = 0x1f2
                0x000001f4                __DMA2DA = 0x1f4
                0x000001f6                __DMA2SZ = 0x1f6

.hash
 *(.hash)

.dynsym
 *(.dynsym)

.dynstr
 *(.dynstr)

.gnu.version
 *(.gnu.version)

.gnu.version_d
 *(.gnu.version_d)

.gnu.version_r
 *(.gnu.version_r)

.rel.init
 *(.rel.init)

.rela.init
 *(.rela.init)

.rel.text
 *(.rel.text)
 *(.rel.text.*)
 *(.rel.gnu.linkonce.t*)

.rela.text
 *(.rela.text)
 *(.rela.text.*)
 *(.rela.gnu.linkonce.t*)

.rel.fini
 *(.rel.fini)

.rela.fini
 *(.rela.fini)

.rel.rodata
 *(.rel.rodata)
 *(.rel.rodata.*)
 *(.rel.gnu.linkonce.r*)

.rela.rodata
 *(.rela.rodata)
 *(.rela.rodata.*)
 *(.rela.gnu.linkonce.r*)

.rel.data
 *(.rel.data)
 *(.rel.data.*)
 *(.rel.gnu.linkonce.d*)

.rela.data
 *(.rela.data)
 *(.rela.data.*)
 *(.rela.gnu.linkonce.d*)

.rel.ctors
 *(.rel.ctors)

.rela.ctors
 *(.rela.ctors)

.rel.dtors
 *(.rel.dtors)

.rela.dtors
 *(.rela.dtors)

.rel.got
 *(.rel.got)

.rela.got
 *(.rela.got)

.rel.bss
 *(.rel.bss)

.rela.bss
 *(.rela.bss)

.rel.plt
 *(.rel.plt)

.rela.plt
 *(.rela.plt)

.text           0x00004000     0xb132
                0x00004000                . = ALIGN (0x2)
 *(.init)
 *(.init0)
 .init0         0x00004000        0x0 /usr/lib/gcc/msp430/4.5.3/mmpy-16/libcrt0.a(_reset_vector__.o)
                0x00004000                _reset_vector__
 *(.init1)
 *(.init2)
 .init2         0x00004000        0x4 /usr/lib/gcc/msp430/4.5.3/mmpy-16/libcrt0.a(__init_stack.o)
                0x00004000                __init_stack
 *(.init3)
 .init3         0x00004004        0xa /usr/lib/gcc/msp430/4.5.3/mmpy-16/libcrt0.a(__low_level_init.o)
                0x00004004                __low_level_init
 *(.init4)
 .init4         0x0000400e       0x16 /usr/lib/gcc/msp430/4.5.3/mmpy-16/libcrt0.a(_copy_data.o)
                0x0000400e                __do_copy_data
 .init4         0x00004024       0x14 /usr/lib/gcc/msp430/4.5.3/mmpy-16/libcrt0.a(_clear_bss.o)
                0x00004024                __do_clear_bss
 *(.init5)
 *(.init6)
 *(.init7)
 *(.init8)
 *(.init9)
 .init9         0x00004038      0x364 obj_sky/contiki-sky-main.o
                0x00004038                main
 *(.fini9)
 .fini9         0x0000439c        0x0 /usr/lib/gcc/msp430/4.5.3/mmpy-16/libcrt0.a(__stop_progExec__.o)
                0x0000439c                __stop_progExec__
 *(.fini8)
 *(.fini7)
 *(.fini6)
 *(.fini5)
 *(.fini4)
 *(.fini3)
 *(.fini2)
 *(.fini1)
 *(.fini0)
 .fini0         0x0000439c        0x6 /usr/lib/gcc/msp430/4.5.3/mmpy-16/libcrt0.a(_endless_loop__.o)
                0x0000439c                _endless_loop__
 *(.fini)
                0x000043a2                . = ALIGN (0x2)
                0x000043a2                __ctors_start = .
 *(.ctors)
                0x000043a2                __ctors_end = .
                0x000043a2                __dtors_start = .
 *(.dtors)
                0x000043a2                __dtors_end = .
                0x000043a2                . = ALIGN (0x2)
 *(.text)
 .text          0x000043a2        0x4 /usr/lib/gcc/msp430/4.5.3/mmpy-16/crt0ivtbl16.o
                0x000043a2                __isr_14
                0x000043a2                __isr_11
                0x000043a2                __isr_2
                0x000043a2                __isr_7
                0x000043a2                __isr_0
                0x000043a2                __isr_8
                0x000043a2                __isr_3
                0x000043a2                __isr_12
                0x000043a2                __isr_13
                0x000043a2                __isr_9
 .text          0x000043a6      0x100 udp-sink.co
                0x000044a0                autostart_processes
 .text          0x000044a6       0xce obj_sky/collect-common.o
 .text          0x00004574      0x11d obj_sky/contiki-sky-main.o
 *fill*         0x00004691        0x1 00
 .text          0x00004692        0x8 contiki-sky.a(rimeaddr.o)
                0x00004692                rimeaddr_null
 .text          0x0000469a       0x14 contiki-sky.a(csma.o)
                0x000046a0                csma_driver
 .text          0x000046ae       0x1c contiki-sky.a(contikimac.o)
                0x000046ba                contikimac_driver
 .text          0x000046ca        0xe contiki-sky.a(serial-line.o)
 .text          0x000046d8        0xc contiki-sky.a(etimer.o)
 .text          0x000046e4        0xf contiki-sky.a(ctimer.o)
 *fill*         0x000046f3        0x1 00
 .text          0x000046f4       0x24 contiki-sky.a(sicslowpan.o)
                0x000046f4                unc_llconf
                0x000046f8                unc_ctxconf
                0x000046fc                unc_mxconf
                0x00004700                llprefix
                0x0000470e                sicslowpan_driver
 .text          0x00004718        0xd contiki-sky.a(tcpip.o)
 .text          0x00004725       0x1a contiki-sky.a(uip-debug.o)
 *fill*         0x0000473f        0x1 00
 .text          0x00004740       0x20 contiki-sky.a(uip6.o)
 .text          0x00004760       0x10 contiki-sky.a(button-sensor.o)
                0x00004768                button_sensor
 .text          0x00004770        0x8 contiki-sky.a(sensors.o)
 .text          0x00004778       0x22 contiki-sky.a(cc2420.o)
                0x00004786                cc2420_driver
 .text          0x0000479a        0x4 contiki-sky.a(framer-802154.o)
                0x0000479a                framer_802154
 .text          0x0000479e        0x2 contiki-sky.a(frame802154.o)
 .text          0x000047a0       0x30 /usr/lib/gcc/msp430/4.5.3/../../../../msp430/lib/mmpy-16/libc.a(strncmp.o)
                0x000047a0                strncmp
 .text          0x000047d0       0x34 /usr/lib/gcc/msp430/4.5.3/../../../../msp430/lib/mmpy-16/libc.a(memcmp.o)
                0x000047d0                memcmp
 .text          0x00004804      0x104 /usr/lib/gcc/msp430/4.5.3/../../../../msp430/lib/mmpy-16/libc.a(memcpy.o)
                0x00004804                memcpy
 .text          0x00004908      0x104 /usr/lib/gcc/msp430/4.5.3/../../../../msp430/lib/mmpy-16/libc.a(memmove.o)
                0x00004908                memmove
 .text          0x00004a0c       0x66 /usr/lib/gcc/msp430/4.5.3/../../../../msp430/lib/mmpy-16/libc.a(memset.o)
                0x00004a0c                memset
 .text          0x00004a72       0x20 /usr/lib/gcc/msp430/4.5.3/../../../../msp430/lib/mmpy-16/libc.a(printf.o)
                0x00004a72                printf
                0x00004a84                vprintf
 .text          0x00004a92      0x476 /usr/lib/gcc/msp430/4.5.3/../../../../msp430/lib/mmpy-16/libc.a(vuprintf.o)
                0x00004b9e                vuprintf
 .text          0x00004f08       0x2c /usr/lib/gcc/msp430/4.5.3/../../../../msp430/lib/mmpy-16/libc.a(puts.o)
                0x00004f08                puts
 .text          0x00004f34      0x134 /usr/lib/gcc/msp430/4.5.3/../../../../msp430/lib/mmpy-16/libc.a(rand.o)
                0x00004f34                rand_r
                0x00004fc8                rand
                0x0000505e                srand
                0x00005068                . = ALIGN (0x2)
 *(.text.*)
 .text.process_thread_udp_server_process
                0x00005068      0x232 udp-sink.co
 .text.collect_common_set_sink
                0x0000529a        0x2 udp-sink.co
                0x0000529a                collect_common_set_sink
 .text.collect_common_net_print
                0x0000529c        0xa udp-sink.co
                0x0000529c                collect_common_net_print
 .text.collect_common_send
                0x000052a6        0x2 udp-sink.co
                0x000052a6                collect_common_send
 .text.collect_common_net_init
                0x000052a8       0x16 udp-sink.co
                0x000052a8                collect_common_net_init
 .text.process_thread_collect_common_process
                0x000052be      0x1fe obj_sky/collect-common.o
 .text.collect_common_recv
                0x000054bc       0xca obj_sky/collect-common.o
                0x000054bc                collect_common_recv
 .text.rimeaddr_copy
                0x00005586        0x8 contiki-sky.a(rimeaddr.o)
                0x00005586                rimeaddr_copy
 .text.rimeaddr_cmp
                0x0000558e       0x12 contiki-sky.a(rimeaddr.o)
                0x0000558e                rimeaddr_cmp
 .text.rimeaddr_set_node_addr
                0x000055a0        0xc contiki-sky.a(rimeaddr.o)
                0x000055a0                rimeaddr_set_node_addr
 .text.input_packet
                0x000055ac        0x6 contiki-sky.a(csma.o)
 .text.on       0x000055b2        0x6 contiki-sky.a(csma.o)
 .text.off      0x000055b8        0x6 contiki-sky.a(csma.o)
 .text.channel_check_interval
                0x000055be        0xc contiki-sky.a(csma.o)
 .text.transmit_packet_list
                0x000055ca       0x24 contiki-sky.a(csma.o)
 .text.send_packet
                0x000055ee      0x166 contiki-sky.a(csma.o)
 .text.free_packet
                0x00005754       0x94 contiki-sky.a(csma.o)
 .text.packet_sent
                0x000057e8      0x130 contiki-sky.a(csma.o)
 .text.init     0x00005918       0x1a contiki-sky.a(csma.o)
 .text.on       0x00005932       0x16 contiki-sky.a(contikimac.o)
 .text.off      0x00005948       0x1e contiki-sky.a(contikimac.o)
 .text.recv_burst_off
                0x00005966        0xa contiki-sky.a(contikimac.o)
 .text.turn_off
                0x00005970       0x20 contiki-sky.a(contikimac.o)
 .text.duty_cycle
                0x00005990        0x6 contiki-sky.a(contikimac.o)
 .text.turn_on  0x00005996       0x30 contiki-sky.a(contikimac.o)
 .text.schedule_powercycle_fixed
                0x000059c6       0x40 contiki-sky.a(contikimac.o)
 .text.powercycle_turn_radio_off
                0x00005a06       0x2c contiki-sky.a(contikimac.o)
 .text.powercycle
                0x00005a32      0x1c0 contiki-sky.a(contikimac.o)
 .text.input_packet
                0x00005bf2      0x108 contiki-sky.a(contikimac.o)
 .text.send_packet
                0x00005cfa      0x2ba contiki-sky.a(contikimac.o)
 .text.qsend_list
                0x00005fb4       0x86 contiki-sky.a(contikimac.o)
 .text.qsend_packet
                0x0000603a       0x28 contiki-sky.a(contikimac.o)
 .text.init     0x00006062       0x2e contiki-sky.a(contikimac.o)
 .text.send_packet
                0x00006090       0x44 contiki-sky.a(phase.o)
 .text.phase_update
                0x000060d4       0x90 contiki-sky.a(phase.o)
                0x000060d4                phase_update
 .text.phase_wait
                0x00006164      0x112 contiki-sky.a(phase.o)
                0x00006164                phase_wait
 .text.phase_init
                0x00006276       0x14 contiki-sky.a(phase.o)
                0x00006276                phase_init
 .text.lollipop_greater_than
                0x0000628a       0x44 contiki-sky.a(rpl-dag.o)
 .text.find_parent_any_dag_any_instance
                0x000062ce       0x14 contiki-sky.a(rpl-dag.o)
 .text.rpl_set_preferred_parent
                0x000062e2       0x30 contiki-sky.a(rpl-dag.o)
 .text.set_ip_from_prefix
                0x00006312       0x3a contiki-sky.a(rpl-dag.o)
 .text.check_prefix
                0x0000634c       0x7c contiki-sky.a(rpl-dag.o)
 .text.rpl_dag_init
                0x000063c8        0xe contiki-sky.a(rpl-dag.o)
                0x000063c8                rpl_dag_init
 .text.rpl_get_parent_ipaddr
                0x000063d6       0x10 contiki-sky.a(rpl-dag.o)
                0x000063d6                rpl_get_parent_ipaddr
 .text.rpl_set_prefix
                0x000063e6       0x90 contiki-sky.a(rpl-dag.o)
                0x000063e6                rpl_set_prefix
 .text.rpl_set_default_route
                0x00006476       0x62 contiki-sky.a(rpl-dag.o)
                0x00006476                rpl_set_default_route
 .text.rpl_alloc_instance
                0x000064d8       0x2c contiki-sky.a(rpl-dag.o)
                0x000064d8                rpl_alloc_instance
 .text.rpl_add_parent
                0x00006504       0x38 contiki-sky.a(rpl-dag.o)
                0x00006504                rpl_add_parent
 .text.rpl_find_parent
                0x0000653c       0x1a contiki-sky.a(rpl-dag.o)
                0x0000653c                rpl_find_parent
 .text.rpl_find_parent_any_dag
                0x00006556       0x26 contiki-sky.a(rpl-dag.o)
                0x00006556                rpl_find_parent_any_dag
 .text.rpl_select_parent
                0x0000657c       0x5c contiki-sky.a(rpl-dag.o)
                0x0000657c                rpl_select_parent
 .text.rpl_select_dag
                0x000065d8      0x1b4 contiki-sky.a(rpl-dag.o)
                0x000065d8                rpl_select_dag
 .text.rpl_nullify_parent
                0x0000678c       0x4e contiki-sky.a(rpl-dag.o)
                0x0000678c                rpl_nullify_parent
 .text.rpl_remove_parent
                0x000067da       0x16 contiki-sky.a(rpl-dag.o)
                0x000067da                rpl_remove_parent
 .text.remove_parents.clone.2
                0x000067f0       0x32 contiki-sky.a(rpl-dag.o)
 .text.rpl_free_dag
                0x00006822       0x36 contiki-sky.a(rpl-dag.o)
                0x00006822                rpl_free_dag
 .text.rpl_free_instance
                0x00006858       0x5c contiki-sky.a(rpl-dag.o)
                0x00006858                rpl_free_instance
 .text.rpl_move_parent
                0x000068b4       0x6e contiki-sky.a(rpl-dag.o)
                0x000068b4                rpl_move_parent
 .text.rpl_get_any_dag
                0x00006922       0x18 contiki-sky.a(rpl-dag.o)
                0x00006922                rpl_get_any_dag
 .text.rpl_get_instance
                0x0000693a       0x16 contiki-sky.a(rpl-dag.o)
                0x0000693a                rpl_get_instance
 .text.get_dag  0x00006950       0x5c contiki-sky.a(rpl-dag.o)
 .text.rpl_alloc_dag
                0x000069ac       0x6a contiki-sky.a(rpl-dag.o)
                0x000069ac                rpl_alloc_dag
 .text.rpl_set_root
                0x00006a16       0xe8 contiki-sky.a(rpl-dag.o)
                0x00006a16                rpl_set_root
 .text.rpl_repair_root
                0x00006afe       0x4c contiki-sky.a(rpl-dag.o)
                0x00006afe                rpl_repair_root
 .text.rpl_find_of
                0x00006b4a       0x10 contiki-sky.a(rpl-dag.o)
                0x00006b4a                rpl_find_of
 .text.rpl_join_instance
                0x00006b5a      0x142 contiki-sky.a(rpl-dag.o)
                0x00006b5a                rpl_join_instance
 .text.rpl_local_repair
                0x00006c9c       0x7a contiki-sky.a(rpl-dag.o)
                0x00006c9c                rpl_local_repair
 .text.rpl_process_parent_event
                0x00006d16       0x88 contiki-sky.a(rpl-dag.o)
                0x00006d16                rpl_process_parent_event
 .text.rpl_recalculate_ranks
                0x00006d9e       0x42 contiki-sky.a(rpl-dag.o)
                0x00006d9e                rpl_recalculate_ranks
 .text.rpl_add_dag
                0x00006de0      0x116 contiki-sky.a(rpl-dag.o)
                0x00006de0                rpl_add_dag
 .text.rpl_process_dio
                0x00006ef6      0x272 contiki-sky.a(rpl-dag.o)
                0x00006ef6                rpl_process_dio
 .text.get32    0x00007168       0x46 contiki-sky.a(rpl-icmp6.o)
 .text.set32    0x000071ae       0x3c contiki-sky.a(rpl-icmp6.o)
 .text.get16    0x000071ea        0xe contiki-sky.a(rpl-icmp6.o)
 .text.set16    0x000071f8       0x10 contiki-sky.a(rpl-icmp6.o)
 .text.dis_output
                0x00007208       0x50 contiki-sky.a(rpl-icmp6.o)
                0x00007208                dis_output
 .text.dio_output
                0x00007258      0x29e contiki-sky.a(rpl-icmp6.o)
                0x00007258                dio_output
 .text.dao_output_target
                0x000074f6       0xde contiki-sky.a(rpl-icmp6.o)
                0x000074f6                dao_output_target
 .text.dao_output
                0x000075d4       0x7a contiki-sky.a(rpl-icmp6.o)
                0x000075d4                dao_output
 .text.dao_ack_output
                0x0000764e       0x3c contiki-sky.a(rpl-icmp6.o)
                0x0000764e                dao_ack_output
 .text.uip_rpl_input
                0x0000768a      0x548 contiki-sky.a(rpl-icmp6.o)
                0x0000768a                uip_rpl_input
 .text.new_dio_interval
                0x00007bd2       0xb8 contiki-sky.a(rpl-timers.o)
 .text.handle_dao_timer
                0x00007c8a       0x50 contiki-sky.a(rpl-timers.o)
 .text.handle_dio_timer
                0x00007cda       0x82 contiki-sky.a(rpl-timers.o)
 .text.handle_periodic_timer
                0x00007d5c       0x2e contiki-sky.a(rpl-timers.o)
 .text.rpl_reset_periodic_timer
                0x00007d8a       0x56 contiki-sky.a(rpl-timers.o)
                0x00007d8a                rpl_reset_periodic_timer
 .text.rpl_reset_dio_timer
                0x00007de0       0x18 contiki-sky.a(rpl-timers.o)
                0x00007de0                rpl_reset_dio_timer
 .text.rpl_schedule_dao
                0x00007df8       0x48 contiki-sky.a(rpl-timers.o)
                0x00007df8                rpl_schedule_dao
 .text.reset    0x00007e40        0x2 contiki-sky.a(rpl-mrhof.o)
 .text.neighbor_link_callback
                0x00007e42       0x7e contiki-sky.a(rpl-mrhof.o)
 .text.calculate_rank
                0x00007ec0       0x30 contiki-sky.a(rpl-mrhof.o)
 .text.best_dag
                0x00007ef0       0x34 contiki-sky.a(rpl-mrhof.o)
 .text.best_parent
                0x00007f24       0x52 contiki-sky.a(rpl-mrhof.o)
 .text.update_metric_container
                0x00007f76        0x6 contiki-sky.a(rpl-mrhof.o)
 .text.call_process
                0x00007f7c       0x4c contiki-sky.a(process.o)
 .text.exit_process
                0x00007fc8       0x94 contiki-sky.a(process.o)
 .text.do_poll  0x0000805c       0x30 contiki-sky.a(process.o)
 .text.process_alloc_event
                0x0000808c        0xe contiki-sky.a(process.o)
                0x0000808c                process_alloc_event
 .text.process_init
                0x0000809a       0x1c contiki-sky.a(process.o)
                0x0000809a                process_init
 .text.process_run
                0x000080b6       0x9c contiki-sky.a(process.o)
                0x000080b6                process_run
 .text.process_nevents
                0x00008152        0xc contiki-sky.a(process.o)
                0x00008152                process_nevents
 .text.process_post
                0x0000815e       0x54 contiki-sky.a(process.o)
                0x0000815e                process_post
 .text.process_post_synch
                0x000081b2       0x12 contiki-sky.a(process.o)
                0x000081b2                process_post_synch
 .text.process_start
                0x000081c4       0x32 contiki-sky.a(process.o)
                0x000081c4                process_start
 .text.process_poll
                0x000081f6       0x1a contiki-sky.a(process.o)
                0x000081f6                process_poll
 .text.autostart_start
                0x00008210       0x18 contiki-sky.a(autostart.o)
                0x00008210                autostart_start
 .text.compower_accumulate
                0x00008228       0x72 contiki-sky.a(compower.o)
                0x00008228                compower_accumulate
 .text.compower_clear
                0x0000829a       0x12 contiki-sky.a(compower.o)
                0x0000829a                compower_clear
 .text.compower_attrconv
                0x000082ac       0x10 contiki-sky.a(compower.o)
                0x000082ac                compower_attrconv
 .text.process_thread_serial_line_process
                0x000082bc       0xa6 contiki-sky.a(serial-line.o)
 .text.serial_line_input_byte
                0x00008362       0x46 contiki-sky.a(serial-line.o)
                0x00008362                serial_line_input_byte
 .text.serial_line_init
                0x000083a8       0x1c contiki-sky.a(serial-line.o)
                0x000083a8                serial_line_init
 .text.memb_init
                0x000083c4       0x36 contiki-sky.a(memb.o)
                0x000083c4                memb_init
 .text.memb_alloc
                0x000083fa       0x3e contiki-sky.a(memb.o)
                0x000083fa                memb_alloc
 .text.memb_free
                0x00008438       0x3a contiki-sky.a(memb.o)
                0x00008438                memb_free
 .text.memb_inmemb
                0x00008472       0x2e contiki-sky.a(memb.o)
                0x00008472                memb_inmemb
 .text.timer_set
                0x000084a0       0x1c contiki-sky.a(timer.o)
                0x000084a0                timer_set
 .text.timer_reset
                0x000084bc        0xe contiki-sky.a(timer.o)
                0x000084bc                timer_reset
 .text.timer_restart
                0x000084ca       0x14 contiki-sky.a(timer.o)
                0x000084ca                timer_restart
 .text.timer_expired
                0x000084de       0x2e contiki-sky.a(timer.o)
                0x000084de                timer_expired
 .text.list_init
                0x0000850c        0x6 contiki-sky.a(list.o)
                0x0000850c                list_init
 .text.list_head
                0x00008512        0x4 contiki-sky.a(list.o)
                0x00008512                list_head
 .text.list_tail
                0x00008516       0x14 contiki-sky.a(list.o)
                0x00008516                list_tail
 .text.list_remove
                0x0000852a       0x2e contiki-sky.a(list.o)
                0x0000852a                list_remove
 .text.list_push
                0x00008558       0x1a contiki-sky.a(list.o)
                0x00008558                list_push
 .text.list_add
                0x00008572       0x2a contiki-sky.a(list.o)
                0x00008572                list_add
 .text.list_length
                0x0000859c       0x10 contiki-sky.a(list.o)
                0x0000859c                list_length
 .text.list_item_next
                0x000085ac        0x8 contiki-sky.a(list.o)
                0x000085ac                list_item_next
 .text.update_time
                0x000085b4       0x78 contiki-sky.a(etimer.o)
 .text.etimer_request_poll
                0x0000862c        0xa contiki-sky.a(etimer.o)
                0x0000862c                etimer_request_poll
 .text.process_thread_etimer_process
                0x00008636       0xce contiki-sky.a(etimer.o)
 .text.add_timer
                0x00008704       0x40 contiki-sky.a(etimer.o)
 .text.etimer_set
                0x00008744       0x12 contiki-sky.a(etimer.o)
                0x00008744                etimer_set
 .text.etimer_reset
                0x00008756       0x12 contiki-sky.a(etimer.o)
                0x00008756                etimer_reset
 .text.etimer_restart
                0x00008768       0x12 contiki-sky.a(etimer.o)
                0x00008768                etimer_restart
 .text.etimer_expired
                0x0000877a        0xe contiki-sky.a(etimer.o)
                0x0000877a                etimer_expired
 .text.etimer_expiration_time
                0x00008788       0x14 contiki-sky.a(etimer.o)
                0x00008788                etimer_expiration_time
 .text.etimer_pending
                0x0000879c        0xe contiki-sky.a(etimer.o)
                0x0000879c                etimer_pending
 .text.etimer_next_expiration_time
                0x000087aa       0x16 contiki-sky.a(etimer.o)
                0x000087aa                etimer_next_expiration_time
 .text.etimer_stop
                0x000087c0       0x3c contiki-sky.a(etimer.o)
                0x000087c0                etimer_stop
 .text.process_thread_ctimer_process
                0x000087fc       0xa4 contiki-sky.a(ctimer.o)
 .text.ctimer_init
                0x000088a0       0x18 contiki-sky.a(ctimer.o)
                0x000088a0                ctimer_init
 .text.ctimer_set
                0x000088b8       0x5a contiki-sky.a(ctimer.o)
                0x000088b8                ctimer_set
 .text.ctimer_reset
                0x00008912       0x3a contiki-sky.a(ctimer.o)
                0x00008912                ctimer_reset
 .text.ctimer_stop
                0x0000894c       0x28 contiki-sky.a(ctimer.o)
                0x0000894c                ctimer_stop
 .text.energest_init
                0x00008974       0x2a contiki-sky.a(energest.o)
                0x00008974                energest_init
 .text.energest_type_time
                0x0000899e       0x44 contiki-sky.a(energest.o)
                0x0000899e                energest_type_time
 .text.energest_type_set
                0x000089e2        0xe contiki-sky.a(energest.o)
                0x000089e2                energest_type_set
 .text.energest_flush
                0x000089f0       0x4a contiki-sky.a(energest.o)
                0x000089f0                energest_flush
 .text.rtimer_init
                0x00008a3a        0x6 contiki-sky.a(rtimer.o)
                0x00008a3a                rtimer_init
 .text.rtimer_set
                0x00008a40       0x24 contiki-sky.a(rtimer.o)
                0x00008a40                rtimer_set
 .text.rtimer_run_next
                0x00008a64       0x26 contiki-sky.a(rtimer.o)
                0x00008a64                rtimer_run_next
 .text.stimer_set
                0x00008a8a       0x1c contiki-sky.a(stimer.o)
                0x00008a8a                stimer_set
 .text.stimer_expired
                0x00008aa6       0x42 contiki-sky.a(stimer.o)
                0x00008aa6                stimer_expired
 .text.random_init
                0x00008ae8        0x6 contiki-sky.a(random.o)
                0x00008ae8                random_init
 .text.random_rand
                0x00008aee        0x6 contiki-sky.a(random.o)
                0x00008aee                random_rand
 .text.ringbuf_init
                0x00008af4       0x14 contiki-sky.a(ringbuf.o)
                0x00008af4                ringbuf_init
 .text.ringbuf_put
                0x00008b08       0x3c contiki-sky.a(ringbuf.o)
                0x00008b08                ringbuf_put
 .text.ringbuf_get
                0x00008b44       0x32 contiki-sky.a(ringbuf.o)
                0x00008b44                ringbuf_get
 .text.index_from_key
                0x00008b76       0xb4 contiki-sky.a(nbr-table.o)
 .text.item_from_key
                0x00008c2a       0x38 contiki-sky.a(nbr-table.o)
 .text.key_from_item
                0x00008c62       0x3a contiki-sky.a(nbr-table.o)
 .text.nbr_set_bit
                0x00008c9c       0x6e contiki-sky.a(nbr-table.o)
 .text.index_from_lladdr
                0x00008d0a       0x42 contiki-sky.a(nbr-table.o)
 .text.nbr_get_bit.clone.0
                0x00008d4c       0x40 contiki-sky.a(nbr-table.o)
 .text.nbr_table_register
                0x00008d8c       0x26 contiki-sky.a(nbr-table.o)
                0x00008d8c                nbr_table_register
 .text.nbr_table_next
                0x00008db2       0x36 contiki-sky.a(nbr-table.o)
                0x00008db2                nbr_table_next
 .text.nbr_table_head
                0x00008de8       0x36 contiki-sky.a(nbr-table.o)
                0x00008de8                nbr_table_head
 .text.nbr_table_add_lladdr
                0x00008e1e      0x13e contiki-sky.a(nbr-table.o)
                0x00008e1e                nbr_table_add_lladdr
 .text.nbr_table_get_from_lladdr
                0x00008f5c       0x4c contiki-sky.a(nbr-table.o)
                0x00008f5c                nbr_table_get_from_lladdr
 .text.nbr_table_remove
                0x00008fa8       0x32 contiki-sky.a(nbr-table.o)
                0x00008fa8                nbr_table_remove
 .text.nbr_table_lock
                0x00008fda       0x10 contiki-sky.a(nbr-table.o)
                0x00008fda                nbr_table_lock
 .text.nbr_table_unlock
                0x00008fea       0x10 contiki-sky.a(nbr-table.o)
                0x00008fea                nbr_table_unlock
 .text.nbr_table_get_lladdr
                0x00008ffa        0xc contiki-sky.a(nbr-table.o)
                0x00008ffa                nbr_table_get_lladdr
 .text.packetbuf_copyto_hdr
                0x00009006       0x1c contiki-sky.a(packetbuf.o)
                0x00009006                packetbuf_copyto_hdr
 .text.packetbuf_copyto
                0x00009022       0x52 contiki-sky.a(packetbuf.o)
                0x00009022                packetbuf_copyto
 .text.packetbuf_hdr_remove
                0x00009074        0x6 contiki-sky.a(packetbuf.o)
                0x00009074                packetbuf_hdr_remove
 .text.packetbuf_hdrreduce
                0x0000907a       0x1a contiki-sky.a(packetbuf.o)
                0x0000907a                packetbuf_hdrreduce
 .text.packetbuf_set_datalen
                0x00009094        0x6 contiki-sky.a(packetbuf.o)
                0x00009094                packetbuf_set_datalen
 .text.packetbuf_dataptr
                0x0000909a        0xa contiki-sky.a(packetbuf.o)
                0x0000909a                packetbuf_dataptr
 .text.packetbuf_hdrptr
                0x000090a4        0xa contiki-sky.a(packetbuf.o)
                0x000090a4                packetbuf_hdrptr
 .text.packetbuf_is_reference
                0x000090ae        0xe contiki-sky.a(packetbuf.o)
                0x000090ae                packetbuf_is_reference
 .text.packetbuf_compact
                0x000090bc       0x48 contiki-sky.a(packetbuf.o)
                0x000090bc                packetbuf_compact
 .text.packetbuf_reference_ptr
                0x00009104        0x6 contiki-sky.a(packetbuf.o)
                0x00009104                packetbuf_reference_ptr
 .text.packetbuf_datalen
                0x0000910a        0x6 contiki-sky.a(packetbuf.o)
                0x0000910a                packetbuf_datalen
 .text.packetbuf_totlen
                0x00009110       0x10 contiki-sky.a(packetbuf.o)
                0x00009110                packetbuf_totlen
 .text.packetbuf_hdralloc
                0x00009120       0x2e contiki-sky.a(packetbuf.o)
                0x00009120                packetbuf_hdralloc
 .text.packetbuf_attr_clear
                0x0000914e       0x32 contiki-sky.a(packetbuf.o)
                0x0000914e                packetbuf_attr_clear
 .text.packetbuf_clear
                0x00009180       0x20 contiki-sky.a(packetbuf.o)
                0x00009180                packetbuf_clear
 .text.packetbuf_copyfrom
                0x000091a0       0x2e contiki-sky.a(packetbuf.o)
                0x000091a0                packetbuf_copyfrom
 .text.packetbuf_attr_copyto
                0x000091ce       0x22 contiki-sky.a(packetbuf.o)
                0x000091ce                packetbuf_attr_copyto
 .text.packetbuf_attr_copyfrom
                0x000091f0       0x24 contiki-sky.a(packetbuf.o)
                0x000091f0                packetbuf_attr_copyfrom
 .text.queuebuf_init
                0x00009214       0x1a contiki-sky.a(queuebuf.o)
                0x00009214                queuebuf_init
 .text.queuebuf_new_from_packetbuf
                0x0000922e       0x80 contiki-sky.a(queuebuf.o)
                0x0000922e                queuebuf_new_from_packetbuf
 .text.queuebuf_update_attr_from_packetbuf
                0x000092ae       0x12 contiki-sky.a(queuebuf.o)
                0x000092ae                queuebuf_update_attr_from_packetbuf
 .text.queuebuf_free
                0x000092c0       0x46 contiki-sky.a(queuebuf.o)
                0x000092c0                queuebuf_free
 .text.queuebuf_to_packetbuf
                0x00009306       0x70 contiki-sky.a(queuebuf.o)
                0x00009306                queuebuf_to_packetbuf
 .text.queuebuf_attr
                0x00009376        0xe contiki-sky.a(queuebuf.o)
                0x00009376                queuebuf_attr
 .text.set_packet_attrs
                0x00009384       0x44 contiki-sky.a(sicslowpan.o)
 .text.addr_context_lookup_by_number
                0x000093c8       0x36 contiki-sky.a(sicslowpan.o)
 .text.compress_addr_64
                0x000093fe       0x92 contiki-sky.a(sicslowpan.o)
 .text.uncompress_addr
                0x00009490       0xae contiki-sky.a(sicslowpan.o)
 .text.input    0x0000953e      0x646 contiki-sky.a(sicslowpan.o)
 .text.sicslowpan_init
                0x00009b84       0x26 contiki-sky.a(sicslowpan.o)
                0x00009b84                sicslowpan_init
 .text.addr_context_lookup_by_prefix
                0x00009baa       0x4c contiki-sky.a(sicslowpan.o)
 .text.send_packet
                0x00009bf6       0x1a contiki-sky.a(sicslowpan.o)
 .text.output   0x00009c10      0x6ea contiki-sky.a(sicslowpan.o)
 .text.packet_sent
                0x0000a2fa       0x22 contiki-sky.a(sicslowpan.o)
 .text.start_periodic_tcp_timer
                0x0000a31c       0x16 contiki-sky.a(tcpip.o)
 .text.tcpip_output
                0x0000a332       0x10 contiki-sky.a(tcpip.o)
                0x0000a332                tcpip_output
 .text.tcpip_set_outputfunc
                0x0000a342        0x6 contiki-sky.a(tcpip.o)
                0x0000a342                tcpip_set_outputfunc
 .text.udp_new  0x0000a348       0x1a contiki-sky.a(tcpip.o)
                0x0000a348                udp_new
 .text.tcpip_input
                0x0000a362       0x16 contiki-sky.a(tcpip.o)
                0x0000a362                tcpip_input
 .text.tcpip_ipv6_output
                0x0000a378      0x166 contiki-sky.a(tcpip.o)
                0x0000a378                tcpip_ipv6_output
 .text.process_thread_tcpip_process
                0x0000a4de      0x1d8 contiki-sky.a(tcpip.o)
 .text.tcpip_uipcall
                0x0000a6b6       0x7c contiki-sky.a(tcpip.o)
                0x0000a6b6                tcpip_uipcall
 .text.uip_debug_ipaddr_print
                0x0000a732       0x82 contiki-sky.a(uip-debug.o)
                0x0000a732                uip_debug_ipaddr_print
 .text.call_route_callback
                0x0000a7b4       0x54 contiki-sky.a(uip-ds6-route.o)
 .text.uip_ds6_route_init
                0x0000a808       0x2e contiki-sky.a(uip-ds6-route.o)
                0x0000a808                uip_ds6_route_init
 .text.uip_ds6_route_nexthop
                0x0000a836       0x16 contiki-sky.a(uip-ds6-route.o)
                0x0000a836                uip_ds6_route_nexthop
 .text.uip_ds6_route_head
                0x0000a84c       0x26 contiki-sky.a(uip-ds6-route.o)
                0x0000a84c                uip_ds6_route_head
 .text.uip_ds6_route_next
                0x0000a872       0x3a contiki-sky.a(uip-ds6-route.o)
                0x0000a872                uip_ds6_route_next
 .text.uip_ds6_route_lookup
                0x0000a8ac       0x5a contiki-sky.a(uip-ds6-route.o)
                0x0000a8ac                uip_ds6_route_lookup
 .text.uip_ds6_route_add
                0x0000a906       0xba contiki-sky.a(uip-ds6-route.o)
                0x0000a906                uip_ds6_route_add
 .text.uip_ds6_route_rm
                0x0000a9c0       0x60 contiki-sky.a(uip-ds6-route.o)
                0x0000a9c0                uip_ds6_route_rm
 .text.rm_routelist
                0x0000aa20       0x30 contiki-sky.a(uip-ds6-route.o)
 .text.rm_routelist_callback
                0x0000aa50        0x6 contiki-sky.a(uip-ds6-route.o)
 .text.uip_ds6_defrt_rm
                0x0000aa56       0x48 contiki-sky.a(uip-ds6-route.o)
                0x0000aa56                uip_ds6_defrt_rm
 .text.uip_ds6_defrt_lookup
                0x0000aa9e       0x36 contiki-sky.a(uip-ds6-route.o)
                0x0000aa9e                uip_ds6_defrt_lookup
 .text.uip_ds6_defrt_add
                0x0000aad4       0x74 contiki-sky.a(uip-ds6-route.o)
                0x0000aad4                uip_ds6_defrt_add
 .text.uip_ds6_defrt_choose
                0x0000ab48       0x3a contiki-sky.a(uip-ds6-route.o)
                0x0000ab48                uip_ds6_defrt_choose
 .text.uip_ds6_defrt_periodic
                0x0000ab82       0x38 contiki-sky.a(uip-ds6-route.o)
                0x0000ab82                uip_ds6_defrt_periodic
 .text.uip_ds6_nbr_rm
                0x0000abba       0x1a contiki-sky.a(uip-ds6-nbr.o)
                0x0000abba                uip_ds6_nbr_rm
 .text.uip_ds6_neighbors_init
                0x0000abd4        0xe contiki-sky.a(uip-ds6-nbr.o)
                0x0000abd4                uip_ds6_neighbors_init
 .text.uip_ds6_nbr_add
                0x0000abe2       0x60 contiki-sky.a(uip-ds6-nbr.o)
                0x0000abe2                uip_ds6_nbr_add
 .text.uip_ds6_nbr_get_ll
                0x0000ac42        0xc contiki-sky.a(uip-ds6-nbr.o)
                0x0000ac42                uip_ds6_nbr_get_ll
 .text.uip_ds6_nbr_lookup
                0x0000ac4e       0x40 contiki-sky.a(uip-ds6-nbr.o)
                0x0000ac4e                uip_ds6_nbr_lookup
 .text.uip_ds6_nbr_ll_lookup
                0x0000ac8e        0xc contiki-sky.a(uip-ds6-nbr.o)
                0x0000ac8e                uip_ds6_nbr_ll_lookup
 .text.uip_ds6_nbr_ipaddr_from_lladdr
                0x0000ac9a        0x6 contiki-sky.a(uip-ds6-nbr.o)
                0x0000ac9a                uip_ds6_nbr_ipaddr_from_lladdr
 .text.uip_ds6_nbr_lladdr_from_ipaddr
                0x0000aca0       0x10 contiki-sky.a(uip-ds6-nbr.o)
                0x0000aca0                uip_ds6_nbr_lladdr_from_ipaddr
 .text.uip_ds6_link_neighbor_callback
                0x0000acb0       0x2a contiki-sky.a(uip-ds6-nbr.o)
                0x0000acb0                uip_ds6_link_neighbor_callback
 .text.uip_ds6_neighbor_periodic
                0x0000acda      0x114 contiki-sky.a(uip-ds6-nbr.o)
                0x0000acda                uip_ds6_neighbor_periodic
 .text.uip_ds6_list_loop
                0x0000adee       0x82 contiki-sky.a(uip-ds6.o)
                0x0000adee                uip_ds6_list_loop
 .text.uip_ds6_prefix_add
                0x0000ae70       0x80 contiki-sky.a(uip-ds6.o)
                0x0000ae70                uip_ds6_prefix_add
 .text.uip_ds6_is_addr_onlink
                0x0000aef0       0x50 contiki-sky.a(uip-ds6.o)
                0x0000aef0                uip_ds6_is_addr_onlink
 .text.uip_ds6_addr_lookup
                0x0000af40       0x2a contiki-sky.a(uip-ds6.o)
                0x0000af40                uip_ds6_addr_lookup
 .text.uip_ds6_get_link_local
                0x0000af6a       0x3e contiki-sky.a(uip-ds6.o)
                0x0000af6a                uip_ds6_get_link_local
 .text.uip_ds6_maddr_add
                0x0000afa8       0x4c contiki-sky.a(uip-ds6.o)
                0x0000afa8                uip_ds6_maddr_add
 .text.uip_ds6_addr_add
                0x0000aff4       0xca contiki-sky.a(uip-ds6.o)
                0x0000aff4                uip_ds6_addr_add
 .text.uip_ds6_maddr_lookup
                0x0000b0be       0x2a contiki-sky.a(uip-ds6.o)
                0x0000b0be                uip_ds6_maddr_lookup
 .text.uip_ds6_addr_rm
                0x0000b0e8       0x54 contiki-sky.a(uip-ds6.o)
                0x0000b0e8                uip_ds6_addr_rm
 .text.uip_ds6_periodic
                0x0000b13c       0x4a contiki-sky.a(uip-ds6.o)
                0x0000b13c                uip_ds6_periodic
 .text.uip_ds6_set_addr_iid
                0x0000b186       0x14 contiki-sky.a(uip-ds6.o)
                0x0000b186                uip_ds6_set_addr_iid
 .text.get_match_length
                0x0000b19a       0x46 contiki-sky.a(uip-ds6.o)
                0x0000b19a                get_match_length
 .text.uip_ds6_select_src
                0x0000b1e0       0xaa contiki-sky.a(uip-ds6.o)
                0x0000b1e0                uip_ds6_select_src
 .text.uip_ds6_compute_reachable_time
                0x0000b28a       0x4a contiki-sky.a(uip-ds6.o)
                0x0000b28a                uip_ds6_compute_reachable_time
 .text.uip_ds6_init
                0x0000b2d4      0x15a contiki-sky.a(uip-ds6.o)
                0x0000b2d4                uip_ds6_init
 .text.uip_icmp6_echo_request_input
                0x0000b42e      0x122 contiki-sky.a(uip-icmp6.o)
                0x0000b42e                uip_icmp6_echo_request_input
 .text.uip_icmp6_error_output
                0x0000b550      0x16a contiki-sky.a(uip-icmp6.o)
                0x0000b550                uip_icmp6_error_output
 .text.uip_icmp6_send
                0x0000b6ba       0x94 contiki-sky.a(uip-icmp6.o)
                0x0000b6ba                uip_icmp6_send
 .text.create_llao
                0x0000b74e       0x2c contiki-sky.a(uip-nd6.o)
 .text.uip_nd6_ns_input
                0x0000b77a      0x236 contiki-sky.a(uip-nd6.o)
                0x0000b77a                uip_nd6_ns_input
 .text.uip_nd6_ns_output
                0x0000b9b0      0x16c contiki-sky.a(uip-nd6.o)
                0x0000b9b0                uip_nd6_ns_output
 .text.uip_nd6_na_input
                0x0000bb1c      0x1b8 contiki-sky.a(uip-nd6.o)
                0x0000bb1c                uip_nd6_na_input
 .text.chksum   0x0000bcd4       0x34 contiki-sky.a(uip6.o)
 .text.upper_layer_chksum
                0x0000bd08       0x54 contiki-sky.a(uip6.o)
 .text.ext_hdr_options_process
                0x0000bd5c       0xe0 contiki-sky.a(uip6.o)
 .text.uip_add32
                0x0000be3c       0x72 contiki-sky.a(uip6.o)
                0x0000be3c                uip_add32
 .text.uip_add_rcv_nxt
                0x0000beae       0x2e contiki-sky.a(uip6.o)
 .text.uip_icmp6chksum
                0x0000bedc        0xa contiki-sky.a(uip6.o)
                0x0000bedc                uip_icmp6chksum
 .text.uip_tcpchksum
                0x0000bee6        0xa contiki-sky.a(uip6.o)
                0x0000bee6                uip_tcpchksum
 .text.uip_udpchksum
                0x0000bef0        0xa contiki-sky.a(uip6.o)
                0x0000bef0                uip_udpchksum
 .text.uip_init
                0x0000befa       0x6c contiki-sky.a(uip6.o)
                0x0000befa                uip_init
 .text.remove_ext_hdr
                0x0000bf66       0x58 contiki-sky.a(uip6.o)
                0x0000bf66                remove_ext_hdr
 .text.uip_udp_new
                0x0000bfbe       0xee contiki-sky.a(uip6.o)
                0x0000bfbe                uip_udp_new
 .text.uip_unlisten
                0x0000c0ac       0x32 contiki-sky.a(uip6.o)
                0x0000c0ac                uip_unlisten
 .text.uip_process
                0x0000c0de      0xece contiki-sky.a(uip6.o)
                0x0000c0de                uip_process
 .text.uip_htonl
                0x0000cfac       0x3e contiki-sky.a(uip6.o)
                0x0000cfac                uip_htonl
 .text.init_platform
                0x0000cfea        0xc contiki-sky.a(contiki-sky-pla)
                0x0000cfea                init_platform
 .text.status   0x0000cff6       0x16 contiki-sky.a(button-sensor.o)
 .text.configure
                0x0000d00c       0x4a contiki-sky.a(button-sensor.o)
 .text.value    0x0000d056       0x26 contiki-sky.a(button-sensor.o)
 .text.irq_p2   0x0000d07c       0x92 contiki-sky.a(button-sensor.o)
                0x0000d07c                irq_p2
                0x0000d07c                __isr_1
 .text.crc8_add
                0x0000d10e       0x1a contiki-sky.a(ds2411.o)
 .text.owreadb  0x0000d128       0x56 contiki-sky.a(ds2411.o)
 .text.ds2411_init
                0x0000d17e      0x10a contiki-sky.a(ds2411.o)
                0x0000d17e                ds2411_init
 .text.wait_ready
                0x0000d288       0x4e contiki-sky.a(xmem.o)
 .text.xmem_init
                0x0000d2d6       0x3c contiki-sky.a(xmem.o)
                0x0000d2d6                xmem_init
 .text.xmem_pread
                0x0000d312       0xdc contiki-sky.a(xmem.o)
                0x0000d312                xmem_pread
 .text.node_id_restore
                0x0000d3ee       0x38 contiki-sky.a(node-id.o)
                0x0000d3ee                node_id_restore
 .text.get_sensor_index
                0x0000d426       0x22 contiki-sky.a(sensors.o)
 .text.process_thread_sensors_process
                0x0000d448       0xc2 contiki-sky.a(sensors.o)
 .text.sensors_changed
                0x0000d50a       0x14 contiki-sky.a(sensors.o)
                0x0000d50a                sensors_changed
 .text.strobe   0x0000d51e       0x1e contiki-sky.a(cc2420.o)
 .text.status   0x0000d53c       0x24 contiki-sky.a(cc2420.o)
 .text.getreg   0x0000d560       0x50 contiki-sky.a(cc2420.o)
 .text.setreg   0x0000d5b0       0x48 contiki-sky.a(cc2420.o)
 .text.set_txpower
                0x0000d5f8       0x2a contiki-sky.a(cc2420.o)
 .text.cc2420_receiving_packet
                0x0000d622       0x10 contiki-sky.a(cc2420.o)
 .text.pending_packet
                0x0000d632        0x8 contiki-sky.a(cc2420.o)
 .text.on       0x0000d63a       0x46 contiki-sky.a(cc2420.o)
 .text.flushrx  0x0000d680       0x74 contiki-sky.a(cc2420.o)
 .text.off      0x0000d6f4       0x78 contiki-sky.a(cc2420.o)
 .text.RELEASE_LOCK
                0x0000d76c       0x28 contiki-sky.a(cc2420.o)
 .text.cc2420_prepare
                0x0000d794       0x82 contiki-sky.a(cc2420.o)
 .text.cc2420_on
                0x0000d816       0x22 contiki-sky.a(cc2420.o)
                0x0000d816                cc2420_on
 .text.cc2420_off
                0x0000d838       0x30 contiki-sky.a(cc2420.o)
                0x0000d838                cc2420_off
 .text.cc2420_cca
                0x0000d868       0x7a contiki-sky.a(cc2420.o)
 .text.getrxdata
                0x0000d8e2       0x4e contiki-sky.a(cc2420.o)
 .text.cc2420_read
                0x0000d930       0xe6 contiki-sky.a(cc2420.o)
 .text.process_thread_cc2420_process
                0x0000da16       0x50 contiki-sky.a(cc2420.o)
 .text.cc2420_set_channel
                0x0000da66       0x7a contiki-sky.a(cc2420.o)
                0x0000da66                cc2420_set_channel
 .text.cc2420_set_pan_addr
                0x0000dae0      0x13a contiki-sky.a(cc2420.o)
                0x0000dae0                cc2420_set_pan_addr
 .text.cc2420_interrupt
                0x0000dc1a       0x20 contiki-sky.a(cc2420.o)
                0x0000dc1a                cc2420_interrupt
 .text.cc2420_get_txpower
                0x0000dc3a       0x1e contiki-sky.a(cc2420.o)
                0x0000dc3a                cc2420_get_txpower
 .text.cc2420_transmit
                0x0000dc58      0x1a4 contiki-sky.a(cc2420.o)
 .text.cc2420_send
                0x0000ddfc       0x12 contiki-sky.a(cc2420.o)
 .text.cc2420_set_cca_threshold
                0x0000de0e       0x16 contiki-sky.a(cc2420.o)
                0x0000de0e                cc2420_set_cca_threshold
 .text.cc2420_init
                0x0000de24       0xdc contiki-sky.a(cc2420.o)
                0x0000de24                cc2420_init
 .text.cc2420_port1_interrupt
                0x0000df00       0x6a contiki-sky.a(cc2420-arch.o)
                0x0000df00                __isr_4
                0x0000df00                cc2420_port1_interrupt
 .text.cc2420_arch_init
                0x0000df6a       0x1a contiki-sky.a(cc2420-arch.o)
                0x0000df6a                cc2420_arch_init
 .text.handle_rxdma_timer
                0x0000df84       0x42 contiki-sky.a(uart1.o)
 .text.uart1_active
                0x0000dfc6       0x18 contiki-sky.a(uart1.o)
                0x0000dfc6                uart1_active
 .text.uart1_set_input
                0x0000dfde       0x20 contiki-sky.a(uart1.o)
                0x0000dfde                uart1_set_input
 .text.uart1_writeb
                0x0000dffe       0x1a contiki-sky.a(uart1.o)
                0x0000dffe                uart1_writeb
 .text.uart1_init
                0x0000e018       0xee contiki-sky.a(uart1.o)
                0x0000e018                uart1_init
 .text.putchar  0x0000e106        0xe contiki-sky.a(uart1-putchar.o)
                0x0000e106                putchar
 .text.msp430_init_dco
                0x0000e114       0x74 contiki-sky.a(msp430.o)
                0x0000e114                msp430_init_dco
 .text.msp430_add_lpm_req
                0x0000e188        0xa contiki-sky.a(msp430.o)
                0x0000e188                msp430_add_lpm_req
 .text.msp430_cpu_init
                0x0000e192       0x2a contiki-sky.a(msp430.o)
                0x0000e192                msp430_cpu_init
 .text.splhigh_
                0x0000e1bc        0x8 contiki-sky.a(msp430.o)
                0x0000e1bc                splhigh_
 .text.msp430_sync_dco
                0x0000e1c4       0x60 contiki-sky.a(msp430.o)
                0x0000e1c4                msp430_sync_dco
 .text.timera1  0x0000e224       0xee contiki-sky.a(clock.o)
                0x0000e224                __isr_5
                0x0000e224                timera1
 .text.clock_time
                0x0000e312       0x1a contiki-sky.a(clock.o)
                0x0000e312                clock_time
 .text.clock_init
                0x0000e32c       0x28 contiki-sky.a(clock.o)
                0x0000e32c                clock_init
 .text.clock_delay
                0x0000e354        0xc contiki-sky.a(clock.o)
                0x0000e354                clock_delay
 .text.clock_seconds
                0x0000e360       0x1a contiki-sky.a(clock.o)
                0x0000e360                clock_seconds
 .text.show_leds
                0x0000e37a      0x10c contiki-sky.a(leds.o)
 .text.leds_init
                0x0000e486        0xe contiki-sky.a(leds.o)
                0x0000e486                leds_init
 .text.leds_on  0x0000e494       0x14 contiki-sky.a(leds.o)
                0x0000e494                leds_on
 .text.leds_off
                0x0000e4a8       0x14 contiki-sky.a(leds.o)
                0x0000e4a8                leds_off
 .text.leds_invert
                0x0000e4bc        0xa contiki-sky.a(leds.o)
                0x0000e4bc                leds_invert
 .text.leds_blink
                0x0000e4c6       0x26 contiki-sky.a(leds.o)
                0x0000e4c6                leds_blink
 .text.leds_arch_init
                0x0000e4ec        0xe contiki-sky.a(leds-arch.o)
                0x0000e4ec                leds_arch_init
 .text.leds_arch_set
                0x0000e4fa       0x3a contiki-sky.a(leds-arch.o)
                0x0000e4fa                leds_arch_set
 .text.watchdog_interrupt
                0x0000e534        0x6 contiki-sky.a(watchdog.o)
                0x0000e534                __isr_10
                0x0000e534                watchdog_interrupt
 .text.watchdog_start
                0x0000e53a       0x14 contiki-sky.a(watchdog.o)
                0x0000e53a                watchdog_start
 .text.watchdog_periodic
                0x0000e54e       0x12 contiki-sky.a(watchdog.o)
                0x0000e54e                watchdog_periodic
 .text.watchdog_stop
                0x0000e560       0x16 contiki-sky.a(watchdog.o)
                0x0000e560                watchdog_stop
 .text.watchdog_init
                0x0000e576       0x14 contiki-sky.a(watchdog.o)
                0x0000e576                watchdog_init
 .text.rtimer_arch_init
                0x0000e58a        0xe contiki-sky.a(rtimer-arch.o)
                0x0000e58a                rtimer_arch_init
 .text.rtimer_arch_now
                0x0000e598        0xe contiki-sky.a(rtimer-arch.o)
                0x0000e598                rtimer_arch_now
 .text.timera0  0x0000e5a6       0x76 contiki-sky.a(rtimer-arch.o)
                0x0000e5a6                __isr_6
                0x0000e5a6                timera0
 .text.rtimer_arch_schedule
                0x0000e61c        0x6 contiki-sky.a(rtimer-arch.o)
                0x0000e61c                rtimer_arch_schedule
 .text.mac_call_sent_callback
                0x0000e622       0x14 contiki-sky.a(mac.o)
                0x0000e622                mac_call_sent_callback
 .text.parse    0x0000e636       0xa8 contiki-sky.a(framer-802154.o)
 .text.create   0x0000e6de      0x10a contiki-sky.a(framer-802154.o)
 .text.rpl_purge_routes
                0x0000e7e8       0x96 contiki-sky.a(rpl.o)
                0x0000e7e8                rpl_purge_routes
 .text.rpl_remove_routes
                0x0000e87e       0x22 contiki-sky.a(rpl.o)
                0x0000e87e                rpl_remove_routes
 .text.rpl_remove_routes_by_nexthop
                0x0000e8a0       0x46 contiki-sky.a(rpl.o)
                0x0000e8a0                rpl_remove_routes_by_nexthop
 .text.rpl_add_route
                0x0000e8e6       0x46 contiki-sky.a(rpl.o)
                0x0000e8e6                rpl_add_route
 .text.rpl_link_neighbor_callback
                0x0000e92c       0x6a contiki-sky.a(rpl.o)
                0x0000e92c                rpl_link_neighbor_callback
 .text.rpl_ipv6_neighbor_callback
                0x0000e996       0x1e contiki-sky.a(rpl.o)
                0x0000e996                rpl_ipv6_neighbor_callback
 .text.rpl_init
                0x0000e9b4       0x40 contiki-sky.a(rpl.o)
                0x0000e9b4                rpl_init
 .text.rpl_verify_header
                0x0000e9f4       0xae contiki-sky.a(rpl-ext-header.)
                0x0000e9f4                rpl_verify_header
 .text.rpl_update_header_empty
                0x0000eaa2       0xf8 contiki-sky.a(rpl-ext-header.)
                0x0000eaa2                rpl_update_header_empty
 .text.rpl_update_header_final
                0x0000eb9a       0x84 contiki-sky.a(rpl-ext-header.)
                0x0000eb9a                rpl_update_header_final
 .text.rpl_invert_header
                0x0000ec1e       0x5c contiki-sky.a(rpl-ext-header.)
                0x0000ec1e                rpl_invert_header
 .text.rpl_insert_header
                0x0000ec7a       0x18 contiki-sky.a(rpl-ext-header.)
                0x0000ec7a                rpl_insert_header
 .text.spi_init
                0x0000ec92       0x32 contiki-sky.a(spi.o)
                0x0000ec92                spi_init
 .text.field_len
                0x0000ecc4       0x98 contiki-sky.a(frame802154.o)
 .text.frame802154_hdrlen
                0x0000ed5c       0x2e contiki-sky.a(frame802154.o)
                0x0000ed5c                frame802154_hdrlen
 .text.frame802154_create
                0x0000ed8a      0x16c contiki-sky.a(frame802154.o)
                0x0000ed8a                frame802154_create
 .text.frame802154_parse
                0x0000eef6      0x19e contiki-sky.a(frame802154.o)
                0x0000eef6                frame802154_parse
 .text.libgcc   0x0000f094       0x20 /usr/lib/gcc/msp430/4.5.3/mmpy-16/libgcc.a(_mulsi3.o)
                0x0000f094                __mulsi3
 .text.libgcc   0x0000f0b4       0x1c /usr/lib/gcc/msp430/4.5.3/mmpy-16/libgcc.a(_udivmodhi4.o)
                0x0000f0b4                __udivmodhi4
 .text.libgcc   0x0000f0d0       0x36 /usr/lib/gcc/msp430/4.5.3/mmpy-16/libgcc.a(_divmodhi4.o)
                0x0000f0d0                __divmodhi4
 .text.libgcc   0x0000f106       0x2a /usr/lib/gcc/msp430/4.5.3/mmpy-16/libgcc.a(_udivmodsi4.o)
                0x0000f106                __udivmodsi4
 .text.crt0     0x0000f130        0x2 /usr/lib/gcc/msp430/4.5.3/mmpy-16/libcrt0.a(_unexpected_.o)
                0x0000f130                _unexpected_

.rodata         0x0000f132        0x0
                0x0000f132                . = ALIGN (0x2)
 *(.rodata .rodata.* .gnu.linkonce.r.*)
                0x0000f132                . = ALIGN (0x2)
                0x0000f132                _etext = .

.data           0x00001100       0xde load address 0x0000f132
                0x00001100                . = ALIGN (0x2)
                0x00001100                PROVIDE (__data_start, .)
 *(.data)
 .data          0x00001100        0xa udp-sink.co
                0x00001100                udp_server_process
 .data          0x0000110a        0xc obj_sky/collect-common.o
                0x0000110a                collect_common_process
 .data          0x00001116       0x18 contiki-sky.a(csma.o)
 .data          0x0000112e       0x10 contiki-sky.a(phase.o)
 .data          0x0000113e        0x8 contiki-sky.a(rpl-dag.o)
 .data          0x00001146        0x1 contiki-sky.a(rpl-icmp6.o)
 *fill*         0x00001147        0x1 00
 .data          0x00001148        0xe contiki-sky.a(rpl-mrhof.o)
                0x00001148                rpl_mrhof
 .data          0x00001156        0xa contiki-sky.a(serial-line.o)
                0x00001156                serial_line_process
 .data          0x00001160        0xa contiki-sky.a(etimer.o)
                0x00001160                etimer_process
 .data          0x0000116a        0xa contiki-sky.a(ctimer.o)
                0x0000116a                ctimer_process
 .data          0x00001174        0x8 contiki-sky.a(nbr-table.o)
 .data          0x0000117c       0x18 contiki-sky.a(queuebuf.o)
 .data          0x00001194        0xa contiki-sky.a(tcpip.o)
                0x00001194                tcpip_process
 .data          0x0000119e       0x18 contiki-sky.a(uip-ds6-route.o)
 .data          0x000011b6        0xa contiki-sky.a(uip-ds6-nbr.o)
                0x000011b6                ds6_neighbors
 .data          0x000011c0        0x4 contiki-sky.a(contiki-sky-pla)
                0x000011c0                sensors
 .data          0x000011c4        0xa contiki-sky.a(sensors.o)
                0x000011c4                sensors_process
 .data          0x000011ce        0xa contiki-sky.a(cc2420.o)
                0x000011ce                cc2420_process
 .data          0x000011d8        0x2 contiki-sky.a(msp430.o)
 .data          0x000011da        0x4 /usr/lib/gcc/msp430/4.5.3/../../../../msp430/lib/mmpy-16/libc.a(rand.o)
 *(SORT(.data.*))
                0x000011de                . = ALIGN (0x2)
 *(.gnu.linkonce.d*)
                0x000011de                . = ALIGN (0x2)
                0x000011de                _edata = .
                0x0000f132                PROVIDE (__data_load_start, LOADADDR (.data))
                0x000000de                PROVIDE (__data_size, SIZEOF (.data))

.bss            0x000011de     0x1cfa load address 0x0000f210
                0x000011de                PROVIDE (__bss_start, .)
 *(.bss)
 .bss           0x000011de        0x2 udp-sink.co
 .bss           0x000011e0       0x1c obj_sky/collect-common.o
 .bss           0x000011fc        0xc obj_sky/contiki-sky-main.o
 .bss           0x00001208       0xc2 contiki-sky.a(csma.o)
 .bss           0x000012ca       0xd8 contiki-sky.a(contikimac.o)
 .bss           0x000013a2      0x1d8 contiki-sky.a(phase.o)
 .bss           0x0000157a       0xc8 contiki-sky.a(rpl-dag.o)
 .bss           0x00001642       0x18 contiki-sky.a(rpl-timers.o)
 .bss           0x0000165a       0x42 contiki-sky.a(process.o)
                0x0000165a                process_list
                0x0000165c                process_current
 .bss           0x0000169c        0x8 contiki-sky.a(compower.o)
 .bss           0x000016a4      0x10a contiki-sky.a(serial-line.o)
 .bss           0x000017ae        0x6 contiki-sky.a(etimer.o)
 .bss           0x000017b4        0x4 contiki-sky.a(ctimer.o)
 .bss           0x000017b8        0x2 contiki-sky.a(rtimer.o)
 .bss           0x000017ba      0x118 contiki-sky.a(nbr-table.o)
 .bss           0x000018d2       0xba contiki-sky.a(packetbuf.o)
 .bss           0x0000198c      0x71e contiki-sky.a(queuebuf.o)
 .bss           0x000020aa      0x122 contiki-sky.a(sicslowpan.o)
 .bss           0x000021cc       0x36 contiki-sky.a(tcpip.o)
 .bss           0x00002202      0x2fc contiki-sky.a(uip-ds6-route.o)
 .bss           0x000024fe      0x2d0 contiki-sky.a(uip-ds6-nbr.o)
 .bss           0x000027ce       0x18 contiki-sky.a(uip-ds6.o)
 .bss           0x000027e6       0x10 contiki-sky.a(uip-icmp6.o)
 .bss           0x000027f6        0xa contiki-sky.a(uip-nd6.o)
 .bss           0x00002800       0x10 contiki-sky.a(uip6.o)
                0x00002800                uip_ext_bitmap
                0x00002802                uip_ext_len
                0x00002804                uip_ext_opt_offset
 .bss           0x00002810        0x8 contiki-sky.a(button-sensor.o)
 .bss           0x00002818        0x2 contiki-sky.a(node-id.o)
                0x00002818                node_id
 .bss           0x0000281a        0x6 contiki-sky.a(sensors.o)
 .bss           0x00002820        0xa contiki-sky.a(cc2420.o)
 .bss           0x0000282a       0x9a contiki-sky.a(uart1.o)
 .bss           0x000028c4        0xa contiki-sky.a(clock.o)
 .bss           0x000028ce        0x2 contiki-sky.a(leds.o)
 .bss           0x000028d0        0x2 contiki-sky.a(watchdog.o)
 .bss           0x000028d2        0x2 contiki-sky.a(framer-802154.o)
 *(SORT(.bss.*))
 *(COMMON)
 COMMON         0x000028d4        0x8 contiki-sky.a(rimeaddr.o)
                0x000028d4                rimeaddr_node_addr
 COMMON         0x000028dc       0xbe contiki-sky.a(rpl-dag.o)
                0x000028dc                default_instance
                0x000028de                instance_table
 COMMON         0x0000299a        0x1 contiki-sky.a(process.o)
                0x0000299a                process_maxevents
 *fill*         0x0000299b        0x1 00
 COMMON         0x0000299c        0x8 contiki-sky.a(compower.o)
                0x0000299c                compower_idle_activity
 COMMON         0x000029a4        0x1 contiki-sky.a(serial-line.o)
                0x000029a4                serial_line_event_message
 *fill*         0x000029a5        0x1 00
 COMMON         0x000029a6       0x56 contiki-sky.a(energest.o)
                0x000029a6                energest_total_time
                0x000029d6                energest_total_count
                0x000029d8                energest_current_mode
                0x000029e4                energest_current_time
 COMMON         0x000029fc       0x50 contiki-sky.a(packetbuf.o)
                0x000029fc                packetbuf_addrs
                0x00002a1c                packetbuf_attrs
 COMMON         0x00002a4c        0x8 contiki-sky.a(sicslowpan.o)
                0x00002a4c                frag_sender
 COMMON         0x00002a54        0x1 contiki-sky.a(tcpip.o)
                0x00002a54                tcpip_event
 *fill*         0x00002a55        0x1 00
 COMMON         0x00002a56      0x15c contiki-sky.a(uip-ds6.o)
                0x00002a56                uip_ds6_timer_ra
                0x00002a5e                uip_ds6_if
                0x00002b4a                uip_ds6_netif_addr_list_offset
                0x00002b4b                uip_ds6_addr_size
                0x00002b4c                uip_ds6_prefix_list
                0x00002ba6                uip_ds6_timer_periodic
 COMMON         0x00002bb2      0x304 contiki-sky.a(uip6.o)
                0x00002bb2                uip_len
                0x00002bb4                uip_sappdata
                0x00002bb6                uip_acc32
                0x00002bba                uip_lladdr
                0x00002bc2                uip_aligned_buf
                0x00002cb2                uip_flags
                0x00002cb4                uip_next_hdr
                0x00002cb6                uip_udp_conn
                0x00002cb8                uip_appdata
                0x00002cba                uip_conn
                0x00002cbc                uip_conns
                0x00002d6c                uip_listenports
                0x00002d7c                uip_slen
                0x00002d7e                uip_udp_conns
 COMMON         0x00002eb6        0x2 contiki-sky.a(contiki-sky-pla)
                0x00002eb6                sensors_flags
 COMMON         0x00002eb8        0x8 contiki-sky.a(ds2411.o)
                0x00002eb8                ds2411_id
 COMMON         0x00002ec0        0x1 contiki-sky.a(sensors.o)
                0x00002ec0                sensors_event
 *fill*         0x00002ec1        0x1 00
 COMMON         0x00002ec2       0x14 contiki-sky.a(cc2420.o)
                0x00002ec2                cc2420_last_rssi
                0x00002ec4                cc2420_packets_read
                0x00002ec6                cc2420_packets_seen
                0x00002ec8                cc2420_sfd_start_time
                0x00002eca                cc2420_time_of_departure
                0x00002ecc                cc2420_time_of_arrival
                0x00002ece                cc2420_last_correlation
                0x00002ed0                cc2420_authority_level_of_sender
                0x00002ed2                cc2420_sfd_counter
                0x00002ed4                cc2420_sfd_end_time
 COMMON         0x00002ed6        0x2 contiki-sky.a(msp430.o)
                0x00002ed6                msp430_dco_required
                0x00002ed8                PROVIDE (__bss_end, .)
                0x00002ed8                _end = .
                0x00001cfa                PROVIDE (__bss_size, SIZEOF (.bss))

.noinit         0x00002ed8        0x0 load address 0x0000f210
                0x00002ed8                PROVIDE (__noinit_start, .)
 *(.noinit)
 *(.noinit.*)
 *(COMMON)
                0x00002ed8                PROVIDE (__noinit_end, .)
                0x00002ed8                _end = .

.infomem        0x00001000        0x0
 *(.infomem)
                0x00001000                . = ALIGN (0x2)
 *(.infomem.*)

.infomemnobits  0x00001000        0x0
                0x00001000                . = ALIGN (0x2)
 *(.infomemnobits)
                0x00001000                . = ALIGN (0x2)
 *(.infomemnobits.*)

.vectors        0x0000ffe0       0x20
                0x0000ffe0                PROVIDE (__vectors_start, .)
 *(.vectors*)
 .vectors       0x0000ffe0       0x20 /usr/lib/gcc/msp430/4.5.3/mmpy-16/crt0ivtbl16.o
                0x0000ffe0                __ivtbl_16
                0x00010000                _vectors_end = .

.fartext        0x00000000        0x0
                0x00000000                . = ALIGN (0x2)
 *(.fartext)
                0x00000000                . = ALIGN (0x2)
 *(.fartext.*)
                0x00000000                _efartext = .

.profiler
 *(.profiler)

.stab
 *(.stab)

.stabstr
 *(.stabstr)

.stab.excl
 *(.stab.excl)

.stab.exclstr
 *(.stab.exclstr)

.stab.index
 *(.stab.index)

.stab.indexstr
 *(.stab.indexstr)

.comment
 *(.comment)

.debug
 *(.debug)

.line
 *(.line)

.debug_srcinfo
 *(.debug_srcinfo)

.debug_sfnames
 *(.debug_sfnames)

.debug_aranges  0x00000000      0x17c
 *(.debug_aranges)
 .debug_aranges
                0x00000000       0x14 /usr/lib/gcc/msp430/4.5.3/mmpy-16/libgcc.a(_mulsi3.o)
 .debug_aranges
                0x00000014       0x14 /usr/lib/gcc/msp430/4.5.3/mmpy-16/libgcc.a(_udivmodhi4.o)
 .debug_aranges
                0x00000028       0x14 /usr/lib/gcc/msp430/4.5.3/mmpy-16/libgcc.a(_divmodhi4.o)
 .debug_aranges
                0x0000003c       0x14 /usr/lib/gcc/msp430/4.5.3/mmpy-16/libgcc.a(_udivmodsi4.o)
 .debug_aranges
                0x00000050       0x14 /usr/lib/gcc/msp430/4.5.3/../../../../msp430/lib/mmpy-16/libc.a(strncmp.o)
 .debug_aranges
                0x00000064       0x14 /usr/lib/gcc/msp430/4.5.3/../../../../msp430/lib/mmpy-16/libc.a(memcmp.o)
 .debug_aranges
                0x00000078       0x14 /usr/lib/gcc/msp430/4.5.3/../../../../msp430/lib/mmpy-16/libc.a(memcpy.o)
 .debug_aranges
                0x0000008c       0x14 /usr/lib/gcc/msp430/4.5.3/../../../../msp430/lib/mmpy-16/libc.a(memmove.o)
 .debug_aranges
                0x000000a0       0x14 /usr/lib/gcc/msp430/4.5.3/../../../../msp430/lib/mmpy-16/libc.a(memset.o)
 .debug_aranges
                0x000000b4       0x14 /usr/lib/gcc/msp430/4.5.3/../../../../msp430/lib/mmpy-16/libc.a(printf.o)
 .debug_aranges
                0x000000c8       0x14 /usr/lib/gcc/msp430/4.5.3/../../../../msp430/lib/mmpy-16/libc.a(vuprintf.o)
 .debug_aranges
                0x000000dc       0x14 /usr/lib/gcc/msp430/4.5.3/../../../../msp430/lib/mmpy-16/libc.a(puts.o)
 .debug_aranges
                0x000000f0       0x14 /usr/lib/gcc/msp430/4.5.3/../../../../msp430/lib/mmpy-16/libc.a(rand.o)
 .debug_aranges
                0x00000104       0x14 /usr/lib/gcc/msp430/4.5.3/mmpy-16/libcrt0.a(__init_stack.o)
 .debug_aranges
                0x00000118       0x14 /usr/lib/gcc/msp430/4.5.3/mmpy-16/libcrt0.a(__low_level_init.o)
 .debug_aranges
                0x0000012c       0x14 /usr/lib/gcc/msp430/4.5.3/mmpy-16/libcrt0.a(_copy_data.o)
 .debug_aranges
                0x00000140       0x14 /usr/lib/gcc/msp430/4.5.3/mmpy-16/libcrt0.a(_clear_bss.o)
 .debug_aranges
                0x00000154       0x14 /usr/lib/gcc/msp430/4.5.3/mmpy-16/libcrt0.a(_endless_loop__.o)
 .debug_aranges
                0x00000168       0x14 /usr/lib/gcc/msp430/4.5.3/mmpy-16/libcrt0.a(_unexpected_.o)

.debug_pubnames
                0x00000000      0x126
 *(.debug_pubnames)
 .debug_pubnames
                0x00000000       0x1e /usr/lib/gcc/msp430/4.5.3/../../../../msp430/lib/mmpy-16/libc.a(strncmp.o)
 .debug_pubnames
                0x0000001e       0x1d /usr/lib/gcc/msp430/4.5.3/../../../../msp430/lib/mmpy-16/libc.a(memcmp.o)
 .debug_pubnames
                0x0000003b       0x1d /usr/lib/gcc/msp430/4.5.3/../../../../msp430/lib/mmpy-16/libc.a(memcpy.o)
 .debug_pubnames
                0x00000058       0x1e /usr/lib/gcc/msp430/4.5.3/../../../../msp430/lib/mmpy-16/libc.a(memmove.o)
 .debug_pubnames
                0x00000076       0x1d /usr/lib/gcc/msp430/4.5.3/../../../../msp430/lib/mmpy-16/libc.a(memset.o)
 .debug_pubnames
                0x00000093       0x29 /usr/lib/gcc/msp430/4.5.3/../../../../msp430/lib/mmpy-16/libc.a(printf.o)
 .debug_pubnames
                0x000000bc       0x1f /usr/lib/gcc/msp430/4.5.3/../../../../msp430/lib/mmpy-16/libc.a(vuprintf.o)
 .debug_pubnames
                0x000000db       0x1b /usr/lib/gcc/msp430/4.5.3/../../../../msp430/lib/mmpy-16/libc.a(puts.o)
 .debug_pubnames
                0x000000f6       0x30 /usr/lib/gcc/msp430/4.5.3/../../../../msp430/lib/mmpy-16/libc.a(rand.o)

.debug_info     0x00000000     0x12fa
 *(.debug_info)
 .debug_info    0x00000000       0xd7 /usr/lib/gcc/msp430/4.5.3/mmpy-16/libgcc.a(_mulsi3.o)
 .debug_info    0x000000d7       0xd7 /usr/lib/gcc/msp430/4.5.3/mmpy-16/libgcc.a(_udivmodhi4.o)
 .debug_info    0x000001ae       0xd7 /usr/lib/gcc/msp430/4.5.3/mmpy-16/libgcc.a(_divmodhi4.o)
 .debug_info    0x00000285       0xd7 /usr/lib/gcc/msp430/4.5.3/mmpy-16/libgcc.a(_udivmodsi4.o)
 .debug_info    0x0000035c       0xbd /usr/lib/gcc/msp430/4.5.3/../../../../msp430/lib/mmpy-16/libc.a(strncmp.o)
 .debug_info    0x00000419       0xe2 /usr/lib/gcc/msp430/4.5.3/../../../../msp430/lib/mmpy-16/libc.a(memcmp.o)
 .debug_info    0x000004fb      0x113 /usr/lib/gcc/msp430/4.5.3/../../../../msp430/lib/mmpy-16/libc.a(memcpy.o)
 .debug_info    0x0000060e      0x113 /usr/lib/gcc/msp430/4.5.3/../../../../msp430/lib/mmpy-16/libc.a(memmove.o)
 .debug_info    0x00000721       0xfe /usr/lib/gcc/msp430/4.5.3/../../../../msp430/lib/mmpy-16/libc.a(memset.o)
 .debug_info    0x0000081f      0x103 /usr/lib/gcc/msp430/4.5.3/../../../../msp430/lib/mmpy-16/libc.a(printf.o)
 .debug_info    0x00000922      0x3b5 /usr/lib/gcc/msp430/4.5.3/../../../../msp430/lib/mmpy-16/libc.a(vuprintf.o)
 .debug_info    0x00000cd7       0x96 /usr/lib/gcc/msp430/4.5.3/../../../../msp430/lib/mmpy-16/libc.a(puts.o)
 .debug_info    0x00000d6d      0x137 /usr/lib/gcc/msp430/4.5.3/../../../../msp430/lib/mmpy-16/libc.a(rand.o)
 .debug_info    0x00000ea4       0xb9 /usr/lib/gcc/msp430/4.5.3/mmpy-16/libcrt0.a(__init_stack.o)
 .debug_info    0x00000f5d       0xb9 /usr/lib/gcc/msp430/4.5.3/mmpy-16/libcrt0.a(__low_level_init.o)
 .debug_info    0x00001016       0xb9 /usr/lib/gcc/msp430/4.5.3/mmpy-16/libcrt0.a(_copy_data.o)
 .debug_info    0x000010cf       0xb9 /usr/lib/gcc/msp430/4.5.3/mmpy-16/libcrt0.a(_clear_bss.o)
 .debug_info    0x00001188       0xb9 /usr/lib/gcc/msp430/4.5.3/mmpy-16/libcrt0.a(_endless_loop__.o)
 .debug_info    0x00001241       0xb9 /usr/lib/gcc/msp430/4.5.3/mmpy-16/libcrt0.a(_unexpected_.o)
 *(.gnu.linkonce.wi.*)

.debug_abbrev   0x00000000      0x74f
 *(.debug_abbrev)
 .debug_abbrev  0x00000000       0x14 /usr/lib/gcc/msp430/4.5.3/mmpy-16/libgcc.a(_mulsi3.o)
 .debug_abbrev  0x00000014       0x14 /usr/lib/gcc/msp430/4.5.3/mmpy-16/libgcc.a(_udivmodhi4.o)
 .debug_abbrev  0x00000028       0x14 /usr/lib/gcc/msp430/4.5.3/mmpy-16/libgcc.a(_divmodhi4.o)
 .debug_abbrev  0x0000003c       0x14 /usr/lib/gcc/msp430/4.5.3/mmpy-16/libgcc.a(_udivmodsi4.o)
 .debug_abbrev  0x00000050       0x6d /usr/lib/gcc/msp430/4.5.3/../../../../msp430/lib/mmpy-16/libc.a(strncmp.o)
 .debug_abbrev  0x000000bd       0x8a /usr/lib/gcc/msp430/4.5.3/../../../../msp430/lib/mmpy-16/libc.a(memcmp.o)
 .debug_abbrev  0x00000147       0x97 /usr/lib/gcc/msp430/4.5.3/../../../../msp430/lib/mmpy-16/libc.a(memcpy.o)
 .debug_abbrev  0x000001de       0x97 /usr/lib/gcc/msp430/4.5.3/../../../../msp430/lib/mmpy-16/libc.a(memmove.o)
 .debug_abbrev  0x00000275       0x8d /usr/lib/gcc/msp430/4.5.3/../../../../msp430/lib/mmpy-16/libc.a(memset.o)
 .debug_abbrev  0x00000302       0xce /usr/lib/gcc/msp430/4.5.3/../../../../msp430/lib/mmpy-16/libc.a(printf.o)
 .debug_abbrev  0x000003d0      0x1cb /usr/lib/gcc/msp430/4.5.3/../../../../msp430/lib/mmpy-16/libc.a(vuprintf.o)
 .debug_abbrev  0x0000059b       0x60 /usr/lib/gcc/msp430/4.5.3/../../../../msp430/lib/mmpy-16/libc.a(puts.o)
 .debug_abbrev  0x000005fb       0xdc /usr/lib/gcc/msp430/4.5.3/../../../../msp430/lib/mmpy-16/libc.a(rand.o)
 .debug_abbrev  0x000006d7       0x14 /usr/lib/gcc/msp430/4.5.3/mmpy-16/libcrt0.a(__init_stack.o)
 .debug_abbrev  0x000006eb       0x14 /usr/lib/gcc/msp430/4.5.3/mmpy-16/libcrt0.a(__low_level_init.o)
 .debug_abbrev  0x000006ff       0x14 /usr/lib/gcc/msp430/4.5.3/mmpy-16/libcrt0.a(_copy_data.o)
 .debug_abbrev  0x00000713       0x14 /usr/lib/gcc/msp430/4.5.3/mmpy-16/libcrt0.a(_clear_bss.o)
 .debug_abbrev  0x00000727       0x14 /usr/lib/gcc/msp430/4.5.3/mmpy-16/libcrt0.a(_endless_loop__.o)
 .debug_abbrev  0x0000073b       0x14 /usr/lib/gcc/msp430/4.5.3/mmpy-16/libcrt0.a(_unexpected_.o)

.debug_line     0x00000000      0xbd6
 *(.debug_line)
 .debug_line    0x00000000       0x9d /usr/lib/gcc/msp430/4.5.3/mmpy-16/libgcc.a(_mulsi3.o)
 .debug_line    0x0000009d       0x9a /usr/lib/gcc/msp430/4.5.3/mmpy-16/libgcc.a(_udivmodhi4.o)
 .debug_line    0x00000137       0xa5 /usr/lib/gcc/msp430/4.5.3/mmpy-16/libgcc.a(_divmodhi4.o)
 .debug_line    0x000001dc       0xa1 /usr/lib/gcc/msp430/4.5.3/mmpy-16/libgcc.a(_udivmodsi4.o)
 .debug_line    0x0000027d       0x76 /usr/lib/gcc/msp430/4.5.3/../../../../msp430/lib/mmpy-16/libc.a(strncmp.o)
 .debug_line    0x000002f3       0x7c /usr/lib/gcc/msp430/4.5.3/../../../../msp430/lib/mmpy-16/libc.a(memcmp.o)
 .debug_line    0x0000036f       0xf3 /usr/lib/gcc/msp430/4.5.3/../../../../msp430/lib/mmpy-16/libc.a(memcpy.o)
 .debug_line    0x00000462       0xf3 /usr/lib/gcc/msp430/4.5.3/../../../../msp430/lib/mmpy-16/libc.a(memmove.o)
 .debug_line    0x00000555       0xbd /usr/lib/gcc/msp430/4.5.3/../../../../msp430/lib/mmpy-16/libc.a(memset.o)
 .debug_line    0x00000612       0x72 /usr/lib/gcc/msp430/4.5.3/../../../../msp430/lib/mmpy-16/libc.a(printf.o)
 .debug_line    0x00000684      0x198 /usr/lib/gcc/msp430/4.5.3/../../../../msp430/lib/mmpy-16/libc.a(vuprintf.o)
 .debug_line    0x0000081c       0x4d /usr/lib/gcc/msp430/4.5.3/../../../../msp430/lib/mmpy-16/libc.a(puts.o)
 .debug_line    0x00000869       0x52 /usr/lib/gcc/msp430/4.5.3/../../../../msp430/lib/mmpy-16/libc.a(rand.o)
 .debug_line    0x000008bb       0x82 /usr/lib/gcc/msp430/4.5.3/mmpy-16/libcrt0.a(__init_stack.o)
 .debug_line    0x0000093d       0x84 /usr/lib/gcc/msp430/4.5.3/mmpy-16/libcrt0.a(__low_level_init.o)
 .debug_line    0x000009c1       0x88 /usr/lib/gcc/msp430/4.5.3/mmpy-16/libcrt0.a(_copy_data.o)
 .debug_line    0x00000a49       0x88 /usr/lib/gcc/msp430/4.5.3/mmpy-16/libcrt0.a(_clear_bss.o)
 .debug_line    0x00000ad1       0x83 /usr/lib/gcc/msp430/4.5.3/mmpy-16/libcrt0.a(_endless_loop__.o)
 .debug_line    0x00000b54       0x82 /usr/lib/gcc/msp430/4.5.3/mmpy-16/libcrt0.a(_unexpected_.o)

.debug_frame    0x00000000      0x202
 *(.debug_frame)
 .debug_frame   0x00000000       0x24 /usr/lib/gcc/msp430/4.5.3/../../../../msp430/lib/mmpy-16/libc.a(strncmp.o)
 .debug_frame   0x00000024       0x28 /usr/lib/gcc/msp430/4.5.3/../../../../msp430/lib/mmpy-16/libc.a(memcmp.o)
 .debug_frame   0x0000004c       0x32 /usr/lib/gcc/msp430/4.5.3/../../../../msp430/lib/mmpy-16/libc.a(memcpy.o)
 .debug_frame   0x0000007e       0x32 /usr/lib/gcc/msp430/4.5.3/../../../../msp430/lib/mmpy-16/libc.a(memmove.o)
 .debug_frame   0x000000b0       0x32 /usr/lib/gcc/msp430/4.5.3/../../../../msp430/lib/mmpy-16/libc.a(memset.o)
 .debug_frame   0x000000e2       0x2a /usr/lib/gcc/msp430/4.5.3/../../../../msp430/lib/mmpy-16/libc.a(printf.o)
 .debug_frame   0x0000010c       0x82 /usr/lib/gcc/msp430/4.5.3/../../../../msp430/lib/mmpy-16/libc.a(vuprintf.o)
 .debug_frame   0x0000018e       0x24 /usr/lib/gcc/msp430/4.5.3/../../../../msp430/lib/mmpy-16/libc.a(puts.o)
 .debug_frame   0x000001b2       0x50 /usr/lib/gcc/msp430/4.5.3/../../../../msp430/lib/mmpy-16/libc.a(rand.o)

.debug_str      0x00000000      0x317
 *(.debug_str)
 .debug_str     0x00000000       0x9b /usr/lib/gcc/msp430/4.5.3/../../../../msp430/lib/mmpy-16/libc.a(strncmp.o)
                                 0xd4 (size before relaxing)
 .debug_str     0x0000009b       0x19 /usr/lib/gcc/msp430/4.5.3/../../../../msp430/lib/mmpy-16/libc.a(memcmp.o)
                                 0xd2 (size before relaxing)
 .debug_str     0x000000b4       0x34 /usr/lib/gcc/msp430/4.5.3/../../../../msp430/lib/mmpy-16/libc.a(memcpy.o)
                                 0xed (size before relaxing)
 .debug_str     0x000000e8       0x1b /usr/lib/gcc/msp430/4.5.3/../../../../msp430/lib/mmpy-16/libc.a(memmove.o)
                                 0xef (size before relaxing)
 .debug_str     0x00000103       0x26 /usr/lib/gcc/msp430/4.5.3/../../../../msp430/lib/mmpy-16/libc.a(memset.o)
                                 0xeb (size before relaxing)
 .debug_str     0x00000129       0x40 /usr/lib/gcc/msp430/4.5.3/../../../../msp430/lib/mmpy-16/libc.a(printf.o)
                                0x101 (size before relaxing)
 .debug_str     0x00000169      0x16a /usr/lib/gcc/msp430/4.5.3/../../../../msp430/lib/mmpy-16/libc.a(vuprintf.o)
                                0x25d (size before relaxing)
 .debug_str     0x000002d3       0x15 /usr/lib/gcc/msp430/4.5.3/../../../../msp430/lib/mmpy-16/libc.a(puts.o)
                                 0xc7 (size before relaxing)
 .debug_str     0x000002e8       0x2f /usr/lib/gcc/msp430/4.5.3/../../../../msp430/lib/mmpy-16/libc.a(rand.o)
                                 0xe6 (size before relaxing)

.debug_loc      0x00000000      0xa92
 *(.debug_loc)
 .debug_loc     0x00000000       0x63 /usr/lib/gcc/msp430/4.5.3/../../../../msp430/lib/mmpy-16/libc.a(strncmp.o)
 .debug_loc     0x00000063       0x59 /usr/lib/gcc/msp430/4.5.3/../../../../msp430/lib/mmpy-16/libc.a(memcmp.o)
 .debug_loc     0x000000bc      0x1d6 /usr/lib/gcc/msp430/4.5.3/../../../../msp430/lib/mmpy-16/libc.a(memcpy.o)
 .debug_loc     0x00000292      0x1d6 /usr/lib/gcc/msp430/4.5.3/../../../../msp430/lib/mmpy-16/libc.a(memmove.o)
 .debug_loc     0x00000468       0xeb /usr/lib/gcc/msp430/4.5.3/../../../../msp430/lib/mmpy-16/libc.a(memset.o)
 .debug_loc     0x00000553       0x24 /usr/lib/gcc/msp430/4.5.3/../../../../msp430/lib/mmpy-16/libc.a(printf.o)
 .debug_loc     0x00000577      0x49c /usr/lib/gcc/msp430/4.5.3/../../../../msp430/lib/mmpy-16/libc.a(vuprintf.o)
 .debug_loc     0x00000a13       0x2d /usr/lib/gcc/msp430/4.5.3/../../../../msp430/lib/mmpy-16/libc.a(puts.o)
 .debug_loc     0x00000a40       0x52 /usr/lib/gcc/msp430/4.5.3/../../../../msp430/lib/mmpy-16/libc.a(rand.o)

.debug_macinfo
 *(.debug_macinfo)

.debug_pubtypes
                0x00000000      0x163
 *(.debug_pubtypes)
 .debug_pubtypes
                0x00000000       0x1d /usr/lib/gcc/msp430/4.5.3/../../../../msp430/lib/mmpy-16/libc.a(strncmp.o)
 .debug_pubtypes
                0x0000001d       0x1d /usr/lib/gcc/msp430/4.5.3/../../../../msp430/lib/mmpy-16/libc.a(memcmp.o)
 .debug_pubtypes
                0x0000003a       0x26 /usr/lib/gcc/msp430/4.5.3/../../../../msp430/lib/mmpy-16/libc.a(memcpy.o)
 .debug_pubtypes
                0x00000060       0x26 /usr/lib/gcc/msp430/4.5.3/../../../../msp430/lib/mmpy-16/libc.a(memmove.o)
 .debug_pubtypes
                0x00000086       0x32 /usr/lib/gcc/msp430/4.5.3/../../../../msp430/lib/mmpy-16/libc.a(memset.o)
 .debug_pubtypes
                0x000000b8       0x31 /usr/lib/gcc/msp430/4.5.3/../../../../msp430/lib/mmpy-16/libc.a(printf.o)
 .debug_pubtypes
                0x000000e9       0x56 /usr/lib/gcc/msp430/4.5.3/../../../../msp430/lib/mmpy-16/libc.a(vuprintf.o)
 .debug_pubtypes
                0x0000013f       0x12 /usr/lib/gcc/msp430/4.5.3/../../../../msp430/lib/mmpy-16/libc.a(puts.o)
 .debug_pubtypes
                0x00000151       0x12 /usr/lib/gcc/msp430/4.5.3/../../../../msp430/lib/mmpy-16/libc.a(rand.o)

.debug_ranges   0x00000000        0xc
 *(.debug_ranges)
 .debug_ranges  0x00000000        0xc /usr/lib/gcc/msp430/4.5.3/../../../../msp430/lib/mmpy-16/libc.a(vuprintf.o)
                0x00003900                PROVIDE (__stack, (ORIGIN (ram) + 0x2800))
                0x0000f132                PROVIDE (__data_start_rom, _etext)
                0x0000f210                PROVIDE (__data_end_rom, (_etext + SIZEOF (.data)))
OUTPUT(udp-sink.sky elf32-msp430)
